Reading timing models for corner nom_typ_1p20V_25C…
Reading timing library for the 'nom_typ_1p20V_25C' corner at '/home/fawad/.ciel/ciel/ihp-sg13g2/versions/cb7daaa8901016cf7c5d272dfa322c41f024931f/ihp-sg13g2/libs.ref/sg13g2_stdcell/lib/sg13g2_stdcell_typ_1p20V_25C.lib'…
Reading technology LEF file at '/home/fawad/.ciel/ciel/ihp-sg13g2/versions/cb7daaa8901016cf7c5d272dfa322c41f024931f/ihp-sg13g2/libs.ref/sg13g2_stdcell/lef/sg13g2_tech.lef'…
[INFO ODB-0227] LEF file: /home/fawad/.ciel/ciel/ihp-sg13g2/versions/cb7daaa8901016cf7c5d272dfa322c41f024931f/ihp-sg13g2/libs.ref/sg13g2_stdcell/lef/sg13g2_tech.lef, created 19 layers, 70 vias
Reading cell LEF file at '/home/fawad/.ciel/ciel/ihp-sg13g2/versions/cb7daaa8901016cf7c5d272dfa322c41f024931f/ihp-sg13g2/libs.ref/sg13g2_stdcell/lef/sg13g2_stdcell.lef'…
[INFO ODB-0227] LEF file: /home/fawad/.ciel/ciel/ihp-sg13g2/versions/cb7daaa8901016cf7c5d272dfa322c41f024931f/ihp-sg13g2/libs.ref/sg13g2_stdcell/lef/sg13g2_stdcell.lef, created 84 library cells
Reading macro LEF file at '/home/fawad/matrixMul/Matrix_Multiplier/macros/RM_IHPSG13_1P_512x32_c2_bm_bist.lef'…
[INFO ODB-0227] LEF file: /home/fawad/matrixMul/Matrix_Multiplier/macros/RM_IHPSG13_1P_512x32_c2_bm_bist.lef, created 1 library cells
Reading top-level netlist at '/home/fawad/matrixMul/Matrix_Multiplier/runs/RUN_2026-02-07_02-15-32/06-yosys-synthesis/mm_top.nl.v'…
Linking design 'mm_top' from netlist…
[WARNING ORD-2011] LEF master RM_IHPSG13_1P_512x32_c2_bm_bist has no liberty cell.
Reading design constraints file at '/nix/store/m14ar4akyh801bihjgbvb3k669h95ig3-python3-3.12.10-env/lib/python3.12/site-packages/librelane/scripts/base.sdc'…
[INFO] Using clock clk…
[INFO] Setting output delay to: 2
[INFO] Setting input delay to: 2
[INFO] Setting load to: 0.006
[INFO] Setting clock uncertainty to: 0.25
[INFO] Setting clock transition to: 0.15
[INFO] Setting timing derate to: 5%
Using site height: 3.78 and site width: 0.48…
[INFO] Using relative sizing for the floorplan.
+ initialize_floorplan -site CoreSite -utilization 25 -aspect_ratio 1 -core_space 15.12 15.12 5.76 5.76
[INFO IFP-0001] Added 189 rows of 1488 site CoreSite.
[INFO IFP-0030] Inserted 0 tiecells using sg13g2_tielo/L_LO.
[INFO IFP-0030] Inserted 0 tiecells using sg13g2_tiehi/L_HI.
[INFO] Extracting DIE_AREA and CORE_AREA from the floorplan
[INFO] Floorplanned on a die area of 0.0 0.0 726.01 744.73 (µm).
[INFO] Floorplanned on a core area of 5.76 15.12 720.0 729.54 (µm).
Writing metric design__die__bbox: 0.0 0.0 726.01 744.73
Writing metric design__core__bbox: 5.76 15.12 720.0 729.54
Setting global connections for newly added cells…
[INFO] Setting global connections...
u_ram matched with u_ram
u_ram matched with u_ram
Updating metrics…
Cell type report:                       Count       Area
  Macro                                     1   79719.90
  Inverter                                 58     315.71
  Sequential cell                         376   18419.79
  Multi-Input combinational cell         3032   29168.29
  Total                                  3467  127623.69
Writing OpenROAD database to '/home/fawad/matrixMul/Matrix_Multiplier/runs/RUN_2026-02-07_02-15-32/13-openroad-floorplan/mm_top.odb'…
Writing netlist to '/home/fawad/matrixMul/Matrix_Multiplier/runs/RUN_2026-02-07_02-15-32/13-openroad-floorplan/mm_top.nl.v'…
Writing powered netlist to '/home/fawad/matrixMul/Matrix_Multiplier/runs/RUN_2026-02-07_02-15-32/13-openroad-floorplan/mm_top.pnl.v'…
Writing layout to '/home/fawad/matrixMul/Matrix_Multiplier/runs/RUN_2026-02-07_02-15-32/13-openroad-floorplan/mm_top.def'…
Writing timing constraints to '/home/fawad/matrixMul/Matrix_Multiplier/runs/RUN_2026-02-07_02-15-32/13-openroad-floorplan/mm_top.sdc'…
