
 /----------------------------------------------------------------------------\
 |  yosys -- Yosys Open SYnthesis Suite                                       |
 |  Copyright (C) 2012 - 2025  Claire Xenia Wolf <claire@yosyshq.com>         |
 |  Distributed under an ISC-like license, type "license" to see terms        |
 \----------------------------------------------------------------------------/
 Yosys 0.60+95 (git sha1 991e70489, g++ 13.3.0-6ubuntu2~24.04 -fPIC -O3)

-- Executing script file `design_smt2.ys' --

1. Executing RTLIL frontend.
Input filename: design_prep.il

2. Executing HIERARCHY pass (managing design hierarchy).
Attribute `top' found on module `input_buffer'. Setting top module to input_buffer.

2.1. Analyzing design hierarchy..
Top module:  \input_buffer

2.2. Analyzing design hierarchy..
Top module:  \input_buffer
Removed 0 unused modules.
Module input_buffer directly or indirectly contains formal properties -> setting "keep" attribute.

3. Executing FORMALFF pass.

4. Executing DFFUNMAP pass (unmap clock enable and synchronous reset from FFs).

5. Printing statistics.

=== input_buffer ===

        +----------Local Count, excluding submodules.
        | 
      338 wires
      934 wire bits
       79 public wires
      375 public wire bits
        8 ports
       54 port bits
      336 cells
        3   $add
       67   $anyinit
        3   $anyseq
       38   $assert
        3   $assume
       37   $eq
       74   $ff
       33   $logic_and
       33   $logic_not
        2   $lt
        1   $mem_v2
       41   $mux
        1   $not

6. Executing SMT2 backend.

6.1. Executing BMUXMAP pass.

6.2. Executing DEMUXMAP pass.
Creating SMT-LIBv2 representation of module input_buffer.

End of script. Logfile hash: 656ca42417, CPU: user 0.01s system 0.00s, MEM: 17.29 MB peak
Yosys 0.60+95 (git sha1 991e70489, g++ 13.3.0-6ubuntu2~24.04 -fPIC -O3)
Time spent: 82% 2x write_smt2 (0 sec), 11% 2x read_rtlil (0 sec), ...
