
===========================================================================
report_checks -unconstrained
===========================================================================
======================= nom_typ_1p20V_25C Corner ===================================

Startpoint: u_ctrl.col_j[0]$_SDFFE_PP0P_
            (rising edge-triggered flip-flop clocked by clk)
Endpoint: u_mac_1.temp_res[17]$_SDFF_PP0_
          (rising edge-triggered flip-flop clocked by clk)
Path Group: clk
Path Type: max

Fanout         Cap        Slew       Delay        Time   Description
---------------------------------------------------------------------------------------------
                                  0.000000    0.000000   clock clk (rise edge)
                                  0.000000    0.000000   clock source latency
     2    0.092436    0.110190    0.078887    0.078887 ^ clk (in)
                                                         clk (net)
                      0.115559    0.000000    0.078887 ^ clkbuf_regs_0_clk/A (sg13g2_buf_8)
     1    0.010046    0.023383    0.103274    0.182161 ^ clkbuf_regs_0_clk/X (sg13g2_buf_8)
                                                         clk_regs (net)
                      0.023385    0.000442    0.182602 ^ clkbuf_0_clk_regs/A (sg13g2_buf_8)
     8    0.135929    0.080492    0.105731    0.288333 ^ clkbuf_0_clk_regs/X (sg13g2_buf_8)
                                                         clknet_0_clk_regs (net)
                      0.080951    0.005022    0.293356 ^ clkbuf_3_4__f_clk_regs/A (sg13g2_buf_8)
     7    0.110180    0.069139    0.123165    0.416520 ^ clkbuf_3_4__f_clk_regs/X (sg13g2_buf_8)
                                                         clknet_3_4__leaf_clk_regs (net)
                      0.072814    0.012423    0.428944 ^ clkbuf_leaf_38_clk_regs/A (sg13g2_buf_8)
     8    0.037244    0.032983    0.095714    0.524658 ^ clkbuf_leaf_38_clk_regs/X (sg13g2_buf_8)
                                                         clknet_leaf_38_clk_regs (net)
                      0.033158    0.001943    0.526600 ^ u_ctrl.col_j[0]$_SDFFE_PP0P_/CLK (sg13g2_dfrbpq_1)
     1    0.001739    0.019803    0.165468    0.692069 ^ u_ctrl.col_j[0]$_SDFFE_PP0P_/Q (sg13g2_dfrbpq_1)
                                                         rom_addr[2] (net)
                      0.019803    0.000067    0.692136 ^ hold433/A (sg13g2_dlygate4sd3_1)
     1    0.010520    0.061683    0.378325    1.070461 ^ hold433/X (sg13g2_dlygate4sd3_1)
                                                         net1234 (net)
                      0.061752    0.000877    1.071338 ^ fanout842/A (sg13g2_buf_8)
     8    0.035459    0.031692    0.089489    1.160827 ^ fanout842/X (sg13g2_buf_8)
                                                         net842 (net)
                      0.031979    0.002532    1.163358 ^ _3680_/B (sg13g2_or2_1)
     2    0.007376    0.039474    0.076622    1.239981 ^ _3680_/X (sg13g2_or2_1)
                                                         _0767_ (net)
                      0.039475    0.000239    1.240220 ^ _3682_/C (sg13g2_nand3_1)
     2    0.008301    0.094476    0.108399    1.348619 v _3682_/Y (sg13g2_nand3_1)
                                                         _0769_ (net)
                      0.094480    0.000500    1.349119 v _3843_/A2 (sg13g2_a221oi_1)
     8    0.044451    0.600221    0.532112    1.881231 ^ _3843_/Y (sg13g2_a221oi_1)
                                                         _0929_ (net)
                      0.600255    0.003756    1.884987 ^ _3845_/B (sg13g2_nor2_2)
     3    0.019440    0.143359    0.173691    2.058678 v _3845_/Y (sg13g2_nor2_2)
                                                         _0931_ (net)
                      0.143360    0.000635    2.059313 v fanout586/A (sg13g2_buf_8)
     8    0.059799    0.041029    0.132997    2.192310 v fanout586/X (sg13g2_buf_8)
                                                         net586 (net)
                      0.044815    0.009409    2.201719 v _3941_/B (sg13g2_nor2_1)
     2    0.010434    0.103778    0.100472    2.302191 ^ _3941_/Y (sg13g2_nor2_1)
                                                         _1027_ (net)
                      0.103780    0.000355    2.302547 ^ _3946_/A (sg13g2_xor2_1)
     3    0.013992    0.141746    0.187815    2.490361 ^ _3946_/X (sg13g2_xor2_1)
                                                         _1032_ (net)
                      0.141749    0.000470    2.490831 ^ _3960_/B (sg13g2_xnor2_1)
     2    0.011383    0.133435    0.155304    2.646136 ^ _3960_/Y (sg13g2_xnor2_1)
                                                         _1046_ (net)
                      0.133481    0.000449    2.646585 ^ _3969_/A (sg13g2_xor2_1)
     2    0.010408    0.116251    0.176166    2.822751 ^ _3969_/X (sg13g2_xor2_1)
                                                         _1055_ (net)
                      0.116251    0.000362    2.823113 ^ _3984_/B (sg13g2_xor2_1)
     2    0.009324    0.109715    0.159989    2.983102 ^ _3984_/X (sg13g2_xor2_1)
                                                         _1070_ (net)
                      0.109715    0.000337    2.983439 ^ _3987_/B (sg13g2_xnor2_1)
     2    0.010703    0.123450    0.140429    3.123868 ^ _3987_/Y (sg13g2_xnor2_1)
                                                         _1073_ (net)
                      0.123450    0.000375    3.124243 ^ _3991_/B (sg13g2_xor2_1)
     2    0.011771    0.125019    0.176027    3.300270 ^ _3991_/X (sg13g2_xor2_1)
                                                         _1077_ (net)
                      0.125069    0.000653    3.300923 ^ _3997_/A (sg13g2_nand2_1)
     2    0.011442    0.091199    0.113580    3.414503 v _3997_/Y (sg13g2_nand2_1)
                                                         _1083_ (net)
                      0.091202    0.000664    3.415167 v _4000_/A1 (sg13g2_o21ai_1)
     3    0.016301    0.190827    0.202391    3.617558 ^ _4000_/Y (sg13g2_o21ai_1)
                                                         _1086_ (net)
                      0.190836    0.001050    3.618607 ^ _4026_/A (sg13g2_xor2_1)
     2    0.010583    0.123272    0.193875    3.812482 ^ _4026_/X (sg13g2_xor2_1)
                                                         _1112_ (net)
                      0.123274    0.000723    3.813205 ^ _4051_/B (sg13g2_xor2_1)
     3    0.012742    0.129381    0.181696    3.994901 ^ _4051_/X (sg13g2_xor2_1)
                                                         _1137_ (net)
                      0.129387    0.000725    3.995627 ^ _4052_/A2 (sg13g2_a21oi_1)
     3    0.014043    0.117461    0.143317    4.138944 v _4052_/Y (sg13g2_a21oi_1)
                                                         _1138_ (net)
                      0.117466    0.000900    4.139844 v _4054_/A1 (sg13g2_o21ai_1)
     4    0.016547    0.194944    0.213216    4.353060 ^ _4054_/Y (sg13g2_o21ai_1)
                                                         _1140_ (net)
                      0.194948    0.000757    4.353817 ^ _4057_/B1 (sg13g2_a221oi_1)
     2    0.008298    0.112058    0.142403    4.496221 v _4057_/Y (sg13g2_a221oi_1)
                                                         _1143_ (net)
                      0.112058    0.000401    4.496622 v _4059_/C (sg13g2_or3_1)
     4    0.014266    0.068674    0.190311    4.686932 v _4059_/X (sg13g2_or3_1)
                                                         _1145_ (net)
                      0.068680    0.000649    4.687581 v _4108_/B2 (sg13g2_a221oi_1)
     1    0.004515    0.125503    0.157330    4.844911 ^ _4108_/Y (sg13g2_a221oi_1)
                                                         _1192_ (net)
                      0.125503    0.000341    4.845252 ^ _4130_/A1 (sg13g2_o21ai_1)
     3    0.012982    0.100346    0.137026    4.982277 v _4130_/Y (sg13g2_o21ai_1)
                                                         _1212_ (net)
                      0.100347    0.000585    4.982862 v _4133_/A2 (sg13g2_o21ai_1)
     3    0.010996    0.145328    0.162250    5.145113 ^ _4133_/Y (sg13g2_o21ai_1)
                                                         _1214_ (net)
                      0.145328    0.000300    5.145412 ^ _4135_/B (sg13g2_and2_1)
     3    0.012224    0.062376    0.149897    5.295309 ^ _4135_/X (sg13g2_and2_1)
                                                         _1216_ (net)
                      0.062386    0.000822    5.296132 ^ _4140_/A2 (sg13g2_a21oi_1)
     1    0.002213    0.039388    0.065258    5.361390 v _4140_/Y (sg13g2_a21oi_1)
                                                         _1219_ (net)
                      0.039388    0.000079    5.361468 v hold323/A (sg13g2_dlygate4sd3_1)
     1    0.004416    0.040816    0.382252    5.743720 v hold323/X (sg13g2_dlygate4sd3_1)
                                                         net1124 (net)
                      0.040816    0.000328    5.744048 v _4142_/B (sg13g2_nor3_1)
     1    0.003455    0.082929    0.100354    5.844401 ^ _4142_/Y (sg13g2_nor3_1)
                                                         _0312_ (net)
                      0.082929    0.000208    5.844610 ^ hold324/A (sg13g2_dlygate4sd3_1)
     1    0.002185    0.031724    0.382663    6.227273 ^ hold324/X (sg13g2_dlygate4sd3_1)
                                                         net1125 (net)
                      0.031724    0.000078    6.227351 ^ u_mac_1.temp_res[17]$_SDFF_PP0_/D (sg13g2_dfrbpq_2)
                                              6.227351   data arrival time

                                 10.000000   10.000000   clock clk (rise edge)
                                  0.000000   10.000000   clock source latency
     2    0.092436    0.110190    0.078887   10.078887 ^ clk (in)
                                                         clk (net)
                      0.115559    0.000000   10.078887 ^ clkbuf_regs_0_clk/A (sg13g2_buf_8)
     1    0.010046    0.023383    0.103274   10.182161 ^ clkbuf_regs_0_clk/X (sg13g2_buf_8)
                                                         clk_regs (net)
                      0.023385    0.000441   10.182603 ^ clkbuf_0_clk_regs/A (sg13g2_buf_8)
     8    0.135929    0.080492    0.105731   10.288334 ^ clkbuf_0_clk_regs/X (sg13g2_buf_8)
                                                         clknet_0_clk_regs (net)
                      0.080951    0.005022   10.293356 ^ clkbuf_3_4__f_clk_regs/A (sg13g2_buf_8)
     7    0.110180    0.069139    0.123165   10.416520 ^ clkbuf_3_4__f_clk_regs/X (sg13g2_buf_8)
                                                         clknet_3_4__leaf_clk_regs (net)
                      0.069479    0.004056   10.420577 ^ clkbuf_leaf_11_clk_regs/A (sg13g2_buf_8)
     8    0.039175    0.033731    0.095092   10.515669 ^ clkbuf_leaf_11_clk_regs/X (sg13g2_buf_8)
                                                         clknet_leaf_11_clk_regs (net)
                      0.033804    0.001464   10.517133 ^ u_mac_1.temp_res[17]$_SDFF_PP0_/CLK (sg13g2_dfrbpq_2)
                                 -0.250000   10.267133   clock uncertainty
                                  0.000000   10.267133   clock reconvergence pessimism
                                 -0.114460   10.152672   library setup time
                                             10.152672   data required time
---------------------------------------------------------------------------------------------
                                             10.152672   data required time
                                             -6.227351   data arrival time
---------------------------------------------------------------------------------------------
                                              3.925321   slack (MET)




===========================================================================
report_checks --slack_max -0.01
============================================================================
======================= nom_typ_1p20V_25C Corner ===================================

No paths found.


===========================================================================
 report_check_types -max_slew -max_cap -max_fanout -violators
============================================================================
======================= nom_typ_1p20V_25C Corner ===================================



===========================================================================
report_parasitic_annotation -report_unannotated
============================================================================
Found 25 unannotated drivers.
 clkload0/X
 clkload1/X
 clkload10/Y
 clkload2/X
 clkload3/X
 clkload4/X
 clkload5/Y
 clkload6/X
 clkload7/Y
 clkload8/Y
 clkload9/Y
 u_ram/A_DOUT[18]
 u_ram/A_DOUT[19]
 u_ram/A_DOUT[20]
 u_ram/A_DOUT[21]
 u_ram/A_DOUT[22]
 u_ram/A_DOUT[23]
 u_ram/A_DOUT[24]
 u_ram/A_DOUT[25]
 u_ram/A_DOUT[26]
 u_ram/A_DOUT[27]
 u_ram/A_DOUT[28]
 u_ram/A_DOUT[29]
 u_ram/A_DOUT[30]
 u_ram/A_DOUT[31]
Found 0 partially unannotated drivers.

===========================================================================
max slew violation count 0
Writing metric design__max_slew_violation__count__corner:nom_typ_1p20V_25C: 0
max fanout violation count 0
Writing metric design__max_fanout_violation__count__corner:nom_typ_1p20V_25C: 0
max cap violation count 0
Writing metric design__max_cap_violation__count__corner:nom_typ_1p20V_25C: 0
============================================================================

===========================================================================
check_setup -verbose -unconstrained_endpoints -multiple_clock -no_clock -no_input_delay -loops -generated_clocks
===========================================================================
