Clock: clk
Sources: clk 
Generated: no
Virtual: yes
Propagated: no
Period: 10.000000

===========================================================================
report_clock_properties
============================================================================
Clock                   Period          Waveform
----------------------------------------------------
clk                  10.000000    0.000000  5.000000

===========================================================================
report_clock_latency
============================================================================
Clock clk
rise -> rise
    min     max
0.000000 0.000000 source latency
0.419053         network latency u_mac_3.temp_res[10]$_SDFF_PP0_/CLK
        0.529864 network latency u_input_buffer.mem[14][2]$_DFFE_PP_/CLK
---------------
0.419053 0.529864 latency
        0.110811 skew

fall -> fall
    min     max
0.000000 0.000000 source latency
0.400714         network latency u_mac_3.temp_res[10]$_SDFF_PP0_/CLK
        0.509738 network latency u_input_buffer.mem[14][2]$_DFFE_PP_/CLK
---------------
0.400714 0.509738 latency
        0.109024 skew



===========================================================================
report_clock_min_period
============================================================================
clk period_min = 6.07 fmax = 164.62
