
===========================================================================
 report_power
============================================================================
======================= nom_typ_1p20V_25C Corner ===================================

Group                    Internal    Switching      Leakage        Total
                            Power        Power        Power        Power (Watts)
------------------------------------------------------------------------
Sequential           2.057940e-03 1.580801e-05 1.743717e-07 2.073922e-03  63.3%
Combinational        1.855526e-04 1.308504e-04 7.378206e-07 3.171407e-04   9.7%
Clock                4.944095e-04 3.912479e-04 4.716599e-08 8.857046e-04  27.0%
Macro                0.000000e+00 0.000000e+00 0.000000e+00 0.000000e+00   0.0%
Pad                  0.000000e+00 0.000000e+00 0.000000e+00 0.000000e+00   0.0%
------------------------------------------------------------------------
Total                2.737898e-03 5.379060e-04 9.593589e-07 3.276763e-03 100.0%
                            83.6%        16.4%         0.0%
Writing metric power__internal__total: 0.0027378983795642853
Writing metric power__switching__total: 0.000537905958481133
Writing metric power__leakage__total: 9.593588856660062e-7
Writing metric power__total: 0.0032767634838819504

