+ analyze_power_grid -net VPWR -voltage_file /home/fawad/matrixMul/Matrix_Multiplier/runs/RUN_2026-02-07_02-15-32/56-openroad-irdropreport/net-VPWR.csv
[INFO PSM-0040] All shapes on net VPWR are connected.
########## IR report #################
Net              : VPWR
Corner           : nom_typ_1p20V_25C
Supply voltage   : 1.20e+00 V
Worstcase voltage: 1.20e+00 V
Average voltage  : 1.20e+00 V
Average IR drop  : 6.96e-05 V
Worstcase IR drop: 4.47e-04 V
Percentage drop  : 0.04 %
######################################
+ analyze_power_grid -net VGND -voltage_file /home/fawad/matrixMul/Matrix_Multiplier/runs/RUN_2026-02-07_02-15-32/56-openroad-irdropreport/net-VGND.csv
[INFO PSM-0040] All shapes on net VGND are connected.
########## IR report #################
Net              : VGND
Corner           : nom_typ_1p20V_25C
Supply voltage   : 0.00e+00 V
Worstcase voltage: 3.89e-04 V
Average voltage  : 6.70e-05 V
Average IR drop  : 6.70e-05 V
Worstcase IR drop: 3.89e-04 V
Percentage drop  : 0.03 %
######################################
