
===========================================================================
report_checks -unconstrained
===========================================================================
======================= nom_fast_1p32V_m40C Corner ===================================

Startpoint: u_ctrl.k_cnt[2]$_SDFFE_PP0P_
            (rising edge-triggered flip-flop clocked by clk)
Endpoint: u_mac_1.temp_res[17]$_SDFF_PP0_
          (rising edge-triggered flip-flop clocked by clk)
Path Group: clk
Path Type: max

Fanout         Cap        Slew       Delay        Time   Description
---------------------------------------------------------------------------------------------
                                  0.000000    0.000000   clock clk (rise edge)
                                  0.000000    0.000000   clock source latency
     2    0.098032    0.067533    0.062361    0.062361 ^ clk (in)
                                                         clk (net)
                      0.088652    0.000000    0.062361 ^ clkbuf_regs_0_clk/A (sg13g2_buf_8)
     1    0.009722    0.016419    0.069183    0.131544 ^ clkbuf_regs_0_clk/X (sg13g2_buf_8)
                                                         clk_regs (net)
                      0.016421    0.000397    0.131941 ^ clkbuf_0_clk_regs/A (sg13g2_buf_8)
     8    0.174176    0.065753    0.078494    0.210435 ^ clkbuf_0_clk_regs/X (sg13g2_buf_8)
                                                         clknet_0_clk_regs (net)
                      0.066322    0.005064    0.215499 ^ clkbuf_3_4__f_clk_regs/A (sg13g2_buf_8)
     7    0.141327    0.056355    0.086073    0.301573 ^ clkbuf_3_4__f_clk_regs/X (sg13g2_buf_8)
                                                         clknet_3_4__leaf_clk_regs (net)
                      0.063587    0.015285    0.316858 ^ clkbuf_leaf_39_clk_regs/A (sg13g2_buf_8)
     8    0.047248    0.025540    0.069022    0.385880 ^ clkbuf_leaf_39_clk_regs/X (sg13g2_buf_8)
                                                         clknet_leaf_39_clk_regs (net)
                      0.025847    0.002171    0.388052 ^ u_ctrl.k_cnt[2]$_SDFFE_PP0P_/CLK (sg13g2_dfrbpq_2)
     4    0.019561    0.029175    0.133684    0.521735 v u_ctrl.k_cnt[2]$_SDFFE_PP0P_/Q (sg13g2_dfrbpq_2)
                                                         u_ctrl.k_cnt[2] (net)
                      0.029183    0.000502    0.522238 v hold373/A (sg13g2_dlygate4sd3_1)
     1    0.009428    0.038518    0.268979    0.791217 v hold373/X (sg13g2_dlygate4sd3_1)
                                                         net1174 (net)
                      0.038518    0.000384    0.791601 v fanout807/A (sg13g2_buf_8)
     8    0.047884    0.022709    0.061027    0.852628 v fanout807/X (sg13g2_buf_8)
                                                         net807 (net)
                      0.024935    0.005406    0.858034 v _3699_/A (sg13g2_nor2_1)
     1    0.009761    0.061704    0.062401    0.920435 ^ _3699_/Y (sg13g2_nor2_1)
                                                         _0786_ (net)
                      0.061719    0.000775    0.921210 ^ fanout743/A (sg13g2_buf_8)
     6    0.080974    0.036393    0.074483    0.995693 ^ fanout743/X (sg13g2_buf_8)
                                                         net743 (net)
                      0.037735    0.005408    1.001101 ^ fanout741/A (sg13g2_buf_8)
     8    0.070148    0.031683    0.063633    1.064733 ^ fanout741/X (sg13g2_buf_8)
                                                         net741 (net)
                      0.032771    0.004460    1.069193 ^ fanout739/A (sg13g2_buf_8)
     8    0.066311    0.030321    0.061089    1.130283 ^ fanout739/X (sg13g2_buf_8)
                                                         net739 (net)
                      0.030831    0.002977    1.133259 ^ _3703_/A1 (sg13g2_a22oi_1)
     1    0.007503    0.049830    0.056456    1.189715 v _3703_/Y (sg13g2_a22oi_1)
                                                         _0790_ (net)
                      0.049832    0.000578    1.190293 v _3707_/A1 (sg13g2_a21oi_2)
     7    0.080522    0.224986    0.178820    1.369114 ^ _3707_/Y (sg13g2_a21oi_2)
                                                         _0794_ (net)
                      0.226296    0.013938    1.383052 ^ _3863_/B1 (sg13g2_o21ai_1)
     1    0.021895    0.140536    0.154003    1.537055 v _3863_/Y (sg13g2_o21ai_1)
                                                         _0949_ (net)
                      0.140566    0.001877    1.538932 v _3866_/B (sg13g2_xor2_1)
     2    0.018702    0.123780    0.134890    1.673822 ^ _3866_/X (sg13g2_xor2_1)
                                                         _0952_ (net)
                      0.123832    0.001414    1.675236 ^ _3893_/B (sg13g2_xnor2_1)
     2    0.013436    0.102379    0.114277    1.789512 ^ _3893_/Y (sg13g2_xnor2_1)
                                                         _0979_ (net)
                      0.102396    0.001069    1.790581 ^ _3901_/B (sg13g2_xor2_1)
     2    0.010844    0.077139    0.112623    1.903204 ^ _3901_/X (sg13g2_xor2_1)
                                                         _0987_ (net)
                      0.077177    0.000700    1.903904 ^ _3927_/B (sg13g2_xor2_1)
     2    0.011198    0.079148    0.106549    2.010453 ^ _3927_/X (sg13g2_xor2_1)
                                                         _1013_ (net)
                      0.079169    0.001037    2.011490 ^ _3930_/B (sg13g2_xnor2_1)
     2    0.010768    0.082162    0.089597    2.101087 ^ _3930_/Y (sg13g2_xnor2_1)
                                                         _1016_ (net)
                      0.082169    0.000600    2.101687 ^ _3952_/B (sg13g2_xor2_1)
     2    0.010756    0.080353    0.106510    2.208198 ^ _3952_/X (sg13g2_xor2_1)
                                                         _1038_ (net)
                      0.080373    0.000999    2.209197 ^ _3954_/B (sg13g2_xnor2_1)
     2    0.009824    0.077823    0.086115    2.295311 ^ _3954_/Y (sg13g2_xnor2_1)
                                                         _1040_ (net)
                      0.077824    0.000345    2.295657 ^ _3959_/B (sg13g2_xor2_1)
     2    0.011767    0.080335    0.108837    2.404494 ^ _3959_/X (sg13g2_xor2_1)
                                                         _1045_ (net)
                      0.080351    0.000911    2.405405 ^ _4001_/A (sg13g2_xnor2_1)
     3    0.017168    0.115452    0.116359    2.521764 ^ _4001_/Y (sg13g2_xnor2_1)
                                                         _1087_ (net)
                      0.115455    0.000546    2.522310 ^ _4026_/B (sg13g2_xor2_1)
     2    0.010202    0.080676    0.112952    2.635262 ^ _4026_/X (sg13g2_xor2_1)
                                                         _1112_ (net)
                      0.080718    0.000748    2.636010 ^ _4051_/B (sg13g2_xor2_1)
     3    0.013328    0.086839    0.115529    2.751539 ^ _4051_/X (sg13g2_xor2_1)
                                                         _1137_ (net)
                      0.086850    0.000775    2.752314 ^ _4052_/A2 (sg13g2_a21oi_1)
     3    0.015987    0.090209    0.099085    2.851399 v _4052_/Y (sg13g2_a21oi_1)
                                                         _1138_ (net)
                      0.090230    0.001136    2.852536 v _4054_/A1 (sg13g2_o21ai_1)
     4    0.017468    0.136034    0.143221    2.995757 ^ _4054_/Y (sg13g2_o21ai_1)
                                                         _1140_ (net)
                      0.136054    0.001349    2.997106 ^ _4057_/B1 (sg13g2_a221oi_1)
     2    0.008628    0.080365    0.095786    3.092892 v _4057_/Y (sg13g2_a221oi_1)
                                                         _1143_ (net)
                      0.080366    0.000520    3.093412 v _4059_/C (sg13g2_or3_1)
     4    0.014717    0.047777    0.123249    3.216661 v _4059_/X (sg13g2_or3_1)
                                                         _1145_ (net)
                      0.047790    0.000752    3.217413 v _4108_/B2 (sg13g2_a221oi_1)
     1    0.005138    0.088154    0.102335    3.319747 ^ _4108_/Y (sg13g2_a221oi_1)
                                                         _1192_ (net)
                      0.088154    0.000366    3.320113 ^ _4130_/A1 (sg13g2_o21ai_1)
     3    0.013256    0.071891    0.090572    3.410685 v _4130_/Y (sg13g2_o21ai_1)
                                                         _1212_ (net)
                      0.071923    0.000576    3.411261 v _4133_/A2 (sg13g2_o21ai_1)
     3    0.012307    0.105780    0.111624    3.522886 ^ _4133_/Y (sg13g2_o21ai_1)
                                                         _1214_ (net)
                      0.105788    0.000713    3.523599 ^ _4135_/B (sg13g2_and2_1)
     3    0.013766    0.044899    0.099857    3.623456 ^ _4135_/X (sg13g2_and2_1)
                                                         _1216_ (net)
                      0.044916    0.000811    3.624267 ^ _4140_/A2 (sg13g2_a21oi_1)
     1    0.002759    0.030880    0.044440    3.668707 v _4140_/Y (sg13g2_a21oi_1)
                                                         _1219_ (net)
                      0.030880    0.000185    3.668892 v hold323/A (sg13g2_dlygate4sd3_1)
     1    0.004344    0.028221    0.257813    3.926704 v hold323/X (sg13g2_dlygate4sd3_1)
                                                         net1124 (net)
                      0.028221    0.000307    3.927012 v _4142_/B (sg13g2_nor3_1)
     1    0.003925    0.056528    0.065703    3.992715 ^ _4142_/Y (sg13g2_nor3_1)
                                                         _0312_ (net)
                      0.056528    0.000214    3.992929 ^ hold324/A (sg13g2_dlygate4sd3_1)
     1    0.001704    0.020007    0.257826    4.250755 ^ hold324/X (sg13g2_dlygate4sd3_1)
                                                         net1125 (net)
                      0.020007    0.000066    4.250821 ^ u_mac_1.temp_res[17]$_SDFF_PP0_/D (sg13g2_dfrbpq_2)
                                              4.250821   data arrival time

                                 10.000000   10.000000   clock clk (rise edge)
                                  0.000000   10.000000   clock source latency
     2    0.098032    0.067533    0.062361   10.062361 ^ clk (in)
                                                         clk (net)
                      0.088652    0.000000   10.062361 ^ clkbuf_regs_0_clk/A (sg13g2_buf_8)
     1    0.009722    0.016419    0.069183   10.131544 ^ clkbuf_regs_0_clk/X (sg13g2_buf_8)
                                                         clk_regs (net)
                      0.016421    0.000397   10.131941 ^ clkbuf_0_clk_regs/A (sg13g2_buf_8)
     8    0.174176    0.065753    0.078495   10.210436 ^ clkbuf_0_clk_regs/X (sg13g2_buf_8)
                                                         clknet_0_clk_regs (net)
                      0.066322    0.005064   10.215499 ^ clkbuf_3_4__f_clk_regs/A (sg13g2_buf_8)
     7    0.141327    0.056355    0.086073   10.301573 ^ clkbuf_3_4__f_clk_regs/X (sg13g2_buf_8)
                                                         clknet_3_4__leaf_clk_regs (net)
                      0.056575    0.003203   10.304775 ^ clkbuf_leaf_11_clk_regs/A (sg13g2_buf_8)
     8    0.049355    0.025877    0.067088   10.371862 ^ clkbuf_leaf_11_clk_regs/X (sg13g2_buf_8)
                                                         clknet_leaf_11_clk_regs (net)
                      0.026030    0.001339   10.373202 ^ u_mac_1.temp_res[17]$_SDFF_PP0_/CLK (sg13g2_dfrbpq_2)
                                 -0.250000   10.123202   clock uncertainty
                                  0.000000   10.123202   clock reconvergence pessimism
                                 -0.072911   10.050291   library setup time
                                             10.050291   data required time
---------------------------------------------------------------------------------------------
                                             10.050291   data required time
                                             -4.250821   data arrival time
---------------------------------------------------------------------------------------------
                                              5.799470   slack (MET)




===========================================================================
report_checks --slack_max -0.01
============================================================================
======================= nom_fast_1p32V_m40C Corner ===================================

No paths found.


===========================================================================
 report_check_types -max_slew -max_cap -max_fanout -violators
============================================================================
======================= nom_fast_1p32V_m40C Corner ===================================



===========================================================================
report_parasitic_annotation -report_unannotated
============================================================================
Found 11 unannotated drivers.
 clkload0/X
 clkload1/X
 clkload10/Y
 clkload2/X
 clkload3/X
 clkload4/X
 clkload5/Y
 clkload6/X
 clkload7/Y
 clkload8/Y
 clkload9/Y
Found 144 partially unannotated drivers.
 _5463_/Y
  u_ram/A_ADDR[8]
 _5467_/Y
  u_ram/A_ADDR[7]
 _5471_/Y
  u_ram/A_ADDR[6]
 _5475_/Y
  u_ram/A_ADDR[5]
 _5487_/Y
  u_ram/A_ADDR[3]
 _5493_/Y
  u_ram/A_ADDR[2]
 _5499_/Y
  u_ram/A_ADDR[1]
 _5504_/Y
  u_ram/A_ADDR[0]
 _5576_/Y
  u_ram/A_DIN[31]
 _5580_/Y
  u_ram/A_DIN[21]
 _5584_/Y
  u_ram/A_DIN[20]
 _5588_/Y
  u_ram/A_DIN[19]
 _5592_/Y
  u_ram/A_DIN[18]
 _5596_/Y
  u_ram/A_DIN[17]
 _5600_/Y
  u_ram/A_DIN[16]
 _5604_/Y
  u_ram/A_DIN[15]
 _5608_/Y
  u_ram/A_DIN[14]
 _5612_/Y
  u_ram/A_DIN[30]
 _5616_/Y
  u_ram/A_DIN[29]
 _5620_/Y
  u_ram/A_DIN[28]
 _5624_/Y
  u_ram/A_DIN[27]
 _5628_/Y
  u_ram/A_DIN[26]
 _5632_/Y
  u_ram/A_DIN[25]
 _5636_/Y
  u_ram/A_DIN[24]
 _5640_/Y
  u_ram/A_DIN[23]
 _5644_/Y
  u_ram/A_DIN[22]
 u_ram_100/L_LO
  u_ram/A_DIN[12]
 u_ram_101/L_LO
  u_ram/A_DIN[11]
 u_ram_102/L_LO
  u_ram/A_DIN[10]
 u_ram_103/L_LO
  u_ram/A_DIN[9]
 u_ram_104/L_LO
  u_ram/A_DIN[8]
 u_ram_105/L_LO
  u_ram/A_DIN[7]
 u_ram_106/L_LO
  u_ram/A_DIN[6]
 u_ram_107/L_LO
  u_ram/A_DIN[5]
 u_ram_108/L_LO
  u_ram/A_DIN[4]
 u_ram_109/L_LO
  u_ram/A_DIN[3]
 u_ram_110/L_LO
  u_ram/A_DIN[2]
 u_ram_111/L_LO
  u_ram/A_DIN[1]
 u_ram_112/L_LO
  u_ram/A_DIN[0]
 u_ram_21/L_LO
  u_ram/A_BIST_ADDR[8]
 u_ram_22/L_LO
  u_ram/A_BIST_ADDR[7]
 u_ram_23/L_LO
  u_ram/A_BIST_ADDR[6]
 u_ram_24/L_LO
  u_ram/A_BIST_ADDR[5]
 u_ram_26/L_LO
  u_ram/A_BIST_ADDR[3]
 u_ram_27/L_LO
  u_ram/A_BIST_ADDR[2]
 u_ram_28/L_LO
  u_ram/A_BIST_ADDR[1]
 u_ram_29/L_LO
  u_ram/A_BIST_ADDR[0]
 u_ram_30/L_LO
  u_ram/A_BIST_BM[31]
 u_ram_31/L_LO
  u_ram/A_BIST_BM[30]
 u_ram_32/L_LO
  u_ram/A_BIST_BM[29]
 u_ram_33/L_LO
  u_ram/A_BIST_BM[28]
 u_ram_34/L_LO
  u_ram/A_BIST_BM[27]
 u_ram_35/L_LO
  u_ram/A_BIST_BM[26]
 u_ram_36/L_LO
  u_ram/A_BIST_BM[25]
 u_ram_37/L_LO
  u_ram/A_BIST_BM[24]
 u_ram_38/L_LO
  u_ram/A_BIST_BM[23]
 u_ram_39/L_LO
  u_ram/A_BIST_BM[22]
 u_ram_40/L_LO
  u_ram/A_BIST_BM[21]
 u_ram_41/L_LO
  u_ram/A_BIST_BM[20]
 u_ram_42/L_LO
  u_ram/A_BIST_BM[19]
 u_ram_43/L_LO
  u_ram/A_BIST_BM[18]
 u_ram_44/L_LO
  u_ram/A_BIST_BM[17]
 u_ram_45/L_LO
  u_ram/A_BIST_BM[16]
 u_ram_46/L_LO
  u_ram/A_BIST_BM[15]
 u_ram_47/L_LO
  u_ram/A_BIST_BM[14]
 u_ram_48/L_LO
  u_ram/A_BIST_BM[13]
 u_ram_489/L_HI
  u_ram/A_BM[31]
 u_ram_49/L_LO
  u_ram/A_BIST_BM[12]
 u_ram_490/L_HI
  u_ram/A_BM[30]
 u_ram_491/L_HI
  u_ram/A_BM[29]
 u_ram_492/L_HI
  u_ram/A_BM[28]
 u_ram_493/L_HI
  u_ram/A_BM[27]
 u_ram_494/L_HI
  u_ram/A_BM[26]
 u_ram_495/L_HI
  u_ram/A_BM[25]
 u_ram_496/L_HI
  u_ram/A_BM[24]
 u_ram_497/L_HI
  u_ram/A_BM[23]
 u_ram_498/L_HI
  u_ram/A_BM[22]
 u_ram_499/L_HI
  u_ram/A_BM[21]
 u_ram_50/L_LO
  u_ram/A_BIST_BM[11]
 u_ram_500/L_HI
  u_ram/A_BM[20]
 u_ram_501/L_HI
  u_ram/A_BM[19]
 u_ram_502/L_HI
  u_ram/A_BM[18]
 u_ram_503/L_HI
  u_ram/A_BM[17]
 u_ram_504/L_HI
  u_ram/A_BM[16]
 u_ram_505/L_HI
  u_ram/A_BM[15]
 u_ram_506/L_HI
  u_ram/A_BM[14]
 u_ram_507/L_HI
  u_ram/A_BM[13]
 u_ram_508/L_HI
  u_ram/A_BM[12]
 u_ram_509/L_HI
  u_ram/A_BM[11]
 u_ram_51/L_LO
  u_ram/A_BIST_BM[10]
 u_ram_510/L_HI
  u_ram/A_BM[10]
 u_ram_511/L_HI
  u_ram/A_BM[9]
 u_ram_512/L_HI
  u_ram/A_BM[8]
 u_ram_513/L_HI
  u_ram/A_BM[7]
 u_ram_514/L_HI
  u_ram/A_BM[6]
 u_ram_515/L_HI
  u_ram/A_BM[5]
 u_ram_516/L_HI
  u_ram/A_BM[4]
 u_ram_517/L_HI
  u_ram/A_BM[3]
 u_ram_518/L_HI
  u_ram/A_BM[2]
 u_ram_519/L_HI
  u_ram/A_BM[1]
 u_ram_52/L_LO
  u_ram/A_BIST_BM[9]
 u_ram_520/L_HI
  u_ram/A_BM[0]
 u_ram_53/L_LO
  u_ram/A_BIST_BM[8]
 u_ram_54/L_LO
  u_ram/A_BIST_BM[7]
 u_ram_55/L_LO
  u_ram/A_BIST_BM[6]
 u_ram_56/L_LO
  u_ram/A_BIST_BM[5]
 u_ram_57/L_LO
  u_ram/A_BIST_BM[4]
 u_ram_58/L_LO
  u_ram/A_BIST_BM[3]
 u_ram_59/L_LO
  u_ram/A_BIST_BM[2]
 u_ram_60/L_LO
  u_ram/A_BIST_BM[1]
 u_ram_61/L_LO
  u_ram/A_BIST_BM[0]
 u_ram_63/L_LO
  u_ram/A_BIST_DIN[31]
 u_ram_64/L_LO
  u_ram/A_BIST_DIN[30]
 u_ram_65/L_LO
  u_ram/A_BIST_DIN[29]
 u_ram_66/L_LO
  u_ram/A_BIST_DIN[28]
 u_ram_67/L_LO
  u_ram/A_BIST_DIN[27]
 u_ram_68/L_LO
  u_ram/A_BIST_DIN[26]
 u_ram_69/L_LO
  u_ram/A_BIST_DIN[25]
 u_ram_70/L_LO
  u_ram/A_BIST_DIN[24]
 u_ram_71/L_LO
  u_ram/A_BIST_DIN[23]
 u_ram_72/L_LO
  u_ram/A_BIST_DIN[22]
 u_ram_73/L_LO
  u_ram/A_BIST_DIN[21]
 u_ram_74/L_LO
  u_ram/A_BIST_DIN[20]
 u_ram_75/L_LO
  u_ram/A_BIST_DIN[19]
 u_ram_76/L_LO
  u_ram/A_BIST_DIN[18]
 u_ram_77/L_LO
  u_ram/A_BIST_DIN[17]
 u_ram_78/L_LO
  u_ram/A_BIST_DIN[16]
 u_ram_79/L_LO
  u_ram/A_BIST_DIN[15]
 u_ram_80/L_LO
  u_ram/A_BIST_DIN[14]
 u_ram_81/L_LO
  u_ram/A_BIST_DIN[13]
 u_ram_82/L_LO
  u_ram/A_BIST_DIN[12]
 u_ram_83/L_LO
  u_ram/A_BIST_DIN[11]
 u_ram_84/L_LO
  u_ram/A_BIST_DIN[10]
 u_ram_85/L_LO
  u_ram/A_BIST_DIN[9]
 u_ram_86/L_LO
  u_ram/A_BIST_DIN[8]
 u_ram_87/L_LO
  u_ram/A_BIST_DIN[7]
 u_ram_88/L_LO
  u_ram/A_BIST_DIN[6]
 u_ram_89/L_LO
  u_ram/A_BIST_DIN[5]
 u_ram_90/L_LO
  u_ram/A_BIST_DIN[4]
 u_ram_91/L_LO
  u_ram/A_BIST_DIN[3]
 u_ram_92/L_LO
  u_ram/A_BIST_DIN[2]
 u_ram_93/L_LO
  u_ram/A_BIST_DIN[1]
 u_ram_94/L_LO
  u_ram/A_BIST_DIN[0]
 u_ram_99/L_LO
  u_ram/A_DIN[13]

===========================================================================
max slew violation count 0
max fanout violation count 0
max cap violation count 0
============================================================================

===========================================================================
check_setup -verbose -unconstrained_endpoints -multiple_clock -no_clock -no_input_delay -loops -generated_clocks
===========================================================================
