Clock: clk
Sources: clk 
Generated: no
Virtual: yes
Propagated: no
Period: 10.000000

===========================================================================
report_clock_properties
============================================================================
Clock                   Period          Waveform
----------------------------------------------------
clk                  10.000000    0.000000  5.000000

===========================================================================
report_clock_latency
============================================================================
Clock clk
rise -> rise
    min     max
0.000000 0.000000 source latency
0.304671         network latency u_mac_3.temp_res[10]$_SDFF_PP0_/CLK
        0.391060 network latency u_input_buffer.mem[10][6]$_DFFE_PP_/CLK
---------------
0.304671 0.391060 latency
        0.086389 skew

fall -> fall
    min     max
0.000000 0.000000 source latency
0.292413         network latency u_mac_3.temp_res[10]$_SDFF_PP0_/CLK
        0.377760 network latency u_input_buffer.mem[10][6]$_DFFE_PP_/CLK
---------------
0.292413 0.377760 latency
        0.085348 skew



===========================================================================
report_clock_min_period
============================================================================
clk period_min = 4.20 fmax = 238.07
