
===========================================================================
report_checks -unconstrained
===========================================================================
======================= nom_typ_1p20V_25C Corner ===================================

Startpoint: u_ctrl.k_cnt[0]$_SDFFE_PP0P_
            (rising edge-triggered flip-flop clocked by clk)
Endpoint: u_mac_1.temp_res[17]$_SDFF_PP0_
          (rising edge-triggered flip-flop clocked by clk)
Path Group: clk
Path Type: max

Fanout         Cap        Slew       Delay        Time   Description
---------------------------------------------------------------------------------------------
                      0.150000    0.000000    0.000000   clock clk (rise edge)
                                  0.000000    0.000000   clock network delay (ideal)
                      0.150000    0.000000    0.000000 ^ u_ctrl.k_cnt[0]$_SDFFE_PP0P_/CLK (sg13g2_dfrbpq_1)
   145    0.669124    2.703643    2.070123    2.070123 ^ u_ctrl.k_cnt[0]$_SDFFE_PP0P_/Q (sg13g2_dfrbpq_1)
                                                         u_ctrl.k_cnt[0] (net)
                      2.703643    0.000000    2.070123 ^ _5396_/A (sg13g2_inv_1)
    12    0.036791    0.586546    0.684340    2.754464 v _5396_/Y (sg13g2_inv_1)
                                                         _2411_ (net)
                      0.586546    0.000000    2.754464 v _3809_/A (sg13g2_nor2_1)
     2    0.005947    0.135066    0.161033    2.915497 ^ _3809_/Y (sg13g2_nor2_1)
                                                         _0895_ (net)
                      0.135066    0.000000    2.915497 ^ _3812_/A2 (sg13g2_a21o_1)
    17    0.050508    0.214551    0.277581    3.193078 ^ _3812_/X (sg13g2_a21o_1)
                                                         _0898_ (net)
                      0.214551    0.000000    3.193078 ^ _3896_/B (sg13g2_nor2_1)
     3    0.008886    0.069821    0.096759    3.289837 v _3896_/Y (sg13g2_nor2_1)
                                                         _0982_ (net)
                      0.069821    0.000000    3.289837 v _3945_/B2 (sg13g2_a22oi_1)
     2    0.008392    0.128080    0.112485    3.402322 ^ _3945_/Y (sg13g2_a22oi_1)
                                                         _1031_ (net)
                      0.128080    0.000000    3.402322 ^ _3946_/B (sg13g2_xor2_1)
     3    0.011375    0.126219    0.175366    3.577688 ^ _3946_/X (sg13g2_xor2_1)
                                                         _1032_ (net)
                      0.126219    0.000000    3.577688 ^ _3960_/B (sg13g2_xnor2_1)
     2    0.008929    0.117151    0.134300    3.711988 ^ _3960_/Y (sg13g2_xnor2_1)
                                                         _1046_ (net)
                      0.117151    0.000000    3.711988 ^ _3969_/A (sg13g2_xor2_1)
     2    0.008744    0.105691    0.161284    3.873272 ^ _3969_/X (sg13g2_xor2_1)
                                                         _1055_ (net)
                      0.105691    0.000000    3.873272 ^ _3984_/B (sg13g2_xor2_1)
     2    0.008206    0.102076    0.150711    4.023982 ^ _3984_/X (sg13g2_xor2_1)
                                                         _1070_ (net)
                      0.102076    0.000000    4.023982 ^ _3987_/B (sg13g2_xnor2_1)
     2    0.008744    0.111847    0.125772    4.149754 ^ _3987_/Y (sg13g2_xnor2_1)
                                                         _1073_ (net)
                      0.111847    0.000000    4.149754 ^ _3991_/B (sg13g2_xor2_1)
     2    0.008741    0.111530    0.155531    4.305285 ^ _3991_/X (sg13g2_xor2_1)
                                                         _1077_ (net)
                      0.111530    0.000000    4.305285 ^ _3997_/A (sg13g2_nand2_1)
     2    0.008868    0.076393    0.096522    4.401807 v _3997_/Y (sg13g2_nand2_1)
                                                         _1083_ (net)
                      0.076393    0.000000    4.401807 v _4000_/A1 (sg13g2_o21ai_1)
     3    0.011716    0.152604    0.164348    4.566154 ^ _4000_/Y (sg13g2_o21ai_1)
                                                         _1086_ (net)
                      0.152604    0.000000    4.566154 ^ _4026_/A (sg13g2_xor2_1)
     2    0.007806    0.101733    0.167038    4.733192 ^ _4026_/X (sg13g2_xor2_1)
                                                         _1112_ (net)
                      0.101733    0.000000    4.733192 ^ _4051_/B (sg13g2_xor2_1)
     3    0.009719    0.109615    0.158449    4.891642 ^ _4051_/X (sg13g2_xor2_1)
                                                         _1137_ (net)
                      0.109615    0.000000    4.891642 ^ _4052_/A2 (sg13g2_a21oi_1)
     3    0.009600    0.092085    0.116140    5.007782 v _4052_/Y (sg13g2_a21oi_1)
                                                         _1138_ (net)
                      0.092085    0.000000    5.007782 v _4054_/A1 (sg13g2_o21ai_1)
     4    0.012352    0.160619    0.175018    5.182799 ^ _4054_/Y (sg13g2_o21ai_1)
                                                         _1140_ (net)
                      0.160619    0.000000    5.182799 ^ _4057_/B1 (sg13g2_a221oi_1)
     2    0.005460    0.094241    0.117719    5.300519 v _4057_/Y (sg13g2_a221oi_1)
                                                         _1143_ (net)
                      0.094241    0.000000    5.300519 v _4059_/C (sg13g2_or3_1)
     4    0.010504    0.057020    0.172410    5.472928 v _4059_/X (sg13g2_or3_1)
                                                         _1145_ (net)
                      0.057020    0.000000    5.472928 v _4108_/B2 (sg13g2_a221oi_1)
     1    0.003464    0.114452    0.143635    5.616563 ^ _4108_/Y (sg13g2_a221oi_1)
                                                         _1192_ (net)
                      0.114452    0.000000    5.616563 ^ _4130_/A1 (sg13g2_o21ai_1)
     3    0.009310    0.081802    0.116517    5.733080 v _4130_/Y (sg13g2_o21ai_1)
                                                         _1212_ (net)
                      0.081802    0.000000    5.733080 v _4133_/A2 (sg13g2_o21ai_1)
     3    0.008678    0.127375    0.138161    5.871242 ^ _4133_/Y (sg13g2_o21ai_1)
                                                         _1214_ (net)
                      0.127375    0.000000    5.871242 ^ _4135_/B (sg13g2_and2_1)
     3    0.008649    0.050291    0.134102    6.005343 ^ _4135_/X (sg13g2_and2_1)
                                                         _1216_ (net)
                      0.050291    0.000000    6.005343 ^ _4140_/A2 (sg13g2_a21oi_1)
     1    0.003032    0.045482    0.064315    6.069658 v _4140_/Y (sg13g2_a21oi_1)
                                                         _1219_ (net)
                      0.045482    0.000000    6.069658 v _4142_/B (sg13g2_nor3_1)
     1    0.001410    0.090901    0.083656    6.153314 ^ _4142_/Y (sg13g2_nor3_1)
                                                         _0312_ (net)
                      0.090901    0.000000    6.153314 ^ u_mac_1.temp_res[17]$_SDFF_PP0_/D (sg13g2_dfrbpq_1)
                                              6.153314   data arrival time

                      0.150000   10.000000   10.000000   clock clk (rise edge)
                                  0.000000   10.000000   clock network delay (ideal)
                                 -0.250000    9.750000   clock uncertainty
                                  0.000000    9.750000   clock reconvergence pessimism
                                              9.750000 ^ u_mac_1.temp_res[17]$_SDFF_PP0_/CLK (sg13g2_dfrbpq_1)
                                 -0.116280    9.633719   library setup time
                                              9.633719   data required time
---------------------------------------------------------------------------------------------
                                              9.633719   data required time
                                             -6.153314   data arrival time
---------------------------------------------------------------------------------------------
                                              3.480406   slack (MET)




===========================================================================
report_checks --slack_max -0.01
============================================================================
======================= nom_typ_1p20V_25C Corner ===================================

No paths found.


===========================================================================
 report_check_types -max_slew -max_cap -max_fanout -violators
============================================================================
======================= nom_typ_1p20V_25C Corner ===================================

max slew

Pin                                        Limit        Slew       Slack
------------------------------------------------------------------------
_3691_/B                                2.507400    2.703643   -0.196243 (VIOLATED)
_3701_/S                                2.507400    2.703643   -0.196243 (VIOLATED)
_3702_/S                                2.507400    2.703643   -0.196243 (VIOLATED)
_3704_/S                                2.507400    2.703643   -0.196243 (VIOLATED)
_3705_/S                                2.507400    2.703643   -0.196243 (VIOLATED)
_3719_/A                                2.507400    2.703643   -0.196243 (VIOLATED)
_3722_/A1                               2.507400    2.703643   -0.196243 (VIOLATED)
_3723_/S                                2.507400    2.703643   -0.196243 (VIOLATED)
_3724_/S                                2.507400    2.703643   -0.196243 (VIOLATED)
_3726_/S                                2.507400    2.703643   -0.196243 (VIOLATED)
_3727_/S                                2.507400    2.703643   -0.196243 (VIOLATED)
_3734_/B1                               2.507400    2.703643   -0.196243 (VIOLATED)
_3738_/S                                2.507400    2.703643   -0.196243 (VIOLATED)
_3739_/S                                2.507400    2.703643   -0.196243 (VIOLATED)
_3741_/S                                2.507400    2.703643   -0.196243 (VIOLATED)
_3742_/S                                2.507400    2.703643   -0.196243 (VIOLATED)
_3746_/S                                2.507400    2.703643   -0.196243 (VIOLATED)
_3747_/S                                2.507400    2.703643   -0.196243 (VIOLATED)
_3749_/S                                2.507400    2.703643   -0.196243 (VIOLATED)
_3750_/S                                2.507400    2.703643   -0.196243 (VIOLATED)
_3763_/S                                2.507400    2.703643   -0.196243 (VIOLATED)
_3764_/S                                2.507400    2.703643   -0.196243 (VIOLATED)
_3766_/S                                2.507400    2.703643   -0.196243 (VIOLATED)
_3767_/S                                2.507400    2.703643   -0.196243 (VIOLATED)
_3777_/S                                2.507400    2.703643   -0.196243 (VIOLATED)
_3778_/S                                2.507400    2.703643   -0.196243 (VIOLATED)
_3780_/S                                2.507400    2.703643   -0.196243 (VIOLATED)
_3781_/S                                2.507400    2.703643   -0.196243 (VIOLATED)
_3793_/S                                2.507400    2.703643   -0.196243 (VIOLATED)
_3794_/S                                2.507400    2.703643   -0.196243 (VIOLATED)
_3796_/S                                2.507400    2.703643   -0.196243 (VIOLATED)
_3797_/S                                2.507400    2.703643   -0.196243 (VIOLATED)
_3810_/B1                               2.507400    2.703643   -0.196243 (VIOLATED)
_3821_/S                                2.507400    2.703643   -0.196243 (VIOLATED)
_3822_/S                                2.507400    2.703643   -0.196243 (VIOLATED)
_3824_/S                                2.507400    2.703643   -0.196243 (VIOLATED)
_3825_/S                                2.507400    2.703643   -0.196243 (VIOLATED)
_4163_/S                                2.507400    2.703643   -0.196243 (VIOLATED)
_4164_/S                                2.507400    2.703643   -0.196243 (VIOLATED)
_4166_/S                                2.507400    2.703643   -0.196243 (VIOLATED)
_4167_/S                                2.507400    2.703643   -0.196243 (VIOLATED)
_4174_/S                                2.507400    2.703643   -0.196243 (VIOLATED)
_4175_/S                                2.507400    2.703643   -0.196243 (VIOLATED)
_4177_/S                                2.507400    2.703643   -0.196243 (VIOLATED)
_4178_/S                                2.507400    2.703643   -0.196243 (VIOLATED)
_4182_/S                                2.507400    2.703643   -0.196243 (VIOLATED)
_4183_/S                                2.507400    2.703643   -0.196243 (VIOLATED)
_4185_/S                                2.507400    2.703643   -0.196243 (VIOLATED)
_4186_/S                                2.507400    2.703643   -0.196243 (VIOLATED)
_4190_/S                                2.507400    2.703643   -0.196243 (VIOLATED)
_4191_/S                                2.507400    2.703643   -0.196243 (VIOLATED)
_4193_/S                                2.507400    2.703643   -0.196243 (VIOLATED)
_4194_/S                                2.507400    2.703643   -0.196243 (VIOLATED)
_4202_/S                                2.507400    2.703643   -0.196243 (VIOLATED)
_4203_/S                                2.507400    2.703643   -0.196243 (VIOLATED)
_4205_/S                                2.507400    2.703643   -0.196243 (VIOLATED)
_4206_/S                                2.507400    2.703643   -0.196243 (VIOLATED)
_4217_/S                                2.507400    2.703643   -0.196243 (VIOLATED)
_4218_/S                                2.507400    2.703643   -0.196243 (VIOLATED)
_4220_/S                                2.507400    2.703643   -0.196243 (VIOLATED)
_4221_/S                                2.507400    2.703643   -0.196243 (VIOLATED)
_4272_/S                                2.507400    2.703643   -0.196243 (VIOLATED)
_4273_/S                                2.507400    2.703643   -0.196243 (VIOLATED)
_4275_/S                                2.507400    2.703643   -0.196243 (VIOLATED)
_4276_/S                                2.507400    2.703643   -0.196243 (VIOLATED)
_4307_/S                                2.507400    2.703643   -0.196243 (VIOLATED)
_4308_/S                                2.507400    2.703643   -0.196243 (VIOLATED)
_4310_/S                                2.507400    2.703643   -0.196243 (VIOLATED)
_4311_/S                                2.507400    2.703643   -0.196243 (VIOLATED)
_4568_/S                                2.507400    2.703643   -0.196243 (VIOLATED)
_4569_/S                                2.507400    2.703643   -0.196243 (VIOLATED)
_4571_/S                                2.507400    2.703643   -0.196243 (VIOLATED)
_4572_/S                                2.507400    2.703643   -0.196243 (VIOLATED)
_4579_/S                                2.507400    2.703643   -0.196243 (VIOLATED)
_4580_/S                                2.507400    2.703643   -0.196243 (VIOLATED)
_4582_/S                                2.507400    2.703643   -0.196243 (VIOLATED)
_4583_/S                                2.507400    2.703643   -0.196243 (VIOLATED)
_4587_/S                                2.507400    2.703643   -0.196243 (VIOLATED)
_4588_/S                                2.507400    2.703643   -0.196243 (VIOLATED)
_4590_/S                                2.507400    2.703643   -0.196243 (VIOLATED)
_4591_/S                                2.507400    2.703643   -0.196243 (VIOLATED)
_4595_/S                                2.507400    2.703643   -0.196243 (VIOLATED)
_4596_/S                                2.507400    2.703643   -0.196243 (VIOLATED)
_4598_/S                                2.507400    2.703643   -0.196243 (VIOLATED)
_4599_/S                                2.507400    2.703643   -0.196243 (VIOLATED)
_4607_/S                                2.507400    2.703643   -0.196243 (VIOLATED)
_4608_/S                                2.507400    2.703643   -0.196243 (VIOLATED)
_4610_/S                                2.507400    2.703643   -0.196243 (VIOLATED)
_4611_/S                                2.507400    2.703643   -0.196243 (VIOLATED)
_4621_/S                                2.507400    2.703643   -0.196243 (VIOLATED)
_4622_/S                                2.507400    2.703643   -0.196243 (VIOLATED)
_4624_/S                                2.507400    2.703643   -0.196243 (VIOLATED)
_4625_/S                                2.507400    2.703643   -0.196243 (VIOLATED)
_4676_/S                                2.507400    2.703643   -0.196243 (VIOLATED)
_4677_/S                                2.507400    2.703643   -0.196243 (VIOLATED)
_4679_/S                                2.507400    2.703643   -0.196243 (VIOLATED)
_4680_/S                                2.507400    2.703643   -0.196243 (VIOLATED)
_4712_/S                                2.507400    2.703643   -0.196243 (VIOLATED)
_4713_/S                                2.507400    2.703643   -0.196243 (VIOLATED)
_4715_/S                                2.507400    2.703643   -0.196243 (VIOLATED)
_4716_/S                                2.507400    2.703643   -0.196243 (VIOLATED)
_4974_/A                                2.507400    2.703643   -0.196243 (VIOLATED)
_4975_/A1                               2.507400    2.703643   -0.196243 (VIOLATED)
_4976_/S                                2.507400    2.703643   -0.196243 (VIOLATED)
_4978_/S                                2.507400    2.703643   -0.196243 (VIOLATED)
_4979_/S                                2.507400    2.703643   -0.196243 (VIOLATED)
_4986_/S                                2.507400    2.703643   -0.196243 (VIOLATED)
_4987_/S                                2.507400    2.703643   -0.196243 (VIOLATED)
_4988_/B_N                              2.507400    2.703643   -0.196243 (VIOLATED)
_4989_/A                                2.507400    2.703643   -0.196243 (VIOLATED)
_4996_/A                                2.507400    2.703643   -0.196243 (VIOLATED)
_4997_/B_N                              2.507400    2.703643   -0.196243 (VIOLATED)
_4999_/S                                2.507400    2.703643   -0.196243 (VIOLATED)
_5000_/S                                2.507400    2.703643   -0.196243 (VIOLATED)
_5006_/A                                2.507400    2.703643   -0.196243 (VIOLATED)
_5007_/B_N                              2.507400    2.703643   -0.196243 (VIOLATED)
_5009_/S                                2.507400    2.703643   -0.196243 (VIOLATED)
_5010_/S                                2.507400    2.703643   -0.196243 (VIOLATED)
_5019_/A                                2.507400    2.703643   -0.196243 (VIOLATED)
_5020_/B_N                              2.507400    2.703643   -0.196243 (VIOLATED)
_5022_/S                                2.507400    2.703643   -0.196243 (VIOLATED)
_5023_/S                                2.507400    2.703643   -0.196243 (VIOLATED)
_5024_/A1                               2.507400    2.703643   -0.196243 (VIOLATED)
_5025_/A1                               2.507400    2.703643   -0.196243 (VIOLATED)
_5033_/S                                2.507400    2.703643   -0.196243 (VIOLATED)
_5034_/S                                2.507400    2.703643   -0.196243 (VIOLATED)
_5035_/B_N                              2.507400    2.703643   -0.196243 (VIOLATED)
_5036_/A                                2.507400    2.703643   -0.196243 (VIOLATED)
_5038_/A1                               2.507400    2.703643   -0.196243 (VIOLATED)
_5039_/A1                               2.507400    2.703643   -0.196243 (VIOLATED)
_5048_/A                                2.507400    2.703643   -0.196243 (VIOLATED)
_5049_/B_N                              2.507400    2.703643   -0.196243 (VIOLATED)
_5051_/S                                2.507400    2.703643   -0.196243 (VIOLATED)
_5052_/S                                2.507400    2.703643   -0.196243 (VIOLATED)
_5111_/B                                2.507400    2.703643   -0.196243 (VIOLATED)
_5112_/A                                2.507400    2.703643   -0.196243 (VIOLATED)
_5114_/S                                2.507400    2.703643   -0.196243 (VIOLATED)
_5115_/S                                2.507400    2.703643   -0.196243 (VIOLATED)
_5117_/S                                2.507400    2.703643   -0.196243 (VIOLATED)
_5396_/A                                2.507400    2.703643   -0.196243 (VIOLATED)
_5433_/B                                2.507400    2.703643   -0.196243 (VIOLATED)
_5434_/B                                2.507400    2.703643   -0.196243 (VIOLATED)
_5448_/B                                2.507400    2.703643   -0.196243 (VIOLATED)
_5449_/A_N                              2.507400    2.703643   -0.196243 (VIOLATED)
_5662_/B                                2.507400    2.703643   -0.196243 (VIOLATED)
u_ctrl.k_cnt[0]$_SDFFE_PP0P_/Q          2.507400    2.703643   -0.196243 (VIOLATED)

max fanout

Pin                                   Limit Fanout  Slack
---------------------------------------------------------
u_ctrl.k_cnt[0]$_SDFFE_PP0P_/Q            8    145   -137 (VIOLATED)
_5395_/Y                                  8     55    -47 (VIOLATED)
_5507_/Y                                  8     51    -43 (VIOLATED)
u_ctrl.state[5]$_DFF_P_/Q                 8     45    -37 (VIOLATED)
half_sel$_SDFFE_PP0P_/Q                   8     36    -28 (VIOLATED)
_3110_/Y                                  8     32    -24 (VIOLATED)
_3113_/Y                                  8     32    -24 (VIOLATED)
_3116_/Y                                  8     32    -24 (VIOLATED)
_3119_/Y                                  8     32    -24 (VIOLATED)
_3122_/Y                                  8     32    -24 (VIOLATED)
_3125_/Y                                  8     32    -24 (VIOLATED)
_3128_/Y                                  8     32    -24 (VIOLATED)
_3131_/Y                                  8     32    -24 (VIOLATED)
_3673_/Y                                  8     31    -23 (VIOLATED)
_3677_/Y                                  8     30    -22 (VIOLATED)
_3699_/Y                                  8     30    -22 (VIOLATED)
_3722_/Y                                  8     27    -19 (VIOLATED)
_5435_/X                                  8     25    -17 (VIOLATED)
rst                                       8     22    -14 (VIOLATED)
_5508_/Y                                  8     22    -14 (VIOLATED)
_5438_/X                                  8     21    -13 (VIOLATED)
read_count$_SDFF_PP0_/Q                   8     21    -13 (VIOLATED)
_3736_/Y                                  8     20    -12 (VIOLATED)
_3762_/Y                                  8     19    -11 (VIOLATED)
u_ctrl.k_cnt[1]$_SDFFE_PP0P_/Q            8     19    -11 (VIOLATED)
_3761_/Y                                  8     18    -10 (VIOLATED)
_3811_/Y                                  8     18    -10 (VIOLATED)
_5569_/Y                                  8     18    -10 (VIOLATED)
_5570_/X                                  8     18    -10 (VIOLATED)
_5571_/Y                                  8     18    -10 (VIOLATED)
u_ctrl.k_cnt[2]$_SDFFE_PP0P_/Q            8     18    -10 (VIOLATED)
_3812_/X                                  8     17     -9 (VIOLATED)
_5402_/Y                                  8     17     -9 (VIOLATED)
_3109_/Y                                  8     16     -8 (VIOLATED)
_3138_/Y                                  8     16     -8 (VIOLATED)
_3156_/Y                                  8     16     -8 (VIOLATED)
_3174_/Y                                  8     16     -8 (VIOLATED)
_3192_/Y                                  8     16     -8 (VIOLATED)
_3209_/Y                                  8     16     -8 (VIOLATED)
_3226_/Y                                  8     16     -8 (VIOLATED)
_3245_/Y                                  8     16     -8 (VIOLATED)
_3262_/Y                                  8     16     -8 (VIOLATED)
_3279_/Y                                  8     16     -8 (VIOLATED)
_3296_/Y                                  8     16     -8 (VIOLATED)
_3313_/X                                  8     16     -8 (VIOLATED)
_3331_/Y                                  8     16     -8 (VIOLATED)
_3348_/Y                                  8     16     -8 (VIOLATED)
_3365_/Y                                  8     16     -8 (VIOLATED)
_3382_/Y                                  8     16     -8 (VIOLATED)
_3400_/Y                                  8     16     -8 (VIOLATED)
_3417_/Y                                  8     16     -8 (VIOLATED)
_3434_/Y                                  8     16     -8 (VIOLATED)
_3451_/Y                                  8     16     -8 (VIOLATED)
_3468_/Y                                  8     16     -8 (VIOLATED)
_3485_/Y                                  8     16     -8 (VIOLATED)
_3502_/Y                                  8     16     -8 (VIOLATED)
_3519_/Y                                  8     16     -8 (VIOLATED)
_3553_/Y                                  8     16     -8 (VIOLATED)
_3571_/Y                                  8     16     -8 (VIOLATED)
_3588_/Y                                  8     16     -8 (VIOLATED)
_3605_/Y                                  8     16     -8 (VIOLATED)
_3622_/Y                                  8     16     -8 (VIOLATED)
_3639_/Y                                  8     16     -8 (VIOLATED)
_3656_/Y                                  8     16     -8 (VIOLATED)
_3759_/Y                                  8     16     -8 (VIOLATED)
u_ctrl.state[3]$_DFF_P_/Q                 8     16     -8 (VIOLATED)
u_ctrl.col_j[0]$_SDFFE_PP0P_/Q            8     15     -7 (VIOLATED)
u_ctrl.input_cnt[2]$_SDFFE_PP0P_/Q        8     15     -7 (VIOLATED)
_3737_/Y                                  8     14     -6 (VIOLATED)
u_ctrl.col_j[1]$_SDFFE_PP0P_/Q            8     14     -6 (VIOLATED)
u_ctrl.input_cnt[4]$_SDFFE_PP0P_/Q        8     14     -6 (VIOLATED)
_3688_/Y                                  8     13     -5 (VIOLATED)
_3695_/Y                                  8     13     -5 (VIOLATED)
_3698_/Y                                  8     12     -4 (VIOLATED)
_3758_/X                                  8     12     -4 (VIOLATED)
_5396_/Y                                  8     12     -4 (VIOLATED)
_5547_/X                                  8     12     -4 (VIOLATED)
u_ctrl.state[2]$_DFF_P_/Q                 8     12     -4 (VIOLATED)
_3687_/Y                                  8     11     -3 (VIOLATED)
_3696_/X                                  8     11     -3 (VIOLATED)
_3841_/Y                                  8     11     -3 (VIOLATED)
_3844_/Y                                  8     11     -3 (VIOLATED)
_5457_/Y                                  8     11     -3 (VIOLATED)
u_ctrl.input_cnt[0]$_SDFFE_PP0P_/Q        8     11     -3 (VIOLATED)
_3697_/Y                                  8     10     -2 (VIOLATED)
_3721_/Y                                  8     10     -2 (VIOLATED)
_3755_/Y                                  8     10     -2 (VIOLATED)
_3845_/Y                                  8     10     -2 (VIOLATED)
_3846_/Y                                  8     10     -2 (VIOLATED)
_4682_/X                                  8     10     -2 (VIOLATED)
_5430_/Y                                  8     10     -2 (VIOLATED)
_5572_/Y                                  8     10     -2 (VIOLATED)
u_ctrl.input_cnt[3]$_SDFFE_PP0P_/Q        8     10     -2 (VIOLATED)
_3744_/Y                                  8      9        (VIOLATED)
_3769_/Y                                  8      9        (VIOLATED)
_3800_/X                                  8      9        (VIOLATED)
_4278_/X                                  8      9        (VIOLATED)
_4313_/X                                  8      9        (VIOLATED)
_4574_/Y                                  8      9        (VIOLATED)
_4718_/X                                  8      9        (VIOLATED)
_4981_/Y                                  8      9        (VIOLATED)
_5041_/Y                                  8      9        (VIOLATED)
_5120_/Y                                  8      9        (VIOLATED)
_5401_/Y                                  8      9        (VIOLATED)
_5436_/Y                                  8      9        (VIOLATED)

max capacitance

Pin                                        Limit         Cap       Slack
------------------------------------------------------------------------
u_ctrl.k_cnt[0]$_SDFFE_PP0P_/Q          0.300000    0.669124   -0.369124 (VIOLATED)



===========================================================================
report_parasitic_annotation -report_unannotated
============================================================================
Found 3478 unannotated drivers.
 clk
 input_data[0]
 input_data[1]
 input_data[2]
 input_data[3]
 input_data[4]
 input_data[5]
 input_data[6]
 input_data[7]
 read_ram
 rst
 start
 _3077_/Y
 _3078_/Y
 _3079_/Y
 _3080_/Y
 _3081_/Y
 _3082_/Y
 _3083_/X
 _3084_/Y
 _3085_/Y
 _3086_/Y
 _3087_/X
 _3088_/Y
 _3089_/X
 _3090_/Y
 _3091_/Y
 _3092_/X
 _3093_/Y
 _3094_/Y
 _3095_/Y
 _3096_/Y
 _3097_/Y
 _3098_/X
 _3099_/Y
 _3100_/X
 _3101_/Y
 _3102_/Y
 _3103_/Y
 _3104_/Y
 _3105_/Y
 _3106_/Y
 _3107_/Y
 _3108_/Y
 _3109_/Y
 _3110_/Y
 _3111_/Y
 _3112_/Y
 _3113_/Y
 _3114_/Y
 _3115_/Y
 _3116_/Y
 _3117_/Y
 _3118_/Y
 _3119_/Y
 _3120_/Y
 _3121_/Y
 _3122_/Y
 _3123_/Y
 _3124_/Y
 _3125_/Y
 _3126_/Y
 _3127_/Y
 _3128_/Y
 _3129_/Y
 _3130_/Y
 _3131_/Y
 _3132_/Y
 _3133_/Y
 _3134_/Y
 _3135_/Y
 _3136_/Y
 _3137_/X
 _3138_/Y
 _3139_/Y
 _3140_/Y
 _3141_/Y
 _3142_/Y
 _3143_/Y
 _3144_/Y
 _3145_/Y
 _3146_/Y
 _3147_/Y
 _3148_/Y
 _3149_/Y
 _3150_/Y
 _3151_/Y
 _3152_/Y
 _3153_/Y
 _3154_/Y
 _3155_/Y
 _3156_/Y
 _3157_/Y
 _3158_/Y
 _3159_/Y
 _3160_/Y
 _3161_/Y
 _3162_/Y
 _3163_/Y
 _3164_/Y
 _3165_/Y
 _3166_/Y
 _3167_/Y
 _3168_/Y
 _3169_/Y
 _3170_/Y
 _3171_/Y
 _3172_/Y
 _3173_/Y
 _3174_/Y
 _3175_/Y
 _3176_/Y
 _3177_/Y
 _3178_/Y
 _3179_/Y
 _3180_/Y
 _3181_/Y
 _3182_/Y
 _3183_/Y
 _3184_/Y
 _3185_/Y
 _3186_/Y
 _3187_/Y
 _3188_/Y
 _3189_/Y
 _3190_/Y
 _3191_/Y
 _3192_/Y
 _3193_/Y
 _3194_/Y
 _3195_/Y
 _3196_/Y
 _3197_/Y
 _3198_/Y
 _3199_/Y
 _3200_/Y
 _3201_/Y
 _3202_/Y
 _3203_/Y
 _3204_/Y
 _3205_/Y
 _3206_/Y
 _3207_/Y
 _3208_/Y
 _3209_/Y
 _3210_/Y
 _3211_/Y
 _3212_/Y
 _3213_/Y
 _3214_/Y
 _3215_/Y
 _3216_/Y
 _3217_/Y
 _3218_/Y
 _3219_/Y
 _3220_/Y
 _3221_/Y
 _3222_/Y
 _3223_/Y
 _3224_/Y
 _3225_/Y
 _3226_/Y
 _3227_/Y
 _3228_/Y
 _3229_/Y
 _3230_/Y
 _3231_/Y
 _3232_/Y
 _3233_/Y
 _3234_/Y
 _3235_/Y
 _3236_/Y
 _3237_/Y
 _3238_/Y
 _3239_/Y
 _3240_/Y
 _3241_/Y
 _3242_/Y
 _3243_/Y
 _3244_/Y
 _3245_/Y
 _3246_/Y
 _3247_/Y
 _3248_/Y
 _3249_/Y
 _3250_/Y
 _3251_/Y
 _3252_/Y
 _3253_/Y
 _3254_/Y
 _3255_/Y
 _3256_/Y
 _3257_/Y
 _3258_/Y
 _3259_/Y
 _3260_/Y
 _3261_/Y
 _3262_/Y
 _3263_/Y
 _3264_/Y
 _3265_/Y
 _3266_/Y
 _3267_/Y
 _3268_/Y
 _3269_/Y
 _3270_/Y
 _3271_/Y
 _3272_/Y
 _3273_/Y
 _3274_/Y
 _3275_/Y
 _3276_/Y
 _3277_/Y
 _3278_/Y
 _3279_/Y
 _3280_/Y
 _3281_/Y
 _3282_/Y
 _3283_/Y
 _3284_/Y
 _3285_/Y
 _3286_/Y
 _3287_/Y
 _3288_/Y
 _3289_/Y
 _3290_/Y
 _3291_/Y
 _3292_/Y
 _3293_/Y
 _3294_/Y
 _3295_/Y
 _3296_/Y
 _3297_/Y
 _3298_/Y
 _3299_/Y
 _3300_/Y
 _3301_/Y
 _3302_/Y
 _3303_/Y
 _3304_/Y
 _3305_/Y
 _3306_/Y
 _3307_/Y
 _3308_/Y
 _3309_/Y
 _3310_/Y
 _3311_/Y
 _3312_/Y
 _3313_/X
 _3314_/Y
 _3315_/Y
 _3316_/Y
 _3317_/Y
 _3318_/Y
 _3319_/Y
 _3320_/Y
 _3321_/Y
 _3322_/Y
 _3323_/Y
 _3324_/Y
 _3325_/Y
 _3326_/Y
 _3327_/Y
 _3328_/Y
 _3329_/Y
 _3330_/Y
 _3331_/Y
 _3332_/Y
 _3333_/Y
 _3334_/Y
 _3335_/Y
 _3336_/Y
 _3337_/Y
 _3338_/Y
 _3339_/Y
 _3340_/Y
 _3341_/Y
 _3342_/Y
 _3343_/Y
 _3344_/Y
 _3345_/Y
 _3346_/Y
 _3347_/Y
 _3348_/Y
 _3349_/Y
 _3350_/Y
 _3351_/Y
 _3352_/Y
 _3353_/Y
 _3354_/Y
 _3355_/Y
 _3356_/Y
 _3357_/Y
 _3358_/Y
 _3359_/Y
 _3360_/Y
 _3361_/Y
 _3362_/Y
 _3363_/Y
 _3364_/Y
 _3365_/Y
 _3366_/Y
 _3367_/Y
 _3368_/Y
 _3369_/Y
 _3370_/Y
 _3371_/Y
 _3372_/Y
 _3373_/Y
 _3374_/Y
 _3375_/Y
 _3376_/Y
 _3377_/Y
 _3378_/Y
 _3379_/Y
 _3380_/Y
 _3381_/Y
 _3382_/Y
 _3383_/Y
 _3384_/Y
 _3385_/Y
 _3386_/Y
 _3387_/Y
 _3388_/Y
 _3389_/Y
 _3390_/Y
 _3391_/Y
 _3392_/Y
 _3393_/Y
 _3394_/Y
 _3395_/Y
 _3396_/Y
 _3397_/Y
 _3398_/Y
 _3399_/Y
 _3400_/Y
 _3401_/Y
 _3402_/Y
 _3403_/Y
 _3404_/Y
 _3405_/Y
 _3406_/Y
 _3407_/Y
 _3408_/Y
 _3409_/Y
 _3410_/Y
 _3411_/Y
 _3412_/Y
 _3413_/Y
 _3414_/Y
 _3415_/Y
 _3416_/Y
 _3417_/Y
 _3418_/Y
 _3419_/Y
 _3420_/Y
 _3421_/Y
 _3422_/Y
 _3423_/Y
 _3424_/Y
 _3425_/Y
 _3426_/Y
 _3427_/Y
 _3428_/Y
 _3429_/Y
 _3430_/Y
 _3431_/Y
 _3432_/Y
 _3433_/Y
 _3434_/Y
 _3435_/Y
 _3436_/Y
 _3437_/Y
 _3438_/Y
 _3439_/Y
 _3440_/Y
 _3441_/Y
 _3442_/Y
 _3443_/Y
 _3444_/Y
 _3445_/Y
 _3446_/Y
 _3447_/Y
 _3448_/Y
 _3449_/Y
 _3450_/Y
 _3451_/Y
 _3452_/Y
 _3453_/Y
 _3454_/Y
 _3455_/Y
 _3456_/Y
 _3457_/Y
 _3458_/Y
 _3459_/Y
 _3460_/Y
 _3461_/Y
 _3462_/Y
 _3463_/Y
 _3464_/Y
 _3465_/Y
 _3466_/Y
 _3467_/Y
 _3468_/Y
 _3469_/Y
 _3470_/Y
 _3471_/Y
 _3472_/Y
 _3473_/Y
 _3474_/Y
 _3475_/Y
 _3476_/Y
 _3477_/Y
 _3478_/Y
 _3479_/Y
 _3480_/Y
 _3481_/Y
 _3482_/Y
 _3483_/Y
 _3484_/Y
 _3485_/Y
 _3486_/Y
 _3487_/Y
 _3488_/Y
 _3489_/Y
 _3490_/Y
 _3491_/Y
 _3492_/Y
 _3493_/Y
 _3494_/Y
 _3495_/Y
 _3496_/Y
 _3497_/Y
 _3498_/Y
 _3499_/Y
 _3500_/Y
 _3501_/Y
 _3502_/Y
 _3503_/Y
 _3504_/Y
 _3505_/Y
 _3506_/Y
 _3507_/Y
 _3508_/Y
 _3509_/Y
 _3510_/Y
 _3511_/Y
 _3512_/Y
 _3513_/Y
 _3514_/Y
 _3515_/Y
 _3516_/Y
 _3517_/Y
 _3518_/Y
 _3519_/Y
 _3520_/Y
 _3521_/Y
 _3522_/Y
 _3523_/Y
 _3524_/Y
 _3525_/Y
 _3526_/Y
 _3527_/Y
 _3528_/Y
 _3529_/Y
 _3530_/Y
 _3531_/Y
 _3532_/Y
 _3533_/Y
 _3534_/Y
 _3535_/Y
 _3536_/X
 _3537_/Y
 _3538_/Y
 _3539_/Y
 _3540_/Y
 _3541_/Y
 _3542_/Y
 _3543_/Y
 _3544_/Y
 _3545_/Y
 _3546_/Y
 _3547_/Y
 _3548_/Y
 _3549_/Y
 _3550_/Y
 _3551_/Y
 _3552_/Y
 _3553_/Y
 _3554_/Y
 _3555_/Y
 _3556_/Y
 _3557_/Y
 _3558_/Y
 _3559_/Y
 _3560_/Y
 _3561_/Y
 _3562_/Y
 _3563_/Y
 _3564_/Y
 _3565_/Y
 _3566_/Y
 _3567_/Y
 _3568_/Y
 _3569_/Y
 _3570_/Y
 _3571_/Y
 _3572_/Y
 _3573_/Y
 _3574_/Y
 _3575_/Y
 _3576_/Y
 _3577_/Y
 _3578_/Y
 _3579_/Y
 _3580_/Y
 _3581_/Y
 _3582_/Y
 _3583_/Y
 _3584_/Y
 _3585_/Y
 _3586_/Y
 _3587_/Y
 _3588_/Y
 _3589_/Y
 _3590_/Y
 _3591_/Y
 _3592_/Y
 _3593_/Y
 _3594_/Y
 _3595_/Y
 _3596_/Y
 _3597_/Y
 _3598_/Y
 _3599_/Y
 _3600_/Y
 _3601_/Y
 _3602_/Y
 _3603_/Y
 _3604_/Y
 _3605_/Y
 _3606_/Y
 _3607_/Y
 _3608_/Y
 _3609_/Y
 _3610_/Y
 _3611_/Y
 _3612_/Y
 _3613_/Y
 _3614_/Y
 _3615_/Y
 _3616_/Y
 _3617_/Y
 _3618_/Y
 _3619_/Y
 _3620_/Y
 _3621_/Y
 _3622_/Y
 _3623_/Y
 _3624_/Y
 _3625_/Y
 _3626_/Y
 _3627_/Y
 _3628_/Y
 _3629_/Y
 _3630_/Y
 _3631_/Y
 _3632_/Y
 _3633_/Y
 _3634_/Y
 _3635_/Y
 _3636_/Y
 _3637_/Y
 _3638_/Y
 _3639_/Y
 _3640_/Y
 _3641_/Y
 _3642_/Y
 _3643_/Y
 _3644_/Y
 _3645_/Y
 _3646_/Y
 _3647_/Y
 _3648_/Y
 _3649_/Y
 _3650_/Y
 _3651_/Y
 _3652_/Y
 _3653_/Y
 _3654_/Y
 _3655_/Y
 _3656_/Y
 _3657_/Y
 _3658_/Y
 _3659_/Y
 _3660_/Y
 _3661_/Y
 _3662_/Y
 _3663_/Y
 _3664_/Y
 _3665_/Y
 _3666_/Y
 _3667_/Y
 _3668_/Y
 _3669_/Y
 _3670_/Y
 _3671_/Y
 _3672_/Y
 _3673_/Y
 _3674_/Y
 _3675_/X
 _3676_/Y
 _3677_/Y
 _3678_/Y
 _3679_/Y
 _3680_/X
 _3681_/X
 _3682_/Y
 _3683_/X
 _3684_/Y
 _3685_/Y
 _3686_/Y
 _3687_/Y
 _3688_/Y
 _3689_/Y
 _3690_/Y
 _3691_/Y
 _3692_/Y
 _3693_/Y
 _3694_/Y
 _3695_/Y
 _3696_/X
 _3697_/Y
 _3698_/Y
 _3699_/Y
 _3700_/X
 _3701_/X
 _3702_/X
 _3703_/Y
 _3704_/X
 _3705_/X
 _3706_/Y
 _3707_/Y
 _3708_/Y
 _3709_/Y
 _3710_/Y
 _3711_/Y
 _3712_/Y
 _3713_/Y
 _3714_/Y
 _3715_/Y
 _3716_/Y
 _3717_/Y
 _3718_/Y
 _3719_/Y
 _3720_/Y
 _3721_/Y
 _3722_/Y
 _3723_/X
 _3724_/X
 _3725_/Y
 _3726_/X
 _3727_/X
 _3728_/Y
 _3729_/Y
 _3730_/Y
 _3731_/Y
 _3732_/Y
 _3733_/X
 _3734_/Y
 _3735_/Y
 _3736_/Y
 _3737_/Y
 _3738_/X
 _3739_/X
 _3740_/Y
 _3741_/X
 _3742_/X
 _3743_/Y
 _3744_/Y
 _3745_/Y
 _3746_/X
 _3747_/X
 _3748_/Y
 _3749_/X
 _3750_/X
 _3751_/Y
 _3752_/Y
 _3753_/X
 _3754_/X
 _3755_/Y
 _3756_/Y
 _3757_/Y
 _3758_/X
 _3759_/Y
 _3760_/Y
 _3761_/Y
 _3762_/Y
 _3763_/X
 _3764_/X
 _3765_/Y
 _3766_/X
 _3767_/X
 _3768_/Y
 _3769_/Y
 _3770_/Y
 _3771_/Y
 _3772_/X
 _3773_/Y
 _3774_/X
 _3775_/Y
 _3776_/X
 _3777_/X
 _3778_/X
 _3779_/Y
 _3780_/X
 _3781_/X
 _3782_/Y
 _3783_/Y
 _3784_/X
 _3785_/Y
 _3786_/Y
 _3787_/Y
 _3788_/Y
 _3789_/Y
 _3790_/Y
 _3791_/Y
 _3792_/X
 _3793_/X
 _3794_/X
 _3795_/Y
 _3796_/X
 _3797_/X
 _3798_/Y
 _3799_/Y
 _3800_/X
 _3801_/Y
 _3802_/Y
 _3803_/Y
 _3804_/Y
 _3805_/Y
 _3806_/Y
 _3807_/Y
 _3808_/Y
 _3809_/Y
 _3810_/Y
 _3811_/Y
 _3812_/X
 _3813_/Y
 _3814_/Y
 _3815_/Y
 _3816_/X
 _3817_/Y
 _3818_/Y
 _3819_/X
 _3820_/Y
 _3821_/X
 _3822_/X
 _3823_/Y
 _3824_/X
 _3825_/X
 _3826_/Y
 _3827_/Y
 _3828_/X
 _3829_/Y
 _3830_/Y
 _3831_/Y
 _3832_/Y
 _3833_/Y
 _3834_/Y
 _3835_/Y
 _3836_/X
 _3837_/Y
 _3838_/Y
 _3839_/Y
 _3840_/X
 _3841_/Y
 _3842_/Y
 _3843_/Y
 _3844_/Y
 _3845_/Y
 _3846_/Y
 _3847_/Y
 _3848_/Y
 _3849_/Y
 _3850_/Y
 _3851_/X
 _3852_/Y
 _3853_/Y
 _3854_/X
 _3855_/Y
 _3856_/Y
 _3857_/Y
 _3858_/Y
 _3859_/Y
 _3860_/Y
 _3861_/Y
 _3862_/Y
 _3863_/Y
 _3864_/Y
 _3865_/Y
 _3866_/X
 _3867_/Y
 _3868_/X
 _3869_/Y
 _3870_/Y
 _3871_/Y
 _3872_/Y
 _3873_/Y
 _3874_/Y
 _3875_/Y
 _3876_/Y
 _3877_/Y
 _3878_/X
 _3879_/Y
 _3880_/Y
 _3881_/Y
 _3882_/Y
 _3883_/Y
 _3884_/Y
 _3885_/Y
 _3886_/X
 _3887_/Y
 _3888_/X
 _3889_/Y
 _3890_/Y
 _3891_/Y
 _3892_/Y
 _3893_/Y
 _3894_/Y
 _3895_/X
 _3896_/Y
 _3897_/Y
 _3898_/Y
 _3899_/Y
 _3900_/X
 _3901_/X
 _3902_/Y
 _3903_/Y
 _3904_/Y
 _3905_/Y
 _3906_/X
 _3907_/Y
 _3908_/Y
 _3909_/X
 _3910_/Y
 _3911_/Y
 _3912_/Y
 _3913_/Y
 _3914_/X
 _3915_/Y
 _3916_/Y
 _3917_/X
 _3918_/Y
 _3919_/Y
 _3920_/Y
 _3921_/Y
 _3922_/Y
 _3923_/Y
 _3924_/Y
 _3925_/Y
 _3926_/Y
 _3927_/X
 _3928_/Y
 _3929_/Y
 _3930_/Y
 _3931_/Y
 _3932_/Y
 _3933_/Y
 _3934_/Y
 _3935_/Y
 _3936_/Y
 _3937_/X
 _3938_/Y
 _3939_/X
 _3940_/Y
 _3941_/Y
 _3942_/Y
 _3943_/Y
 _3944_/Y
 _3945_/Y
 _3946_/X
 _3947_/Y
 _3948_/Y
 _3949_/Y
 _3950_/X
 _3951_/Y
 _3952_/X
 _3953_/Y
 _3954_/Y
 _3955_/Y
 _3956_/X
 _3957_/X
 _3958_/Y
 _3959_/X
 _3960_/Y
 _3961_/Y
 _3962_/Y
 _3963_/Y
 _3964_/Y
 _3965_/X
 _3966_/Y
 _3967_/Y
 _3968_/Y
 _3969_/X
 _3970_/Y
 _3971_/X
 _3972_/Y
 _3973_/Y
 _3974_/Y
 _3975_/Y
 _3976_/Y
 _3977_/Y
 _3978_/Y
 _3979_/Y
 _3980_/Y
 _3981_/Y
 _3982_/Y
 _3983_/Y
 _3984_/X
 _3985_/Y
 _3986_/Y
 _3987_/Y
 _3988_/Y
 _3989_/X
 _3990_/Y
 _3991_/X
 _3992_/X
 _3993_/Y
 _3994_/Y
 _3995_/Y
 _3996_/Y
 _3997_/Y
 _3998_/Y
 _3999_/X
 _4000_/Y
 _4001_/Y
 _4002_/Y
 _4003_/Y
 _4004_/X
 _4005_/Y
 _4006_/Y
 _4007_/X
 _4008_/Y
 _4009_/X
 _4010_/Y
 _4011_/X
 _4012_/Y
 _4013_/Y
 _4014_/Y
 _4015_/Y
 _4016_/Y
 _4017_/Y
 _4018_/Y
 _4019_/Y
 _4020_/Y
 _4021_/X
 _4022_/X
 _4023_/Y
 _4024_/X
 _4025_/Y
 _4026_/X
 _4027_/X
 _4028_/Y
 _4029_/Y
 _4030_/X
 _4031_/X
 _4032_/Y
 _4033_/Y
 _4034_/Y
 _4035_/Y
 _4036_/Y
 _4037_/Y
 _4038_/Y
 _4039_/X
 _4040_/Y
 _4041_/Y
 _4042_/Y
 _4043_/Y
 _4044_/Y
 _4045_/X
 _4046_/Y
 _4047_/X
 _4048_/Y
 _4049_/Y
 _4050_/Y
 _4051_/X
 _4052_/Y
 _4053_/Y
 _4054_/Y
 _4055_/X
 _4056_/Y
 _4057_/Y
 _4058_/Y
 _4059_/X
 _4060_/X
 _4061_/Y
 _4062_/Y
 _4063_/Y
 _4064_/X
 _4065_/Y
 _4066_/Y
 _4067_/X
 _4068_/Y
 _4069_/Y
 _4070_/Y
 _4071_/Y
 _4072_/Y
 _4073_/Y
 _4074_/Y
 _4075_/Y
 _4076_/Y
 _4077_/Y
 _4078_/Y
 _4079_/Y
 _4080_/X
 _4081_/Y
 _4082_/Y
 _4083_/Y
 _4084_/Y
 _4085_/X
 _4086_/Y
 _4087_/Y
 _4088_/Y
 _4089_/Y
 _4090_/Y
 _4091_/Y
 _4092_/X
 _4093_/Y
 _4094_/Y
 _4095_/Y
 _4096_/X
 _4097_/Y
 _4098_/Y
 _4099_/X
 _4100_/Y
 _4101_/Y
 _4102_/Y
 _4103_/Y
 _4104_/Y
 _4105_/Y
 _4106_/Y
 _4107_/Y
 _4108_/Y
 _4109_/X
 _4110_/Y
 _4111_/Y
 _4112_/Y
 _4113_/Y
 _4114_/Y
 _4115_/Y
 _4116_/Y
 _4117_/Y
 _4118_/Y
 _4119_/Y
 _4120_/Y
 _4121_/Y
 _4122_/Y
 _4123_/Y
 _4124_/Y
 _4125_/Y
 _4126_/Y
 _4127_/Y
 _4128_/Y
 _4129_/Y
 _4130_/Y
 _4131_/Y
 _4132_/Y
 _4133_/Y
 _4134_/Y
 _4135_/X
 _4136_/Y
 _4137_/Y
 _4138_/Y
 _4139_/Y
 _4140_/Y
 _4141_/X
 _4142_/Y
 _4143_/Y
 _4144_/Y
 _4145_/Y
 _4146_/Y
 _4147_/Y
 _4148_/Y
 _4149_/X
 _4150_/Y
 _4151_/Y
 _4152_/Y
 _4153_/Y
 _4154_/Y
 _4155_/Y
 _4156_/Y
 _4157_/Y
 _4158_/Y
 _4159_/Y
 _4160_/Y
 _4161_/Y
 _4162_/Y
 _4163_/X
 _4164_/X
 _4165_/Y
 _4166_/X
 _4167_/X
 _4168_/Y
 _4169_/Y
 _4170_/Y
 _4171_/Y
 _4172_/Y
 _4173_/Y
 _4174_/X
 _4175_/X
 _4176_/Y
 _4177_/X
 _4178_/X
 _4179_/Y
 _4180_/Y
 _4181_/X
 _4182_/X
 _4183_/X
 _4184_/Y
 _4185_/X
 _4186_/X
 _4187_/Y
 _4188_/X
 _4189_/Y
 _4190_/X
 _4191_/X
 _4192_/Y
 _4193_/X
 _4194_/X
 _4195_/Y
 _4196_/Y
 _4197_/X
 _4198_/Y
 _4199_/Y
 _4200_/Y
 _4201_/X
 _4202_/X
 _4203_/X
 _4204_/Y
 _4205_/X
 _4206_/X
 _4207_/Y
 _4208_/Y
 _4209_/X
 _4210_/Y
 _4211_/X
 _4212_/Y
 _4213_/X
 _4214_/Y
 _4215_/Y
 _4216_/Y
 _4217_/X
 _4218_/X
 _4219_/Y
 _4220_/X
 _4221_/X
 _4222_/Y
 _4223_/Y
 _4224_/X
 _4225_/Y
 _4226_/Y
 _4227_/Y
 _4228_/X
 _4229_/X
 _4230_/X
 _4231_/Y
 _4232_/Y
 _4233_/Y
 _4234_/Y
 _4235_/Y
 _4236_/Y
 _4237_/Y
 _4238_/Y
 _4239_/Y
 _4240_/Y
 _4241_/Y
 _4242_/Y
 _4243_/Y
 _4244_/Y
 _4245_/Y
 _4246_/Y
 _4247_/Y
 _4248_/Y
 _4249_/Y
 _4250_/Y
 _4251_/Y
 _4252_/Y
 _4253_/Y
 _4254_/Y
 _4255_/X
 _4256_/Y
 _4257_/Y
 _4258_/Y
 _4259_/X
 _4260_/Y
 _4261_/Y
 _4262_/Y
 _4263_/Y
 _4264_/Y
 _4265_/Y
 _4266_/Y
 _4267_/Y
 _4268_/X
 _4269_/Y
 _4270_/X
 _4271_/Y
 _4272_/X
 _4273_/X
 _4274_/Y
 _4275_/X
 _4276_/X
 _4277_/Y
 _4278_/X
 _4279_/Y
 _4280_/Y
 _4281_/Y
 _4282_/Y
 _4283_/Y
 _4284_/Y
 _4285_/Y
 _4286_/Y
 _4287_/Y
 _4288_/Y
 _4289_/Y
 _4290_/Y
 _4291_/Y
 _4292_/Y
 _4293_/X
 _4294_/Y
 _4295_/Y
 _4296_/Y
 _4297_/Y
 _4298_/X
 _4299_/Y
 _4300_/Y
 _4301_/Y
 _4302_/Y
 _4303_/X
 _4304_/Y
 _4305_/X
 _4306_/Y
 _4307_/X
 _4308_/X
 _4309_/Y
 _4310_/X
 _4311_/X
 _4312_/Y
 _4313_/X
 _4314_/Y
 _4315_/Y
 _4316_/Y
 _4317_/Y
 _4318_/Y
 _4319_/Y
 _4320_/Y
 _4321_/Y
 _4322_/Y
 _4323_/Y
 _4324_/Y
 _4325_/Y
 _4326_/Y
 _4327_/X
 _4328_/Y
 _4329_/Y
 _4330_/Y
 _4331_/Y
 _4332_/Y
 _4333_/Y
 _4334_/Y
 _4335_/Y
 _4336_/Y
 _4337_/Y
 _4338_/Y
 _4339_/X
 _4340_/Y
 _4341_/X
 _4342_/Y
 _4343_/Y
 _4344_/Y
 _4345_/X
 _4346_/Y
 _4347_/X
 _4348_/Y
 _4349_/Y
 _4350_/Y
 _4351_/Y
 _4352_/Y
 _4353_/Y
 _4354_/Y
 _4355_/Y
 _4356_/X
 _4357_/Y
 _4358_/Y
 _4359_/X
 _4360_/Y
 _4361_/Y
 _4362_/X
 _4363_/Y
 _4364_/X
 _4365_/Y
 _4366_/Y
 _4367_/X
 _4368_/Y
 _4369_/X
 _4370_/Y
 _4371_/X
 _4372_/Y
 _4373_/Y
 _4374_/Y
 _4375_/Y
 _4376_/X
 _4377_/Y
 _4378_/Y
 _4379_/Y
 _4380_/Y
 _4381_/Y
 _4382_/X
 _4383_/Y
 _4384_/Y
 _4385_/Y
 _4386_/Y
 _4387_/Y
 _4388_/Y
 _4389_/Y
 _4390_/Y
 _4391_/Y
 _4392_/X
 _4393_/X
 _4394_/X
 _4395_/Y
 _4396_/X
 _4397_/Y
 _4398_/Y
 _4399_/Y
 _4400_/Y
 _4401_/X
 _4402_/X
 _4403_/X
 _4404_/X
 _4405_/Y
 _4406_/X
 _4407_/X
 _4408_/Y
 _4409_/Y
 _4410_/Y
 _4411_/X
 _4412_/Y
 _4413_/X
 _4414_/X
 _4415_/Y
 _4416_/Y
 _4417_/X
 _4418_/Y
 _4419_/Y
 _4420_/Y
 _4421_/X
 _4422_/X
 _4423_/X
 _4424_/Y
 _4425_/Y
 _4426_/X
 _4427_/Y
 _4428_/Y
 _4429_/X
 _4430_/X
 _4431_/X
 _4432_/Y
 _4433_/Y
 _4434_/X
 _4435_/X
 _4436_/Y
 _4437_/Y
 _4438_/Y
 _4439_/Y
 _4440_/Y
 _4441_/Y
 _4442_/Y
 _4443_/X
 _4444_/Y
 _4445_/Y
 _4446_/Y
 _4447_/Y
 _4448_/X
 _4449_/Y
 _4450_/X
 _4451_/X
 _4452_/Y
 _4453_/Y
 _4454_/Y
 _4455_/Y
 _4456_/Y
 _4457_/Y
 _4458_/Y
 _4459_/Y
 _4460_/X
 _4461_/Y
 _4462_/Y
 _4463_/Y
 _4464_/Y
 _4465_/X
 _4466_/X
 _4467_/Y
 _4468_/X
 _4469_/Y
 _4470_/Y
 _4471_/Y
 _4472_/Y
 _4473_/Y
 _4474_/X
 _4475_/Y
 _4476_/X
 _4477_/Y
 _4478_/X
 _4479_/Y
 _4480_/Y
 _4481_/Y
 _4482_/Y
 _4483_/Y
 _4484_/Y
 _4485_/Y
 _4486_/Y
 _4487_/Y
 _4488_/Y
 _4489_/Y
 _4490_/Y
 _4491_/X
 _4492_/Y
 _4493_/X
 _4494_/Y
 _4495_/X
 _4496_/Y
 _4497_/Y
 _4498_/Y
 _4499_/Y
 _4500_/Y
 _4501_/Y
 _4502_/Y
 _4503_/Y
 _4504_/Y
 _4505_/X
 _4506_/X
 _4507_/Y
 _4508_/Y
 _4509_/Y
 _4510_/Y
 _4511_/Y
 _4512_/Y
 _4513_/X
 _4514_/Y
 _4515_/X
 _4516_/Y
 _4517_/Y
 _4518_/Y
 _4519_/Y
 _4520_/Y
 _4521_/Y
 _4522_/Y
 _4523_/Y
 _4524_/X
 _4525_/Y
 _4526_/Y
 _4527_/Y
 _4528_/Y
 _4529_/Y
 _4530_/Y
 _4531_/Y
 _4532_/Y
 _4533_/Y
 _4534_/Y
 _4535_/Y
 _4536_/Y
 _4537_/Y
 _4538_/Y
 _4539_/Y
 _4540_/Y
 _4541_/Y
 _4542_/Y
 _4543_/Y
 _4544_/Y
 _4545_/Y
 _4546_/X
 _4547_/Y
 _4548_/Y
 _4549_/Y
 _4550_/Y
 _4551_/X
 _4552_/Y
 _4553_/Y
 _4554_/Y
 _4555_/X
 _4556_/Y
 _4557_/X
 _4558_/Y
 _4559_/X
 _4560_/Y
 _4561_/Y
 _4562_/Y
 _4563_/Y
 _4564_/Y
 _4565_/Y
 _4566_/Y
 _4567_/Y
 _4568_/X
 _4569_/X
 _4570_/Y
 _4571_/X
 _4572_/X
 _4573_/Y
 _4574_/Y
 _4575_/Y
 _4576_/Y
 _4577_/Y
 _4578_/Y
 _4579_/X
 _4580_/X
 _4581_/Y
 _4582_/X
 _4583_/X
 _4584_/Y
 _4585_/Y
 _4586_/X
 _4587_/X
 _4588_/X
 _4589_/Y
 _4590_/X
 _4591_/X
 _4592_/Y
 _4593_/X
 _4594_/Y
 _4595_/X
 _4596_/X
 _4597_/Y
 _4598_/X
 _4599_/X
 _4600_/Y
 _4601_/Y
 _4602_/X
 _4603_/Y
 _4604_/Y
 _4605_/Y
 _4606_/X
 _4607_/X
 _4608_/X
 _4609_/Y
 _4610_/X
 _4611_/X
 _4612_/Y
 _4613_/X
 _4614_/Y
 _4615_/X
 _4616_/Y
 _4617_/Y
 _4618_/Y
 _4619_/X
 _4620_/Y
 _4621_/X
 _4622_/X
 _4623_/Y
 _4624_/X
 _4625_/X
 _4626_/Y
 _4627_/Y
 _4628_/X
 _4629_/Y
 _4630_/Y
 _4631_/Y
 _4632_/X
 _4633_/X
 _4634_/X
 _4635_/Y
 _4636_/Y
 _4637_/Y
 _4638_/Y
 _4639_/X
 _4640_/Y
 _4641_/Y
 _4642_/Y
 _4643_/Y
 _4644_/X
 _4645_/X
 _4646_/Y
 _4647_/Y
 _4648_/Y
 _4649_/Y
 _4650_/Y
 _4651_/Y
 _4652_/Y
 _4653_/Y
 _4654_/Y
 _4655_/Y
 _4656_/X
 _4657_/Y
 _4658_/Y
 _4659_/Y
 _4660_/Y
 _4661_/Y
 _4662_/Y
 _4663_/X
 _4664_/Y
 _4665_/Y
 _4666_/Y
 _4667_/Y
 _4668_/X
 _4669_/X
 _4670_/Y
 _4671_/Y
 _4672_/X
 _4673_/Y
 _4674_/X
 _4675_/Y
 _4676_/X
 _4677_/X
 _4678_/Y
 _4679_/X
 _4680_/X
 _4681_/Y
 _4682_/X
 _4683_/Y
 _4684_/Y
 _4685_/Y
 _4686_/Y
 _4687_/Y
 _4688_/Y
 _4689_/Y
 _4690_/Y
 _4691_/Y
 _4692_/Y
 _4693_/Y
 _4694_/Y
 _4695_/Y
 _4696_/Y
 _4697_/X
 _4698_/Y
 _4699_/Y
 _4700_/Y
 _4701_/Y
 _4702_/X
 _4703_/X
 _4704_/Y
 _4705_/Y
 _4706_/Y
 _4707_/Y
 _4708_/X
 _4709_/Y
 _4710_/X
 _4711_/Y
 _4712_/X
 _4713_/X
 _4714_/Y
 _4715_/X
 _4716_/X
 _4717_/Y
 _4718_/X
 _4719_/Y
 _4720_/Y
 _4721_/Y
 _4722_/Y
 _4723_/Y
 _4724_/Y
 _4725_/Y
 _4726_/Y
 _4727_/Y
 _4728_/Y
 _4729_/Y
 _4730_/Y
 _4731_/Y
 _4732_/X
 _4733_/X
 _4734_/Y
 _4735_/Y
 _4736_/Y
 _4737_/X
 _4738_/Y
 _4739_/X
 _4740_/Y
 _4741_/Y
 _4742_/Y
 _4743_/Y
 _4744_/Y
 _4745_/Y
 _4746_/Y
 _4747_/Y
 _4748_/X
 _4749_/Y
 _4750_/Y
 _4751_/Y
 _4752_/Y
 _4753_/X
 _4754_/Y
 _4755_/X
 _4756_/Y
 _4757_/Y
 _4758_/Y
 _4759_/Y
 _4760_/Y
 _4761_/Y
 _4762_/Y
 _4763_/Y
 _4764_/X
 _4765_/Y
 _4766_/Y
 _4767_/Y
 _4768_/Y
 _4769_/X
 _4770_/Y
 _4771_/Y
 _4772_/Y
 _4773_/X
 _4774_/X
 _4775_/Y
 _4776_/X
 _4777_/Y
 _4778_/Y
 _4779_/X
 _4780_/Y
 _4781_/Y
 _4782_/Y
 _4783_/X
 _4784_/Y
 _4785_/Y
 _4786_/X
 _4787_/X
 _4788_/Y
 _4789_/Y
 _4790_/Y
 _4791_/Y
 _4792_/Y
 _4793_/X
 _4794_/Y
 _4795_/Y
 _4796_/Y
 _4797_/Y
 _4798_/Y
 _4799_/Y
 _4800_/Y
 _4801_/X
 _4802_/X
 _4803_/X
 _4804_/Y
 _4805_/X
 _4806_/Y
 _4807_/Y
 _4808_/Y
 _4809_/Y
 _4810_/Y
 _4811_/Y
 _4812_/X
 _4813_/X
 _4814_/Y
 _4815_/Y
 _4816_/Y
 _4817_/X
 _4818_/Y
 _4819_/X
 _4820_/Y
 _4821_/X
 _4822_/Y
 _4823_/Y
 _4824_/Y
 _4825_/X
 _4826_/Y
 _4827_/Y
 _4828_/Y
 _4829_/X
 _4830_/X
 _4831_/Y
 _4832_/Y
 _4833_/X
 _4834_/Y
 _4835_/Y
 _4836_/Y
 _4837_/Y
 _4838_/Y
 _4839_/Y
 _4840_/X
 _4841_/X
 _4842_/Y
 _4843_/X
 _4844_/Y
 _4845_/X
 _4846_/X
 _4847_/Y
 _4848_/Y
 _4849_/Y
 _4850_/Y
 _4851_/X
 _4852_/X
 _4853_/Y
 _4854_/Y
 _4855_/Y
 _4856_/Y
 _4857_/X
 _4858_/Y
 _4859_/X
 _4860_/Y
 _4861_/X
 _4862_/Y
 _4863_/Y
 _4864_/Y
 _4865_/Y
 _4866_/Y
 _4867_/X
 _4868_/X
 _4869_/Y
 _4870_/Y
 _4871_/Y
 _4872_/Y
 _4873_/Y
 _4874_/X
 _4875_/Y
 _4876_/Y
 _4877_/Y
 _4878_/Y
 _4879_/X
 _4880_/X
 _4881_/Y
 _4882_/Y
 _4883_/Y
 _4884_/Y
 _4885_/Y
 _4886_/Y
 _4887_/Y
 _4888_/Y
 _4889_/Y
 _4890_/Y
 _4891_/Y
 _4892_/Y
 _4893_/Y
 _4894_/Y
 _4895_/Y
 _4896_/Y
 _4897_/Y
 _4898_/X
 _4899_/Y
 _4900_/Y
 _4901_/X
 _4902_/Y
 _4903_/Y
 _4904_/X
 _4905_/Y
 _4906_/Y
 _4907_/Y
 _4908_/Y
 _4909_/Y
 _4910_/Y
 _4911_/X
 _4912_/Y
 _4913_/Y
 _4914_/Y
 _4915_/Y
 _4916_/Y
 _4917_/Y
 _4918_/X
 _4919_/Y
 _4920_/X
 _4921_/Y
 _4922_/X
 _4923_/Y
 _4924_/Y
 _4925_/X
 _4926_/Y
 _4927_/X
 _4928_/Y
 _4929_/X
 _4930_/X
 _4931_/Y
 _4932_/Y
 _4933_/Y
 _4934_/Y
 _4935_/X
 _4936_/Y
 _4937_/Y
 _4938_/Y
 _4939_/X
 _4940_/Y
 _4941_/Y
 _4942_/Y
 _4943_/Y
 _4944_/Y
 _4945_/Y
 _4946_/Y
 _4947_/Y
 _4948_/Y
 _4949_/Y
 _4950_/Y
 _4951_/Y
 _4952_/Y
 _4953_/Y
 _4954_/Y
 _4955_/Y
 _4956_/Y
 _4957_/Y
 _4958_/X
 _4959_/Y
 _4960_/Y
 _4961_/Y
 _4962_/Y
 _4963_/Y
 _4964_/Y
 _4965_/Y
 _4966_/Y
 _4967_/Y
 _4968_/Y
 _4969_/Y
 _4970_/Y
 _4971_/Y
 _4972_/Y
 _4973_/Y
 _4974_/X
 _4975_/Y
 _4976_/X
 _4977_/Y
 _4978_/X
 _4979_/X
 _4980_/Y
 _4981_/Y
 _4982_/Y
 _4983_/Y
 _4984_/Y
 _4985_/Y
 _4986_/X
 _4987_/X
 _4988_/Y
 _4989_/Y
 _4990_/Y
 _4991_/Y
 _4992_/Y
 _4993_/Y
 _4994_/Y
 _4995_/Y
 _4996_/Y
 _4997_/Y
 _4998_/Y
 _4999_/X
 _5000_/X
 _5001_/Y
 _5002_/Y
 _5003_/Y
 _5004_/Y
 _5005_/Y
 _5006_/Y
 _5007_/Y
 _5008_/Y
 _5009_/X
 _5010_/X
 _5011_/Y
 _5012_/Y
 _5013_/Y
 _5014_/Y
 _5015_/Y
 _5016_/Y
 _5017_/Y
 _5018_/Y
 _5019_/Y
 _5020_/Y
 _5021_/Y
 _5022_/X
 _5023_/X
 _5024_/Y
 _5025_/Y
 _5026_/Y
 _5027_/Y
 _5028_/Y
 _5029_/Y
 _5030_/X
 _5031_/Y
 _5032_/Y
 _5033_/X
 _5034_/X
 _5035_/Y
 _5036_/Y
 _5037_/Y
 _5038_/Y
 _5039_/Y
 _5040_/Y
 _5041_/Y
 _5042_/Y
 _5043_/Y
 _5044_/Y
 _5045_/X
 _5046_/Y
 _5047_/X
 _5048_/Y
 _5049_/Y
 _5050_/Y
 _5051_/X
 _5052_/X
 _5053_/Y
 _5054_/Y
 _5055_/Y
 _5056_/Y
 _5057_/Y
 _5058_/X
 _5059_/Y
 _5060_/Y
 _5061_/Y
 _5062_/X
 _5063_/Y
 _5064_/Y
 _5065_/X
 _5066_/Y
 _5067_/Y
 _5068_/X
 _5069_/Y
 _5070_/Y
 _5071_/X
 _5072_/Y
 _5073_/Y
 _5074_/X
 _5075_/Y
 _5076_/Y
 _5077_/X
 _5078_/X
 _5079_/Y
 _5080_/Y
 _5081_/Y
 _5082_/X
 _5083_/Y
 _5084_/Y
 _5085_/Y
 _5086_/Y
 _5087_/Y
 _5088_/X
 _5089_/Y
 _5090_/Y
 _5091_/Y
 _5092_/X
 _5093_/X
 _5094_/Y
 _5095_/Y
 _5096_/X
 _5097_/Y
 _5098_/Y
 _5099_/X
 _5100_/Y
 _5101_/Y
 _5102_/Y
 _5103_/Y
 _5104_/Y
 _5105_/Y
 _5106_/Y
 _5107_/X
 _5108_/Y
 _5109_/Y
 _5110_/X
 _5111_/Y
 _5112_/X
 _5113_/Y
 _5114_/X
 _5115_/X
 _5116_/Y
 _5117_/X
 _5118_/Y
 _5119_/X
 _5120_/Y
 _5121_/Y
 _5122_/Y
 _5123_/Y
 _5124_/X
 _5125_/Y
 _5126_/Y
 _5127_/X
 _5128_/Y
 _5129_/Y
 _5130_/Y
 _5131_/Y
 _5132_/X
 _5133_/Y
 _5134_/Y
 _5135_/Y
 _5136_/X
 _5137_/Y
 _5138_/Y
 _5139_/Y
 _5140_/Y
 _5141_/Y
 _5142_/Y
 _5143_/Y
 _5144_/Y
 _5145_/Y
 _5146_/Y
 _5147_/Y
 _5148_/Y
 _5149_/X
 _5150_/Y
 _5151_/Y
 _5152_/X
 _5153_/Y
 _5154_/Y
 _5155_/X
 _5156_/Y
 _5157_/Y
 _5158_/Y
 _5159_/Y
 _5160_/X
 _5161_/Y
 _5162_/Y
 _5163_/Y
 _5164_/X
 _5165_/Y
 _5166_/Y
 _5167_/Y
 _5168_/Y
 _5169_/Y
 _5170_/Y
 _5171_/X
 _5172_/Y
 _5173_/X
 _5174_/Y
 _5175_/Y
 _5176_/Y
 _5177_/Y
 _5178_/Y
 _5179_/Y
 _5180_/Y
 _5181_/X
 _5182_/Y
 _5183_/Y
 _5184_/Y
 _5185_/X
 _5186_/Y
 _5187_/Y
 _5188_/Y
 _5189_/X
 _5190_/Y
 _5191_/Y
 _5192_/Y
 _5193_/Y
 _5194_/Y
 _5195_/Y
 _5196_/Y
 _5197_/Y
 _5198_/Y
 _5199_/Y
 _5200_/Y
 _5201_/Y
 _5202_/X
 _5203_/Y
 _5204_/Y
 _5205_/Y
 _5206_/Y
 _5207_/Y
 _5208_/Y
 _5209_/Y
 _5210_/X
 _5211_/X
 _5212_/X
 _5213_/Y
 _5214_/Y
 _5215_/X
 _5216_/Y
 _5217_/Y
 _5218_/X
 _5219_/Y
 _5220_/X
 _5221_/Y
 _5222_/Y
 _5223_/X
 _5224_/Y
 _5225_/Y
 _5226_/Y
 _5227_/Y
 _5228_/Y
 _5229_/Y
 _5230_/Y
 _5231_/X
 _5232_/Y
 _5233_/X
 _5234_/X
 _5235_/X
 _5236_/X
 _5237_/X
 _5238_/Y
 _5239_/Y
 _5240_/X
 _5241_/Y
 _5242_/Y
 _5243_/Y
 _5244_/X
 _5245_/X
 _5246_/Y
 _5247_/X
 _5248_/X
 _5249_/X
 _5250_/Y
 _5251_/Y
 _5252_/Y
 _5253_/Y
 _5254_/Y
 _5255_/Y
 _5256_/Y
 _5257_/Y
 _5258_/X
 _5259_/X
 _5260_/Y
 _5261_/Y
 _5262_/X
 _5263_/X
 _5264_/X
 _5265_/X
 _5266_/Y
 _5267_/Y
 _5268_/X
 _5269_/Y
 _5270_/X
 _5271_/Y
 _5272_/Y
 _5273_/Y
 _5274_/X
 _5275_/Y
 _5276_/Y
 _5277_/X
 _5278_/Y
 _5279_/Y
 _5280_/Y
 _5281_/Y
 _5282_/Y
 _5283_/Y
 _5284_/Y
 _5285_/Y
 _5286_/Y
 _5287_/Y
 _5288_/Y
 _5289_/X
 _5290_/Y
 _5291_/Y
 _5292_/Y
 _5293_/X
 _5294_/Y
 _5295_/Y
 _5296_/Y
 _5297_/Y
 _5298_/X
 _5299_/X
 _5300_/Y
 _5301_/Y
 _5302_/Y
 _5303_/Y
 _5304_/Y
 _5305_/X
 _5306_/X
 _5307_/Y
 _5308_/Y
 _5309_/X
 _5310_/Y
 _5311_/Y
 _5312_/X
 _5313_/Y
 _5314_/X
 _5315_/X
 _5316_/Y
 _5317_/Y
 _5318_/Y
 _5319_/X
 _5320_/Y
 _5321_/Y
 _5322_/Y
 _5323_/Y
 _5324_/X
 _5325_/Y
 _5326_/Y
 _5327_/Y
 _5328_/Y
 _5329_/Y
 _5330_/Y
 _5331_/Y
 _5332_/Y
 _5333_/Y
 _5334_/Y
 _5335_/Y
 _5336_/Y
 _5337_/Y
 _5338_/Y
 _5339_/X
 _5340_/X
 _5341_/Y
 _5342_/Y
 _5343_/Y
 _5344_/Y
 _5345_/Y
 _5346_/Y
 _5347_/Y
 _5348_/Y
 _5349_/Y
 _5350_/Y
 _5351_/Y
 _5352_/Y
 _5353_/X
 _5354_/Y
 _5355_/Y
 _5356_/Y
 _5357_/Y
 _5358_/Y
 _5359_/X
 _5360_/Y
 _5361_/Y
 _5362_/X
 _5363_/Y
 _5364_/X
 _5365_/Y
 _5366_/Y
 _5367_/Y
 _5368_/Y
 _5369_/Y
 _5370_/Y
 _5371_/Y
 _5372_/Y
 _5373_/X
 _5374_/Y
 _5375_/Y
 _5376_/Y
 _5377_/Y
 _5378_/Y
 _5379_/Y
 _5380_/Y
 _5381_/Y
 _5382_/X
 _5383_/Y
 _5384_/X
 _5385_/Y
 _5386_/Y
 _5387_/Y
 _5388_/Y
 _5389_/Y
 _5390_/Y
 _5391_/X
 _5392_/Y
 _5393_/Y
 _5394_/Y
 _5395_/Y
 _5396_/Y
 _5397_/Y
 _5398_/Y
 _5399_/Y
 _5400_/Y
 _5401_/Y
 _5402_/Y
 _5403_/Y
 _5404_/Y
 _5405_/Y
 _5406_/Y
 _5407_/Y
 _5408_/Y
 _5409_/Y
 _5410_/Y
 _5411_/Y
 _5412_/Y
 _5413_/Y
 _5414_/Y
 _5415_/Y
 _5416_/Y
 _5417_/Y
 _5418_/Y
 _5419_/Y
 _5420_/Y
 _5421_/Y
 _5422_/Y
 _5423_/Y
 _5424_/Y
 _5425_/Y
 _5426_/Y
 _5427_/Y
 _5428_/Y
 _5429_/Y
 _5430_/Y
 _5431_/Y
 _5432_/Y
 _5433_/X
 _5434_/Y
 _5435_/X
 _5436_/Y
 _5437_/Y
 _5438_/X
 _5439_/Y
 _5440_/Y
 _5441_/Y
 _5442_/Y
 _5443_/Y
 _5444_/X
 _5445_/X
 _5446_/X
 _5447_/X
 _5448_/Y
 _5449_/Y
 _5450_/Y
 _5451_/Y
 _5452_/Y
 _5453_/Y
 _5454_/Y
 _5455_/X
 _5456_/X
 _5457_/Y
 _5458_/Y
 _5459_/Y
 _5460_/X
 _5461_/Y
 _5462_/Y
 _5463_/Y
 _5464_/Y
 _5465_/X
 _5466_/Y
 _5467_/Y
 _5468_/Y
 _5469_/Y
 _5470_/X
 _5471_/Y
 _5472_/X
 _5473_/X
 _5474_/Y
 _5475_/Y
 _5476_/Y
 _5477_/Y
 _5478_/Y
 _5479_/Y
 _5480_/Y
 _5481_/Y
 _5482_/X
 _5483_/Y
 _5484_/Y
 _5485_/Y
 _5486_/Y
 _5487_/Y
 _5488_/Y
 _5489_/X
 _5490_/Y
 _5491_/Y
 _5492_/Y
 _5493_/Y
 _5494_/Y
 _5495_/Y
 _5496_/Y
 _5497_/Y
 _5498_/Y
 _5499_/Y
 _5500_/Y
 _5501_/Y
 _5502_/Y
 _5503_/Y
 _5504_/Y
 _5505_/Y
 _5506_/Y
 _5507_/Y
 _5508_/Y
 _5509_/Y
 _5510_/Y
 _5511_/Y
 _5512_/Y
 _5513_/Y
 _5514_/Y
 _5515_/Y
 _5516_/Y
 _5517_/Y
 _5518_/Y
 _5519_/Y
 _5520_/Y
 _5521_/Y
 _5522_/Y
 _5523_/Y
 _5524_/Y
 _5525_/Y
 _5526_/Y
 _5527_/Y
 _5528_/Y
 _5529_/Y
 _5530_/Y
 _5531_/Y
 _5532_/Y
 _5533_/Y
 _5534_/Y
 _5535_/Y
 _5536_/Y
 _5537_/Y
 _5538_/Y
 _5539_/Y
 _5540_/Y
 _5541_/Y
 _5542_/Y
 _5543_/Y
 _5544_/Y
 _5545_/Y
 _5546_/Y
 _5547_/X
 _5548_/X
 _5549_/Y
 _5550_/Y
 _5551_/Y
 _5552_/Y
 _5553_/Y
 _5554_/Y
 _5555_/X
 _5556_/Y
 _5557_/Y
 _5558_/Y
 _5559_/Y
 _5560_/Y
 _5561_/Y
 _5562_/Y
 _5563_/Y
 _5564_/Y
 _5565_/Y
 _5566_/Y
 _5567_/Y
 _5568_/Y
 _5569_/Y
 _5570_/X
 _5571_/Y
 _5572_/Y
 _5573_/Y
 _5574_/Y
 _5575_/Y
 _5576_/Y
 _5577_/Y
 _5578_/Y
 _5579_/Y
 _5580_/Y
 _5581_/Y
 _5582_/Y
 _5583_/Y
 _5584_/Y
 _5585_/Y
 _5586_/Y
 _5587_/Y
 _5588_/Y
 _5589_/Y
 _5590_/Y
 _5591_/Y
 _5592_/Y
 _5593_/Y
 _5594_/Y
 _5595_/Y
 _5596_/Y
 _5597_/Y
 _5598_/Y
 _5599_/Y
 _5600_/Y
 _5601_/Y
 _5602_/Y
 _5603_/Y
 _5604_/Y
 _5605_/Y
 _5606_/Y
 _5607_/Y
 _5608_/Y
 _5609_/Y
 _5610_/Y
 _5611_/Y
 _5612_/Y
 _5613_/Y
 _5614_/Y
 _5615_/Y
 _5616_/Y
 _5617_/Y
 _5618_/Y
 _5619_/Y
 _5620_/Y
 _5621_/Y
 _5622_/Y
 _5623_/Y
 _5624_/Y
 _5625_/Y
 _5626_/Y
 _5627_/Y
 _5628_/Y
 _5629_/Y
 _5630_/Y
 _5631_/Y
 _5632_/Y
 _5633_/Y
 _5634_/Y
 _5635_/Y
 _5636_/Y
 _5637_/Y
 _5638_/Y
 _5639_/Y
 _5640_/Y
 _5641_/Y
 _5642_/Y
 _5643_/Y
 _5644_/Y
 _5645_/Y
 _5646_/Y
 _5647_/Y
 _5648_/Y
 _5649_/Y
 _5650_/Y
 _5651_/Y
 _5652_/Y
 _5653_/Y
 _5654_/Y
 _5655_/Y
 _5656_/Y
 _5657_/Y
 _5658_/Y
 _5659_/Y
 _5660_/Y
 _5661_/Y
 _5662_/Y
 _5663_/Y
 _5664_/Y
 _5665_/L_HI
 _5666_/L_HI
 _5667_/L_HI
 _5668_/L_HI
 _5669_/L_HI
 _5670_/L_HI
 _5671_/L_HI
 _5672_/L_HI
 _5673_/L_HI
 _5674_/L_HI
 _5675_/L_HI
 _5676_/L_HI
 _5677_/L_HI
 _5678_/L_HI
 _5679_/L_HI
 _5680_/L_HI
 _5681_/L_HI
 _5682_/L_HI
 _5683_/L_HI
 _5684_/L_HI
 _5685_/L_HI
 _5686_/L_HI
 _5687_/L_HI
 _5688_/L_HI
 _5689_/L_HI
 _5690_/L_HI
 _5691_/L_HI
 _5692_/L_HI
 _5693_/L_HI
 _5694_/L_HI
 _5695_/L_HI
 _5696_/L_HI
 _5697_/L_HI
 _5698_/L_HI
 _5699_/L_HI
 _5700_/L_HI
 _5701_/L_HI
 _5702_/L_HI
 _5703_/L_HI
 _5704_/L_HI
 _5705_/L_HI
 _5706_/L_HI
 _5707_/L_HI
 _5708_/L_HI
 _5709_/L_HI
 _5710_/L_HI
 _5711_/L_HI
 _5712_/L_HI
 _5713_/L_HI
 _5714_/L_HI
 _5715_/L_HI
 _5716_/L_HI
 _5717_/L_HI
 _5718_/L_HI
 _5719_/L_HI
 _5720_/L_HI
 _5721_/L_HI
 _5722_/L_HI
 _5723_/L_HI
 _5724_/L_HI
 _5725_/L_HI
 _5726_/L_HI
 _5727_/L_HI
 _5728_/L_HI
 _5729_/L_HI
 _5730_/L_HI
 _5731_/L_HI
 _5732_/L_HI
 _5733_/L_HI
 _5734_/L_HI
 _5735_/L_HI
 _5736_/L_HI
 _5737_/L_HI
 _5738_/L_HI
 _5739_/L_HI
 _5740_/L_HI
 _5741_/L_HI
 _5742_/L_HI
 _5743_/L_HI
 _5744_/L_HI
 _5745_/L_HI
 _5746_/L_HI
 _5747_/L_HI
 _5748_/L_HI
 _5749_/L_HI
 _5750_/L_HI
 _5751_/L_HI
 _5752_/L_HI
 _5753_/L_HI
 _5754_/L_HI
 _5755_/L_HI
 _5756_/L_HI
 _5757_/L_HI
 _5758_/L_HI
 _5759_/L_HI
 _5760_/L_HI
 _5761_/L_HI
 _5762_/L_HI
 _5763_/L_HI
 _5764_/L_HI
 _5765_/L_HI
 _5766_/L_HI
 _5767_/L_HI
 _5768_/L_HI
 _5769_/L_HI
 _5770_/L_HI
 _5771_/L_HI
 _5772_/L_HI
 _5773_/L_HI
 _5774_/L_HI
 _5775_/L_HI
 _5776_/L_HI
 _5777_/L_HI
 _5778_/L_HI
 _5779_/L_HI
 _5780_/L_HI
 _5781_/L_HI
 _5782_/L_HI
 _5783_/L_HI
 _5784_/L_HI
 _5785_/L_HI
 _5786_/L_HI
 _5787_/L_HI
 _5788_/L_HI
 _5789_/L_HI
 _5790_/L_HI
 _5791_/L_HI
 _5792_/L_HI
 _5793_/L_HI
 _5794_/L_HI
 _5795_/L_HI
 _5796_/L_HI
 _5797_/L_HI
 _5798_/L_HI
 _5799_/L_HI
 _5800_/L_HI
 _5801_/L_HI
 _5802_/L_HI
 _5803_/L_HI
 _5804_/L_HI
 _5805_/L_HI
 _5806_/L_HI
 _5807_/L_HI
 _5808_/L_HI
 _5809_/L_HI
 _5810_/L_HI
 _5811_/L_HI
 _5812_/L_HI
 _5813_/L_HI
 _5814_/L_HI
 _5815_/L_HI
 _5816_/L_HI
 _5817_/L_HI
 _5818_/L_HI
 _5819_/L_HI
 _5820_/L_HI
 _5821_/L_HI
 _5822_/L_HI
 _5823_/L_HI
 _5824_/L_HI
 _5825_/L_HI
 _5826_/L_HI
 _5827_/L_HI
 _5828_/L_HI
 _5829_/L_HI
 _5830_/L_HI
 _5831_/L_HI
 _5832_/L_HI
 _5833_/L_HI
 _5834_/L_HI
 _5835_/L_HI
 _5836_/L_HI
 _5837_/L_HI
 _5838_/L_HI
 _5839_/L_HI
 _5840_/L_HI
 _5841_/L_HI
 _5842_/L_HI
 _5843_/L_HI
 _5844_/L_HI
 _5845_/L_HI
 _5846_/L_HI
 _5847_/L_HI
 _5848_/L_HI
 _5849_/L_HI
 _5850_/L_HI
 _5851_/L_HI
 _5852_/L_HI
 _5853_/L_HI
 _5854_/L_HI
 _5855_/L_HI
 _5856_/L_HI
 _5857_/L_HI
 _5858_/L_HI
 _5859_/L_HI
 _5860_/L_HI
 _5861_/L_HI
 _5862_/L_HI
 _5863_/L_HI
 _5864_/L_HI
 _5865_/L_HI
 _5866_/L_HI
 _5867_/L_HI
 _5868_/L_HI
 _5869_/L_HI
 _5870_/L_HI
 _5871_/L_HI
 _5872_/L_HI
 _5873_/L_HI
 _5874_/L_HI
 _5875_/L_HI
 _5876_/L_HI
 _5877_/L_HI
 _5878_/L_HI
 _5879_/L_HI
 _5880_/L_HI
 _5881_/L_HI
 _5882_/L_HI
 _5883_/L_HI
 _5884_/L_HI
 _5885_/L_HI
 _5886_/L_HI
 _5887_/L_HI
 _5888_/L_HI
 _5889_/L_HI
 _5890_/L_HI
 _5891_/L_HI
 _5892_/L_HI
 _5893_/L_HI
 _5894_/L_HI
 _5895_/L_HI
 _5896_/L_HI
 _5897_/L_HI
 _5898_/L_HI
 _5899_/L_HI
 _5900_/L_HI
 _5901_/L_HI
 _5902_/L_HI
 _5903_/L_HI
 _5904_/L_HI
 _5905_/L_HI
 _5906_/L_HI
 _5907_/L_HI
 _5908_/L_HI
 _5909_/L_HI
 _5910_/L_HI
 _5911_/L_HI
 _5912_/L_HI
 _5913_/L_HI
 _5914_/L_HI
 _5915_/L_HI
 _5916_/L_HI
 _5917_/L_HI
 _5918_/L_HI
 _5919_/L_HI
 _5920_/L_HI
 _5921_/L_HI
 _5922_/L_HI
 _5923_/L_HI
 _5924_/L_HI
 _5925_/L_HI
 _5926_/L_HI
 _5927_/L_HI
 _5928_/L_HI
 _5929_/L_HI
 _5930_/L_HI
 _5931_/L_HI
 _5932_/L_HI
 _5933_/L_HI
 _5934_/L_HI
 _5935_/L_HI
 _5936_/L_HI
 _5937_/L_HI
 _5938_/L_HI
 _5939_/L_HI
 _5940_/L_HI
 _5941_/L_HI
 _5942_/L_HI
 _5943_/L_HI
 _5944_/L_HI
 _5945_/L_HI
 _5946_/L_HI
 _5947_/L_HI
 _5948_/L_HI
 _5949_/L_HI
 _5950_/L_HI
 _5951_/L_HI
 _5952_/L_HI
 _5953_/L_HI
 _5954_/L_HI
 _5955_/L_HI
 _5956_/L_HI
 _5957_/L_HI
 _5958_/L_HI
 _5959_/L_HI
 _5960_/L_HI
 _5961_/L_HI
 _5962_/L_HI
 _5963_/L_HI
 _5964_/L_HI
 _5965_/L_HI
 _5966_/L_HI
 _5967_/L_HI
 _5968_/L_HI
 _5969_/L_HI
 _5970_/L_HI
 _5971_/L_HI
 _5972_/L_HI
 _5973_/L_HI
 _5974_/L_HI
 _5975_/L_HI
 _5976_/L_HI
 _5977_/L_HI
 _5978_/L_HI
 _5979_/L_HI
 _5980_/L_HI
 _5981_/L_HI
 _5982_/L_HI
 _5983_/L_HI
 _5984_/L_HI
 _5985_/L_HI
 _5986_/L_HI
 _5987_/L_HI
 _5988_/L_HI
 _5989_/L_HI
 _5990_/L_HI
 _5991_/L_HI
 _5992_/L_HI
 _5993_/L_HI
 _5994_/L_HI
 _5995_/L_HI
 _5996_/L_HI
 _5997_/L_HI
 _5998_/L_HI
 _5999_/L_HI
 _6000_/L_HI
 _6001_/L_HI
 _6002_/L_HI
 _6003_/L_HI
 _6004_/L_HI
 _6005_/L_HI
 _6006_/L_HI
 _6007_/L_HI
 _6008_/L_HI
 _6009_/L_HI
 _6010_/L_HI
 _6011_/L_HI
 _6012_/L_HI
 _6013_/L_HI
 _6014_/L_HI
 _6015_/L_HI
 _6016_/L_HI
 _6017_/L_HI
 _6018_/L_HI
 _6019_/L_HI
 _6020_/L_HI
 _6021_/L_HI
 _6022_/L_HI
 _6023_/L_HI
 _6024_/L_HI
 _6025_/L_HI
 _6026_/L_HI
 _6027_/L_HI
 _6028_/L_HI
 _6029_/L_HI
 _6030_/L_HI
 _6031_/L_HI
 _6032_/L_HI
 _6033_/L_HI
 _6034_/L_HI
 _6035_/L_HI
 _6036_/L_HI
 _6037_/L_HI
 _6038_/L_HI
 _6039_/L_HI
 _6040_/L_HI
 _6041_/L_HI
 _6042_/L_HI
 _6043_/L_HI
 _6044_/L_HI
 _6045_/L_HI
 _6046_/L_HI
 _6047_/L_HI
 _6048_/L_HI
 _6049_/L_HI
 _6050_/L_HI
 _6051_/L_HI
 _6052_/L_HI
 _6053_/L_HI
 _6054_/L_HI
 _6055_/L_HI
 _6056_/L_HI
 _6057_/L_HI
 _6058_/L_HI
 _6059_/L_HI
 _6060_/L_HI
 _6061_/L_HI
 _6062_/L_HI
 _6063_/L_HI
 _6064_/L_HI
 _6065_/L_HI
 _6066_/L_HI
 _6067_/L_HI
 _6068_/L_HI
 _6069_/L_HI
 _6070_/L_HI
 _6071_/L_HI
 _6072_/L_HI
 _6073_/L_HI
 _6074_/L_HI
 _6075_/L_LO
 _6076_/L_LO
 _6077_/L_LO
 _6078_/L_LO
 _6079_/L_LO
 _6080_/L_LO
 _6081_/L_LO
 _6082_/L_LO
 _6083_/L_LO
 _6084_/L_LO
 _6085_/L_LO
 _6086_/L_LO
 _6087_/L_LO
 _6088_/L_LO
 _6089_/L_LO
 _6090_/L_LO
 _6091_/L_LO
 _6092_/L_LO
 _6093_/L_LO
 _6094_/L_LO
 _6095_/L_LO
 _6096_/L_LO
 _6097_/L_LO
 _6098_/L_LO
 _6099_/L_LO
 _6100_/L_LO
 _6101_/L_LO
 _6102_/L_LO
 _6103_/L_LO
 _6104_/L_LO
 _6105_/L_LO
 _6106_/L_LO
 _6107_/L_LO
 _6108_/L_LO
 _6109_/L_LO
 _6110_/L_LO
 _6111_/L_LO
 _6112_/L_LO
 _6113_/L_LO
 _6114_/L_LO
 _6115_/L_LO
 _6116_/L_LO
 _6117_/L_LO
 _6118_/L_LO
 _6119_/L_LO
 _6120_/L_LO
 _6121_/L_LO
 _6122_/L_LO
 _6123_/L_LO
 _6124_/L_LO
 _6125_/L_LO
 _6126_/L_LO
 _6127_/L_LO
 _6128_/L_LO
 _6129_/L_LO
 _6130_/L_LO
 _6131_/L_LO
 _6132_/L_LO
 _6133_/L_LO
 _6134_/L_LO
 _6135_/L_LO
 _6136_/L_LO
 _6137_/L_LO
 _6138_/L_LO
 _6139_/L_LO
 _6140_/L_LO
 _6141_/L_LO
 _6142_/L_LO
 _6143_/L_LO
 _6144_/L_LO
 _6145_/L_LO
 _6146_/L_LO
 _6147_/L_LO
 _6148_/L_LO
 _6149_/L_LO
 _6150_/L_LO
 _6151_/L_LO
 _6152_/L_LO
 _6153_/L_LO
 _6154_/L_LO
 _6155_/L_LO
 _6156_/L_LO
 _6157_/L_LO
 _6158_/L_LO
 _6159_/L_LO
 _6160_/L_LO
 _6161_/L_LO
 _6162_/L_LO
 _6163_/L_LO
 _6164_/L_LO
 _6165_/L_LO
 _6166_/L_LO
 half_sel$_SDFFE_PP0P_/Q
 ram_wrcnt\[0\]$_SDFFE_PP0P_/Q
 ram_wrcnt\[1\]$_SDFFE_PP0P_/Q
 read_count$_SDFF_PP0_/Q
 read_data_out\[0\]$_SDFFE_PP0P_/Q
 read_data_out\[1\]$_SDFFE_PP0P_/Q
 read_data_out\[2\]$_SDFFE_PP0P_/Q
 read_data_out\[3\]$_SDFFE_PP0P_/Q
 read_data_out\[4\]$_SDFFE_PP0P_/Q
 read_data_out\[5\]$_SDFFE_PP0P_/Q
 read_data_out\[6\]$_SDFFE_PP0P_/Q
 read_data_out\[7\]$_SDFFE_PP0P_/Q
 read_data_out\[8\]$_SDFFE_PP0P_/Q
 read_index\[0\]$_SDFFE_PP0P_/Q
 read_index\[1\]$_SDFFE_PP0P_/Q
 read_index\[2\]$_SDFFE_PP0P_/Q
 read_index\[3\]$_SDFFE_PP0P_/Q
 read_index\[4\]$_SDFFE_PP0P_/Q
 read_index\[5\]$_SDFFE_PP0P_/Q
 read_index\[6\]$_SDFFE_PP0P_/Q
 read_index\[7\]$_SDFFE_PP0P_/Q
 read_index\[8\]$_SDFFE_PP0P_/Q
 u_ctrl.col_j\[0\]$_SDFFE_PP0P_/Q
 u_ctrl.col_j\[1\]$_SDFFE_PP0P_/Q
 u_ctrl.finish$_SDFF_PP0_/Q
 u_ctrl.input_cnt\[0\]$_SDFFE_PP0P_/Q
 u_ctrl.input_cnt\[1\]$_SDFFE_PP0P_/Q
 u_ctrl.input_cnt\[2\]$_SDFFE_PP0P_/Q
 u_ctrl.input_cnt\[3\]$_SDFFE_PP0P_/Q
 u_ctrl.input_cnt\[4\]$_SDFFE_PP0P_/Q
 u_ctrl.k_cnt\[0\]$_SDFFE_PP0P_/Q
 u_ctrl.k_cnt\[1\]$_SDFFE_PP0P_/Q
 u_ctrl.k_cnt\[2\]$_SDFFE_PP0P_/Q
 u_ctrl.res_idx_r\[0\]$_SDFFE_PP0P_/Q
 u_ctrl.res_idx_r\[1\]$_SDFFE_PP0P_/Q
 u_ctrl.res_idx_r\[2\]$_SDFFE_PP0P_/Q
 u_ctrl.res_idx_r\[3\]$_SDFFE_PP0P_/Q
 u_ctrl.res_idx_r\[4\]$_SDFFE_PP0P_/Q
 u_ctrl.res_idx_r\[5\]$_SDFFE_PP0P_/Q
 u_ctrl.res_idx_r\[6\]$_SDFFE_PP0P_/Q
 u_ctrl.res_idx_r\[7\]$_SDFFE_PP0P_/Q
 u_ctrl.res_idx_r\[8\]$_SDFFE_PP0P_/Q
 u_ctrl.state\[0\]$_DFF_P_/Q
 u_ctrl.state\[1\]$_DFF_P_/Q
 u_ctrl.state\[2\]$_DFF_P_/Q
 u_ctrl.state\[3\]$_DFF_P_/Q
 u_ctrl.state\[4\]$_DFF_P_/Q
 u_ctrl.state\[5\]$_DFF_P_/Q
 u_input_buffer.mem\[0\]\[0\]$_DFFE_PP_/Q
 u_input_buffer.mem\[0\]\[1\]$_DFFE_PP_/Q
 u_input_buffer.mem\[0\]\[2\]$_DFFE_PP_/Q
 u_input_buffer.mem\[0\]\[3\]$_DFFE_PP_/Q
 u_input_buffer.mem\[0\]\[4\]$_DFFE_PP_/Q
 u_input_buffer.mem\[0\]\[5\]$_DFFE_PP_/Q
 u_input_buffer.mem\[0\]\[6\]$_DFFE_PP_/Q
 u_input_buffer.mem\[0\]\[7\]$_DFFE_PP_/Q
 u_input_buffer.mem\[10\]\[0\]$_DFFE_PP_/Q
 u_input_buffer.mem\[10\]\[1\]$_DFFE_PP_/Q
 u_input_buffer.mem\[10\]\[2\]$_DFFE_PP_/Q
 u_input_buffer.mem\[10\]\[3\]$_DFFE_PP_/Q
 u_input_buffer.mem\[10\]\[4\]$_DFFE_PP_/Q
 u_input_buffer.mem\[10\]\[5\]$_DFFE_PP_/Q
 u_input_buffer.mem\[10\]\[6\]$_DFFE_PP_/Q
 u_input_buffer.mem\[10\]\[7\]$_DFFE_PP_/Q
 u_input_buffer.mem\[11\]\[0\]$_DFFE_PP_/Q
 u_input_buffer.mem\[11\]\[1\]$_DFFE_PP_/Q
 u_input_buffer.mem\[11\]\[2\]$_DFFE_PP_/Q
 u_input_buffer.mem\[11\]\[3\]$_DFFE_PP_/Q
 u_input_buffer.mem\[11\]\[4\]$_DFFE_PP_/Q
 u_input_buffer.mem\[11\]\[5\]$_DFFE_PP_/Q
 u_input_buffer.mem\[11\]\[6\]$_DFFE_PP_/Q
 u_input_buffer.mem\[11\]\[7\]$_DFFE_PP_/Q
 u_input_buffer.mem\[12\]\[0\]$_DFFE_PP_/Q
 u_input_buffer.mem\[12\]\[1\]$_DFFE_PP_/Q
 u_input_buffer.mem\[12\]\[2\]$_DFFE_PP_/Q
 u_input_buffer.mem\[12\]\[3\]$_DFFE_PP_/Q
 u_input_buffer.mem\[12\]\[4\]$_DFFE_PP_/Q
 u_input_buffer.mem\[12\]\[5\]$_DFFE_PP_/Q
 u_input_buffer.mem\[12\]\[6\]$_DFFE_PP_/Q
 u_input_buffer.mem\[12\]\[7\]$_DFFE_PP_/Q
 u_input_buffer.mem\[13\]\[0\]$_DFFE_PP_/Q
 u_input_buffer.mem\[13\]\[1\]$_DFFE_PP_/Q
 u_input_buffer.mem\[13\]\[2\]$_DFFE_PP_/Q
 u_input_buffer.mem\[13\]\[3\]$_DFFE_PP_/Q
 u_input_buffer.mem\[13\]\[4\]$_DFFE_PP_/Q
 u_input_buffer.mem\[13\]\[5\]$_DFFE_PP_/Q
 u_input_buffer.mem\[13\]\[6\]$_DFFE_PP_/Q
 u_input_buffer.mem\[13\]\[7\]$_DFFE_PP_/Q
 u_input_buffer.mem\[14\]\[0\]$_DFFE_PP_/Q
 u_input_buffer.mem\[14\]\[1\]$_DFFE_PP_/Q
 u_input_buffer.mem\[14\]\[2\]$_DFFE_PP_/Q
 u_input_buffer.mem\[14\]\[3\]$_DFFE_PP_/Q
 u_input_buffer.mem\[14\]\[4\]$_DFFE_PP_/Q
 u_input_buffer.mem\[14\]\[5\]$_DFFE_PP_/Q
 u_input_buffer.mem\[14\]\[6\]$_DFFE_PP_/Q
 u_input_buffer.mem\[14\]\[7\]$_DFFE_PP_/Q
 u_input_buffer.mem\[15\]\[0\]$_DFFE_PP_/Q
 u_input_buffer.mem\[15\]\[1\]$_DFFE_PP_/Q
 u_input_buffer.mem\[15\]\[2\]$_DFFE_PP_/Q
 u_input_buffer.mem\[15\]\[3\]$_DFFE_PP_/Q
 u_input_buffer.mem\[15\]\[4\]$_DFFE_PP_/Q
 u_input_buffer.mem\[15\]\[5\]$_DFFE_PP_/Q
 u_input_buffer.mem\[15\]\[6\]$_DFFE_PP_/Q
 u_input_buffer.mem\[15\]\[7\]$_DFFE_PP_/Q
 u_input_buffer.mem\[16\]\[0\]$_DFFE_PP_/Q
 u_input_buffer.mem\[16\]\[1\]$_DFFE_PP_/Q
 u_input_buffer.mem\[16\]\[2\]$_DFFE_PP_/Q
 u_input_buffer.mem\[16\]\[3\]$_DFFE_PP_/Q
 u_input_buffer.mem\[16\]\[4\]$_DFFE_PP_/Q
 u_input_buffer.mem\[16\]\[5\]$_DFFE_PP_/Q
 u_input_buffer.mem\[16\]\[6\]$_DFFE_PP_/Q
 u_input_buffer.mem\[16\]\[7\]$_DFFE_PP_/Q
 u_input_buffer.mem\[17\]\[0\]$_DFFE_PP_/Q
 u_input_buffer.mem\[17\]\[1\]$_DFFE_PP_/Q
 u_input_buffer.mem\[17\]\[2\]$_DFFE_PP_/Q
 u_input_buffer.mem\[17\]\[3\]$_DFFE_PP_/Q
 u_input_buffer.mem\[17\]\[4\]$_DFFE_PP_/Q
 u_input_buffer.mem\[17\]\[5\]$_DFFE_PP_/Q
 u_input_buffer.mem\[17\]\[6\]$_DFFE_PP_/Q
 u_input_buffer.mem\[17\]\[7\]$_DFFE_PP_/Q
 u_input_buffer.mem\[18\]\[0\]$_DFFE_PP_/Q
 u_input_buffer.mem\[18\]\[1\]$_DFFE_PP_/Q
 u_input_buffer.mem\[18\]\[2\]$_DFFE_PP_/Q
 u_input_buffer.mem\[18\]\[3\]$_DFFE_PP_/Q
 u_input_buffer.mem\[18\]\[4\]$_DFFE_PP_/Q
 u_input_buffer.mem\[18\]\[5\]$_DFFE_PP_/Q
 u_input_buffer.mem\[18\]\[6\]$_DFFE_PP_/Q
 u_input_buffer.mem\[18\]\[7\]$_DFFE_PP_/Q
 u_input_buffer.mem\[19\]\[0\]$_DFFE_PP_/Q
 u_input_buffer.mem\[19\]\[1\]$_DFFE_PP_/Q
 u_input_buffer.mem\[19\]\[2\]$_DFFE_PP_/Q
 u_input_buffer.mem\[19\]\[3\]$_DFFE_PP_/Q
 u_input_buffer.mem\[19\]\[4\]$_DFFE_PP_/Q
 u_input_buffer.mem\[19\]\[5\]$_DFFE_PP_/Q
 u_input_buffer.mem\[19\]\[6\]$_DFFE_PP_/Q
 u_input_buffer.mem\[19\]\[7\]$_DFFE_PP_/Q
 u_input_buffer.mem\[1\]\[0\]$_DFFE_PP_/Q
 u_input_buffer.mem\[1\]\[1\]$_DFFE_PP_/Q
 u_input_buffer.mem\[1\]\[2\]$_DFFE_PP_/Q
 u_input_buffer.mem\[1\]\[3\]$_DFFE_PP_/Q
 u_input_buffer.mem\[1\]\[4\]$_DFFE_PP_/Q
 u_input_buffer.mem\[1\]\[5\]$_DFFE_PP_/Q
 u_input_buffer.mem\[1\]\[6\]$_DFFE_PP_/Q
 u_input_buffer.mem\[1\]\[7\]$_DFFE_PP_/Q
 u_input_buffer.mem\[20\]\[0\]$_DFFE_PP_/Q
 u_input_buffer.mem\[20\]\[1\]$_DFFE_PP_/Q
 u_input_buffer.mem\[20\]\[2\]$_DFFE_PP_/Q
 u_input_buffer.mem\[20\]\[3\]$_DFFE_PP_/Q
 u_input_buffer.mem\[20\]\[4\]$_DFFE_PP_/Q
 u_input_buffer.mem\[20\]\[5\]$_DFFE_PP_/Q
 u_input_buffer.mem\[20\]\[6\]$_DFFE_PP_/Q
 u_input_buffer.mem\[20\]\[7\]$_DFFE_PP_/Q
 u_input_buffer.mem\[21\]\[0\]$_DFFE_PP_/Q
 u_input_buffer.mem\[21\]\[1\]$_DFFE_PP_/Q
 u_input_buffer.mem\[21\]\[2\]$_DFFE_PP_/Q
 u_input_buffer.mem\[21\]\[3\]$_DFFE_PP_/Q
 u_input_buffer.mem\[21\]\[4\]$_DFFE_PP_/Q
 u_input_buffer.mem\[21\]\[5\]$_DFFE_PP_/Q
 u_input_buffer.mem\[21\]\[6\]$_DFFE_PP_/Q
 u_input_buffer.mem\[21\]\[7\]$_DFFE_PP_/Q
 u_input_buffer.mem\[22\]\[0\]$_DFFE_PP_/Q
 u_input_buffer.mem\[22\]\[1\]$_DFFE_PP_/Q
 u_input_buffer.mem\[22\]\[2\]$_DFFE_PP_/Q
 u_input_buffer.mem\[22\]\[3\]$_DFFE_PP_/Q
 u_input_buffer.mem\[22\]\[4\]$_DFFE_PP_/Q
 u_input_buffer.mem\[22\]\[5\]$_DFFE_PP_/Q
 u_input_buffer.mem\[22\]\[6\]$_DFFE_PP_/Q
 u_input_buffer.mem\[22\]\[7\]$_DFFE_PP_/Q
 u_input_buffer.mem\[23\]\[0\]$_DFFE_PP_/Q
 u_input_buffer.mem\[23\]\[1\]$_DFFE_PP_/Q
 u_input_buffer.mem\[23\]\[2\]$_DFFE_PP_/Q
 u_input_buffer.mem\[23\]\[3\]$_DFFE_PP_/Q
 u_input_buffer.mem\[23\]\[4\]$_DFFE_PP_/Q
 u_input_buffer.mem\[23\]\[5\]$_DFFE_PP_/Q
 u_input_buffer.mem\[23\]\[6\]$_DFFE_PP_/Q
 u_input_buffer.mem\[23\]\[7\]$_DFFE_PP_/Q
 u_input_buffer.mem\[24\]\[0\]$_DFFE_PP_/Q
 u_input_buffer.mem\[24\]\[1\]$_DFFE_PP_/Q
 u_input_buffer.mem\[24\]\[2\]$_DFFE_PP_/Q
 u_input_buffer.mem\[24\]\[3\]$_DFFE_PP_/Q
 u_input_buffer.mem\[24\]\[4\]$_DFFE_PP_/Q
 u_input_buffer.mem\[24\]\[5\]$_DFFE_PP_/Q
 u_input_buffer.mem\[24\]\[6\]$_DFFE_PP_/Q
 u_input_buffer.mem\[24\]\[7\]$_DFFE_PP_/Q
 u_input_buffer.mem\[25\]\[0\]$_DFFE_PP_/Q
 u_input_buffer.mem\[25\]\[1\]$_DFFE_PP_/Q
 u_input_buffer.mem\[25\]\[2\]$_DFFE_PP_/Q
 u_input_buffer.mem\[25\]\[3\]$_DFFE_PP_/Q
 u_input_buffer.mem\[25\]\[4\]$_DFFE_PP_/Q
 u_input_buffer.mem\[25\]\[5\]$_DFFE_PP_/Q
 u_input_buffer.mem\[25\]\[6\]$_DFFE_PP_/Q
 u_input_buffer.mem\[25\]\[7\]$_DFFE_PP_/Q
 u_input_buffer.mem\[26\]\[0\]$_DFFE_PP_/Q
 u_input_buffer.mem\[26\]\[1\]$_DFFE_PP_/Q
 u_input_buffer.mem\[26\]\[2\]$_DFFE_PP_/Q
 u_input_buffer.mem\[26\]\[3\]$_DFFE_PP_/Q
 u_input_buffer.mem\[26\]\[4\]$_DFFE_PP_/Q
 u_input_buffer.mem\[26\]\[5\]$_DFFE_PP_/Q
 u_input_buffer.mem\[26\]\[6\]$_DFFE_PP_/Q
 u_input_buffer.mem\[26\]\[7\]$_DFFE_PP_/Q
 u_input_buffer.mem\[27\]\[0\]$_DFFE_PP_/Q
 u_input_buffer.mem\[27\]\[1\]$_DFFE_PP_/Q
 u_input_buffer.mem\[27\]\[2\]$_DFFE_PP_/Q
 u_input_buffer.mem\[27\]\[3\]$_DFFE_PP_/Q
 u_input_buffer.mem\[27\]\[4\]$_DFFE_PP_/Q
 u_input_buffer.mem\[27\]\[5\]$_DFFE_PP_/Q
 u_input_buffer.mem\[27\]\[6\]$_DFFE_PP_/Q
 u_input_buffer.mem\[27\]\[7\]$_DFFE_PP_/Q
 u_input_buffer.mem\[28\]\[0\]$_DFFE_PP_/Q
 u_input_buffer.mem\[28\]\[1\]$_DFFE_PP_/Q
 u_input_buffer.mem\[28\]\[2\]$_DFFE_PP_/Q
 u_input_buffer.mem\[28\]\[3\]$_DFFE_PP_/Q
 u_input_buffer.mem\[28\]\[4\]$_DFFE_PP_/Q
 u_input_buffer.mem\[28\]\[5\]$_DFFE_PP_/Q
 u_input_buffer.mem\[28\]\[6\]$_DFFE_PP_/Q
 u_input_buffer.mem\[28\]\[7\]$_DFFE_PP_/Q
 u_input_buffer.mem\[29\]\[0\]$_DFFE_PP_/Q
 u_input_buffer.mem\[29\]\[1\]$_DFFE_PP_/Q
 u_input_buffer.mem\[29\]\[2\]$_DFFE_PP_/Q
 u_input_buffer.mem\[29\]\[3\]$_DFFE_PP_/Q
 u_input_buffer.mem\[29\]\[4\]$_DFFE_PP_/Q
 u_input_buffer.mem\[29\]\[5\]$_DFFE_PP_/Q
 u_input_buffer.mem\[29\]\[6\]$_DFFE_PP_/Q
 u_input_buffer.mem\[29\]\[7\]$_DFFE_PP_/Q
 u_input_buffer.mem\[2\]\[0\]$_DFFE_PP_/Q
 u_input_buffer.mem\[2\]\[1\]$_DFFE_PP_/Q
 u_input_buffer.mem\[2\]\[2\]$_DFFE_PP_/Q
 u_input_buffer.mem\[2\]\[3\]$_DFFE_PP_/Q
 u_input_buffer.mem\[2\]\[4\]$_DFFE_PP_/Q
 u_input_buffer.mem\[2\]\[5\]$_DFFE_PP_/Q
 u_input_buffer.mem\[2\]\[6\]$_DFFE_PP_/Q
 u_input_buffer.mem\[2\]\[7\]$_DFFE_PP_/Q
 u_input_buffer.mem\[30\]\[0\]$_DFFE_PP_/Q
 u_input_buffer.mem\[30\]\[1\]$_DFFE_PP_/Q
 u_input_buffer.mem\[30\]\[2\]$_DFFE_PP_/Q
 u_input_buffer.mem\[30\]\[3\]$_DFFE_PP_/Q
 u_input_buffer.mem\[30\]\[4\]$_DFFE_PP_/Q
 u_input_buffer.mem\[30\]\[5\]$_DFFE_PP_/Q
 u_input_buffer.mem\[30\]\[6\]$_DFFE_PP_/Q
 u_input_buffer.mem\[30\]\[7\]$_DFFE_PP_/Q
 u_input_buffer.mem\[31\]\[0\]$_DFFE_PP_/Q
 u_input_buffer.mem\[31\]\[1\]$_DFFE_PP_/Q
 u_input_buffer.mem\[31\]\[2\]$_DFFE_PP_/Q
 u_input_buffer.mem\[31\]\[3\]$_DFFE_PP_/Q
 u_input_buffer.mem\[31\]\[4\]$_DFFE_PP_/Q
 u_input_buffer.mem\[31\]\[5\]$_DFFE_PP_/Q
 u_input_buffer.mem\[31\]\[6\]$_DFFE_PP_/Q
 u_input_buffer.mem\[31\]\[7\]$_DFFE_PP_/Q
 u_input_buffer.mem\[3\]\[0\]$_DFFE_PP_/Q
 u_input_buffer.mem\[3\]\[1\]$_DFFE_PP_/Q
 u_input_buffer.mem\[3\]\[2\]$_DFFE_PP_/Q
 u_input_buffer.mem\[3\]\[3\]$_DFFE_PP_/Q
 u_input_buffer.mem\[3\]\[4\]$_DFFE_PP_/Q
 u_input_buffer.mem\[3\]\[5\]$_DFFE_PP_/Q
 u_input_buffer.mem\[3\]\[6\]$_DFFE_PP_/Q
 u_input_buffer.mem\[3\]\[7\]$_DFFE_PP_/Q
 u_input_buffer.mem\[4\]\[0\]$_DFFE_PP_/Q
 u_input_buffer.mem\[4\]\[1\]$_DFFE_PP_/Q
 u_input_buffer.mem\[4\]\[2\]$_DFFE_PP_/Q
 u_input_buffer.mem\[4\]\[3\]$_DFFE_PP_/Q
 u_input_buffer.mem\[4\]\[4\]$_DFFE_PP_/Q
 u_input_buffer.mem\[4\]\[5\]$_DFFE_PP_/Q
 u_input_buffer.mem\[4\]\[6\]$_DFFE_PP_/Q
 u_input_buffer.mem\[4\]\[7\]$_DFFE_PP_/Q
 u_input_buffer.mem\[5\]\[0\]$_DFFE_PP_/Q
 u_input_buffer.mem\[5\]\[1\]$_DFFE_PP_/Q
 u_input_buffer.mem\[5\]\[2\]$_DFFE_PP_/Q
 u_input_buffer.mem\[5\]\[3\]$_DFFE_PP_/Q
 u_input_buffer.mem\[5\]\[4\]$_DFFE_PP_/Q
 u_input_buffer.mem\[5\]\[5\]$_DFFE_PP_/Q
 u_input_buffer.mem\[5\]\[6\]$_DFFE_PP_/Q
 u_input_buffer.mem\[5\]\[7\]$_DFFE_PP_/Q
 u_input_buffer.mem\[6\]\[0\]$_DFFE_PP_/Q
 u_input_buffer.mem\[6\]\[1\]$_DFFE_PP_/Q
 u_input_buffer.mem\[6\]\[2\]$_DFFE_PP_/Q
 u_input_buffer.mem\[6\]\[3\]$_DFFE_PP_/Q
 u_input_buffer.mem\[6\]\[4\]$_DFFE_PP_/Q
 u_input_buffer.mem\[6\]\[5\]$_DFFE_PP_/Q
 u_input_buffer.mem\[6\]\[6\]$_DFFE_PP_/Q
 u_input_buffer.mem\[6\]\[7\]$_DFFE_PP_/Q
 u_input_buffer.mem\[7\]\[0\]$_DFFE_PP_/Q
 u_input_buffer.mem\[7\]\[1\]$_DFFE_PP_/Q
 u_input_buffer.mem\[7\]\[2\]$_DFFE_PP_/Q
 u_input_buffer.mem\[7\]\[3\]$_DFFE_PP_/Q
 u_input_buffer.mem\[7\]\[4\]$_DFFE_PP_/Q
 u_input_buffer.mem\[7\]\[5\]$_DFFE_PP_/Q
 u_input_buffer.mem\[7\]\[6\]$_DFFE_PP_/Q
 u_input_buffer.mem\[7\]\[7\]$_DFFE_PP_/Q
 u_input_buffer.mem\[8\]\[0\]$_DFFE_PP_/Q
 u_input_buffer.mem\[8\]\[1\]$_DFFE_PP_/Q
 u_input_buffer.mem\[8\]\[2\]$_DFFE_PP_/Q
 u_input_buffer.mem\[8\]\[3\]$_DFFE_PP_/Q
 u_input_buffer.mem\[8\]\[4\]$_DFFE_PP_/Q
 u_input_buffer.mem\[8\]\[5\]$_DFFE_PP_/Q
 u_input_buffer.mem\[8\]\[6\]$_DFFE_PP_/Q
 u_input_buffer.mem\[8\]\[7\]$_DFFE_PP_/Q
 u_input_buffer.mem\[9\]\[0\]$_DFFE_PP_/Q
 u_input_buffer.mem\[9\]\[1\]$_DFFE_PP_/Q
 u_input_buffer.mem\[9\]\[2\]$_DFFE_PP_/Q
 u_input_buffer.mem\[9\]\[3\]$_DFFE_PP_/Q
 u_input_buffer.mem\[9\]\[4\]$_DFFE_PP_/Q
 u_input_buffer.mem\[9\]\[5\]$_DFFE_PP_/Q
 u_input_buffer.mem\[9\]\[6\]$_DFFE_PP_/Q
 u_input_buffer.mem\[9\]\[7\]$_DFFE_PP_/Q
 u_mac_1.temp_res\[0\]$_SDFF_PP0_/Q
 u_mac_1.temp_res\[10\]$_SDFF_PP0_/Q
 u_mac_1.temp_res\[11\]$_SDFF_PP0_/Q
 u_mac_1.temp_res\[12\]$_SDFF_PP0_/Q
 u_mac_1.temp_res\[13\]$_SDFF_PP0_/Q
 u_mac_1.temp_res\[14\]$_SDFF_PP0_/Q
 u_mac_1.temp_res\[15\]$_SDFF_PP0_/Q
 u_mac_1.temp_res\[16\]$_SDFF_PP0_/Q
 u_mac_1.temp_res\[17\]$_SDFF_PP0_/Q
 u_mac_1.temp_res\[1\]$_SDFF_PP0_/Q
 u_mac_1.temp_res\[2\]$_SDFF_PP0_/Q
 u_mac_1.temp_res\[3\]$_SDFF_PP0_/Q
 u_mac_1.temp_res\[4\]$_SDFF_PP0_/Q
 u_mac_1.temp_res\[5\]$_SDFF_PP0_/Q
 u_mac_1.temp_res\[6\]$_SDFF_PP0_/Q
 u_mac_1.temp_res\[7\]$_SDFF_PP0_/Q
 u_mac_1.temp_res\[8\]$_SDFF_PP0_/Q
 u_mac_1.temp_res\[9\]$_SDFF_PP0_/Q
 u_mac_2.temp_res\[0\]$_SDFF_PP0_/Q
 u_mac_2.temp_res\[10\]$_SDFF_PP0_/Q
 u_mac_2.temp_res\[11\]$_SDFF_PP0_/Q
 u_mac_2.temp_res\[12\]$_SDFF_PP0_/Q
 u_mac_2.temp_res\[13\]$_SDFF_PP0_/Q
 u_mac_2.temp_res\[14\]$_SDFF_PP0_/Q
 u_mac_2.temp_res\[15\]$_SDFF_PP0_/Q
 u_mac_2.temp_res\[16\]$_SDFF_PP0_/Q
 u_mac_2.temp_res\[17\]$_SDFF_PP0_/Q
 u_mac_2.temp_res\[1\]$_SDFF_PP0_/Q
 u_mac_2.temp_res\[2\]$_SDFF_PP0_/Q
 u_mac_2.temp_res\[3\]$_SDFF_PP0_/Q
 u_mac_2.temp_res\[4\]$_SDFF_PP0_/Q
 u_mac_2.temp_res\[5\]$_SDFF_PP0_/Q
 u_mac_2.temp_res\[6\]$_SDFF_PP0_/Q
 u_mac_2.temp_res\[7\]$_SDFF_PP0_/Q
 u_mac_2.temp_res\[8\]$_SDFF_PP0_/Q
 u_mac_2.temp_res\[9\]$_SDFF_PP0_/Q
 u_mac_3.temp_res\[0\]$_SDFF_PP0_/Q
 u_mac_3.temp_res\[10\]$_SDFF_PP0_/Q
 u_mac_3.temp_res\[11\]$_SDFF_PP0_/Q
 u_mac_3.temp_res\[12\]$_SDFF_PP0_/Q
 u_mac_3.temp_res\[13\]$_SDFF_PP0_/Q
 u_mac_3.temp_res\[14\]$_SDFF_PP0_/Q
 u_mac_3.temp_res\[15\]$_SDFF_PP0_/Q
 u_mac_3.temp_res\[16\]$_SDFF_PP0_/Q
 u_mac_3.temp_res\[17\]$_SDFF_PP0_/Q
 u_mac_3.temp_res\[1\]$_SDFF_PP0_/Q
 u_mac_3.temp_res\[2\]$_SDFF_PP0_/Q
 u_mac_3.temp_res\[3\]$_SDFF_PP0_/Q
 u_mac_3.temp_res\[4\]$_SDFF_PP0_/Q
 u_mac_3.temp_res\[5\]$_SDFF_PP0_/Q
 u_mac_3.temp_res\[6\]$_SDFF_PP0_/Q
 u_mac_3.temp_res\[7\]$_SDFF_PP0_/Q
 u_mac_3.temp_res\[8\]$_SDFF_PP0_/Q
 u_mac_3.temp_res\[9\]$_SDFF_PP0_/Q
 u_mac_4.temp_res\[0\]$_SDFF_PP0_/Q
 u_mac_4.temp_res\[10\]$_SDFF_PP0_/Q
 u_mac_4.temp_res\[11\]$_SDFF_PP0_/Q
 u_mac_4.temp_res\[12\]$_SDFF_PP0_/Q
 u_mac_4.temp_res\[13\]$_SDFF_PP0_/Q
 u_mac_4.temp_res\[14\]$_SDFF_PP0_/Q
 u_mac_4.temp_res\[15\]$_SDFF_PP0_/Q
 u_mac_4.temp_res\[16\]$_SDFF_PP0_/Q
 u_mac_4.temp_res\[17\]$_SDFF_PP0_/Q
 u_mac_4.temp_res\[1\]$_SDFF_PP0_/Q
 u_mac_4.temp_res\[2\]$_SDFF_PP0_/Q
 u_mac_4.temp_res\[3\]$_SDFF_PP0_/Q
 u_mac_4.temp_res\[4\]$_SDFF_PP0_/Q
 u_mac_4.temp_res\[5\]$_SDFF_PP0_/Q
 u_mac_4.temp_res\[6\]$_SDFF_PP0_/Q
 u_mac_4.temp_res\[7\]$_SDFF_PP0_/Q
 u_mac_4.temp_res\[8\]$_SDFF_PP0_/Q
 u_mac_4.temp_res\[9\]$_SDFF_PP0_/Q
Found 0 partially unannotated drivers.

===========================================================================
max slew violation count 146
max fanout violation count 105
max cap violation count 1
============================================================================

===========================================================================
check_setup -verbose -unconstrained_endpoints -multiple_clock -no_clock -no_input_delay -loops -generated_clocks
===========================================================================
