
===========================================================================
 report_power
============================================================================
======================= nom_typ_1p20V_25C Corner ===================================

Group                    Internal    Switching      Leakage        Total
                            Power        Power        Power        Power (Watts)
------------------------------------------------------------------------
Sequential           2.013524e-03 1.716635e-05 1.684962e-07 2.030859e-03  94.7%
Combinational        6.281075e-05 4.949071e-05 3.402342e-07 1.126417e-04   5.3%
Clock                0.000000e+00 0.000000e+00 0.000000e+00 0.000000e+00   0.0%
Macro                0.000000e+00 0.000000e+00 0.000000e+00 0.000000e+00   0.0%
Pad                  0.000000e+00 0.000000e+00 0.000000e+00 0.000000e+00   0.0%
------------------------------------------------------------------------
Total                2.076334e-03 6.665704e-05 5.087304e-07 2.143500e-03 100.0%
                            96.9%         3.1%         0.0%

