┏━━━━━━━━━━━━━━━━━━━━━━┳━━━━━━━━━━┳━━━━━━━━━━┳━━━━━━━━━━┳━━━━━━━━━━┳━━━━━━━━━━━┳━━━━━━━━━━┳━━━━━━━━━━━┳━━━━━━━━━━┳━━━━━━━━━━━┳━━━━━━━━━━┳━━━━━━━━━━━┳━━━━━━━━━━┓
┃                      ┃ Hold     ┃ Reg to   ┃          ┃          ┃ of which  ┃ Setup    ┃           ┃          ┃           ┃ of which ┃           ┃          ┃
┃                      ┃ Worst    ┃ Reg      ┃          ┃ Hold Vio ┃ reg to    ┃ Worst    ┃ Reg to    ┃ Setup    ┃ Setup Vio ┃ reg to   ┃ Max Cap   ┃ Max Slew ┃
┃ Corner/Group         ┃ Slack    ┃ Paths    ┃ Hold TNS ┃ Count    ┃ reg       ┃ Slack    ┃ Reg Paths ┃ TNS      ┃ Count     ┃ reg      ┃ Violatio… ┃ Violati… ┃
┡━━━━━━━━━━━━━━━━━━━━━━╇━━━━━━━━━━╇━━━━━━━━━━╇━━━━━━━━━━╇━━━━━━━━━━╇━━━━━━━━━━━╇━━━━━━━━━━╇━━━━━━━━━━━╇━━━━━━━━━━╇━━━━━━━━━━━╇━━━━━━━━━━╇━━━━━━━━━━━╇━━━━━━━━━━┩
│ Overall              │ -0.0521  │ -0.0521  │ -10.9256 │ 305      │ 305       │ 0.0937   │ 0.0937    │ 0.0000   │ 0         │ 0        │ 1         │ 146      │
│ nom_fast_1p32V_m40C  │ -0.0521  │ -0.0521  │ -10.9256 │ 305      │ 305       │ 5.6015   │ 5.6015    │ 0.0000   │ 0         │ 0        │ 1         │ 0        │
│ nom_slow_1p08V_125C  │ 0.1899   │ 0.1899   │ 0.0000   │ 0        │ 0         │ 0.0937   │ 0.0937    │ 0.0000   │ 0         │ 0        │ 1         │ 146      │
│ nom_typ_1p20V_25C    │ 0.0397   │ 0.0397   │ 0.0000   │ 0        │ 0         │ 3.4804   │ 3.4804    │ 0.0000   │ 0         │ 0        │ 1         │ 146      │
└──────────────────────┴──────────┴──────────┴──────────┴──────────┴───────────┴──────────┴───────────┴──────────┴───────────┴──────────┴───────────┴──────────┘
