
 /----------------------------------------------------------------------------\
 |  yosys -- Yosys Open SYnthesis Suite                                       |
 |  Copyright (C) 2012 - 2025  Claire Xenia Wolf <claire@yosyshq.com>         |
 |  Distributed under an ISC-like license, type "license" to see terms        |
 \----------------------------------------------------------------------------/
 Yosys 0.60+95 (git sha1 991e70489, g++ 13.3.0-6ubuntu2~24.04 -fPIC -O3)

-- Executing script file `design_prep.ys' --

1. Executing RTLIL frontend.
Input filename: design.il

2. Executing SCC pass (detecting logic loops).
Found 0 SCCs in module controller.
Found 0 SCCs.

3. Executing SIMPLEMAP pass (map simple cells to gate primitives).

4. Executing MEMORY_NORDFF pass (extracting $dff cells from memories).

5. Executing ASYNC2SYNC pass.

6. Executing OPT_CLEAN pass (remove unused cells and wires).
Finding unused cells or wires in module \controller..
Removed 47 unused cells and 47 unused wires.
<suppressed ~48 debug messages>

7. Executing FORMALFF pass.

8. Executing OPT_CLEAN pass (remove unused cells and wires).
Finding unused cells or wires in module \controller..
Removed 1 unused cells and 1 unused wires.
<suppressed ~2 debug messages>

9. Executing CHECK pass (checking for obvious problems).
Checking module controller...
Found and reported 0 problems.

10. Executing SETUNDEF pass (replace undef values with defined constants).

11. Executing OPT pass (performing simple optimizations).

11.1. Executing OPT_EXPR pass (perform const folding).
Optimizing module controller.
<suppressed ~2 debug messages>

11.2. Executing OPT_MERGE pass (detect identical cells).
Finding identical cells in module `\controller'.
Computing hashes of 134 cells of `\controller'.
Finding duplicate cells in `\controller'.
Computing hashes of 131 cells of `\controller'.
Finding duplicate cells in `\controller'.
<suppressed ~9 debug messages>
Removed a total of 3 cells.

11.3. Executing OPT_DFF pass (perform DFF optimizations).
Setting constant 1-bit at position 0 on $auto$async2sync.cc:118:execute$328 ($ff) from module controller.

11.4. Executing OPT_CLEAN pass (remove unused cells and wires).
Finding unused cells or wires in module \controller..
Removed 0 unused cells and 4 unused wires.
<suppressed ~1 debug messages>

11.5. Rerunning OPT passes. (Removed registers in this run.)

11.6. Executing OPT_EXPR pass (perform const folding).
Optimizing module controller.

11.7. Executing OPT_MERGE pass (detect identical cells).
Finding identical cells in module `\controller'.
Computing hashes of 130 cells of `\controller'.
Finding duplicate cells in `\controller'.
Removed a total of 0 cells.

11.8. Executing OPT_DFF pass (perform DFF optimizations).

11.9. Executing OPT_CLEAN pass (remove unused cells and wires).
Finding unused cells or wires in module \controller..

11.10. Finished fast OPT passes.

12. Executing OPT_CLEAN pass (remove unused cells and wires).
Finding unused cells or wires in module \controller..
Removed 0 unused cells and 1 unused wires.
<suppressed ~1 debug messages>

13. Executing RTLIL backend.
Output filename: ../model/design_prep.il

End of script. Logfile hash: c50c73d740, CPU: user 0.02s system 0.01s, MEM: 16.57 MB peak
Yosys 0.60+95 (git sha1 991e70489, g++ 13.3.0-6ubuntu2~24.04 -fPIC -O3)
Time spent: 40% 5x opt_clean (0 sec), 17% 2x opt_expr (0 sec), ...
