
===========================================================================
report_checks -unconstrained
===========================================================================
======================= nom_slow_1p08V_125C Corner ===================================

Startpoint: u_ctrl.k_cnt[2]$_SDFFE_PP0P_
            (rising edge-triggered flip-flop clocked by clk)
Endpoint: u_mac_1.temp_res[17]$_SDFF_PP0_
          (rising edge-triggered flip-flop clocked by clk)
Path Group: clk
Path Type: max

Fanout         Cap        Slew       Delay        Time   Description
---------------------------------------------------------------------------------------------
                                  0.000000    0.000000   clock clk (rise edge)
                                  0.000000    0.000000   clock source latency
     2    0.095634    0.166576    0.132325    0.132325 ^ clk (in)
                                                         clk (net)
                      0.175176    0.000000    0.132325 ^ clkbuf_regs_0_clk/A (sg13g2_buf_8)
     1    0.008523    0.035245    0.165904    0.298229 ^ clkbuf_regs_0_clk/X (sg13g2_buf_8)
                                                         clk_regs (net)
                      0.035246    0.000347    0.298576 ^ clkbuf_0_clk_regs/A (sg13g2_buf_8)
     8    0.164582    0.145846    0.187112    0.485687 ^ clkbuf_0_clk_regs/X (sg13g2_buf_8)
                                                         clknet_0_clk_regs (net)
                      0.146068    0.004768    0.490455 ^ clkbuf_3_4__f_clk_regs/A (sg13g2_buf_8)
     7    0.132932    0.124410    0.221566    0.712022 ^ clkbuf_3_4__f_clk_regs/X (sg13g2_buf_8)
                                                         clknet_3_4__leaf_clk_regs (net)
                      0.127305    0.015068    0.727089 ^ clkbuf_leaf_39_clk_regs/A (sg13g2_buf_8)
     8    0.044005    0.056053    0.166696    0.893786 ^ clkbuf_leaf_39_clk_regs/X (sg13g2_buf_8)
                                                         clknet_leaf_39_clk_regs (net)
                      0.056190    0.002036    0.895822 ^ u_ctrl.k_cnt[2]$_SDFFE_PP0P_/CLK (sg13g2_dfrbpq_2)
     4    0.017257    0.063290    0.315565    1.211388 v u_ctrl.k_cnt[2]$_SDFFE_PP0P_/Q (sg13g2_dfrbpq_2)
                                                         u_ctrl.k_cnt[2] (net)
                      0.063291    0.000443    1.211830 v hold373/A (sg13g2_dlygate4sd3_1)
     1    0.008144    0.082598    0.634039    1.845869 v hold373/X (sg13g2_dlygate4sd3_1)
                                                         net1174 (net)
                      0.082598    0.000331    1.846200 v fanout807/A (sg13g2_buf_8)
     8    0.043909    0.050055    0.149639    1.995839 v fanout807/X (sg13g2_buf_8)
                                                         net807 (net)
                      0.050950    0.005111    2.000951 v _3699_/A (sg13g2_nor2_1)
     1    0.008562    0.135504    0.143638    2.144589 ^ _3699_/Y (sg13g2_nor2_1)
                                                         _0786_ (net)
                      0.135509    0.000678    2.145267 ^ fanout743/A (sg13g2_buf_8)
     6    0.077283    0.080750    0.188218    2.333484 ^ fanout743/X (sg13g2_buf_8)
                                                         net743 (net)
                      0.081289    0.005217    2.338701 ^ fanout741/A (sg13g2_buf_8)
     8    0.066444    0.070710    0.156967    2.495669 ^ fanout741/X (sg13g2_buf_8)
                                                         net741 (net)
                      0.071131    0.004245    2.499914 ^ fanout739/A (sg13g2_buf_8)
     8    0.063706    0.068459    0.149812    2.649726 ^ fanout739/X (sg13g2_buf_8)
                                                         net739 (net)
                      0.068656    0.002866    2.652591 ^ _3703_/A1 (sg13g2_a22oi_1)
     1    0.006499    0.105438    0.130811    2.783403 v _3703_/Y (sg13g2_a22oi_1)
                                                         _0790_ (net)
                      0.105439    0.000493    2.783896 v _3707_/A1 (sg13g2_a21oi_2)
     7    0.077564    0.520090    0.445631    3.229527 ^ _3707_/Y (sg13g2_a21oi_2)
                                                         _0794_ (net)
                      0.520597    0.013478    3.243005 ^ _3863_/B1 (sg13g2_o21ai_1)
     1    0.021222    0.328915    0.385337    3.628342 v _3863_/Y (sg13g2_o21ai_1)
                                                         _0949_ (net)
                      0.328925    0.001797    3.630140 v _3866_/B (sg13g2_xor2_1)
     2    0.017532    0.276442    0.348862    3.979002 ^ _3866_/X (sg13g2_xor2_1)
                                                         _0952_ (net)
                      0.276445    0.001307    3.980309 ^ _3893_/B (sg13g2_xnor2_1)
     2    0.012449    0.226930    0.279345    4.259654 ^ _3893_/Y (sg13g2_xnor2_1)
                                                         _0979_ (net)
                      0.227012    0.000980    4.260634 ^ _3901_/B (sg13g2_xor2_1)
     2    0.009767    0.166019    0.276544    4.537179 ^ _3901_/X (sg13g2_xor2_1)
                                                         _0987_ (net)
                      0.166019    0.000630    4.537808 ^ _3927_/B (sg13g2_xor2_1)
     2    0.010103    0.170699    0.260345    4.798152 ^ _3927_/X (sg13g2_xor2_1)
                                                         _1013_ (net)
                      0.170701    0.000925    4.799078 ^ _3930_/B (sg13g2_xnor2_1)
     2    0.009615    0.177043    0.213075    5.012153 ^ _3930_/Y (sg13g2_xnor2_1)
                                                         _1016_ (net)
                      0.177043    0.000536    5.012689 ^ _3952_/B (sg13g2_xor2_1)
     2    0.009657    0.173471    0.260211    5.272899 ^ _3952_/X (sg13g2_xor2_1)
                                                         _1038_ (net)
                      0.173472    0.000886    5.273786 ^ _3954_/B (sg13g2_xnor2_1)
     2    0.008817    0.168422    0.208424    5.482210 ^ _3954_/Y (sg13g2_xnor2_1)
                                                         _1040_ (net)
                      0.168422    0.000309    5.482519 ^ _3959_/B (sg13g2_xor2_1)
     2    0.010512    0.172843    0.264990    5.747509 ^ _3959_/X (sg13g2_xor2_1)
                                                         _1045_ (net)
                      0.172844    0.000806    5.748314 ^ _4001_/A (sg13g2_xnor2_1)
     3    0.015624    0.251620    0.280796    6.029110 ^ _4001_/Y (sg13g2_xnor2_1)
                                                         _1087_ (net)
                      0.251621    0.000493    6.029603 ^ _4026_/B (sg13g2_xor2_1)
     2    0.009171    0.171884    0.278587    6.308191 ^ _4026_/X (sg13g2_xor2_1)
                                                         _1112_ (net)
                      0.171884    0.000668    6.308859 ^ _4051_/B (sg13g2_xor2_1)
     3    0.011882    0.188218    0.278871    6.587730 ^ _4051_/X (sg13g2_xor2_1)
                                                         _1137_ (net)
                      0.188222    0.000691    6.588421 ^ _4052_/A2 (sg13g2_a21oi_1)
     3    0.014423    0.189153    0.236569    6.824990 v _4052_/Y (sg13g2_a21oi_1)
                                                         _1138_ (net)
                      0.189156    0.001012    6.826002 v _4054_/A1 (sg13g2_o21ai_1)
     4    0.016000    0.288324    0.328319    7.154320 ^ _4054_/Y (sg13g2_o21ai_1)
                                                         _1140_ (net)
                      0.288332    0.001236    7.155556 ^ _4057_/B1 (sg13g2_a221oi_1)
     2    0.007992    0.174281    0.227554    7.383111 v _4057_/Y (sg13g2_a221oi_1)
                                                         _1143_ (net)
                      0.174282    0.000480    7.383590 v _4059_/C (sg13g2_or3_1)
     4    0.013199    0.104162    0.299785    7.683375 v _4059_/X (sg13g2_or3_1)
                                                         _1145_ (net)
                      0.104165    0.000669    7.684044 v _4108_/B2 (sg13g2_a221oi_1)
     1    0.004628    0.192859    0.248691    7.932734 ^ _4108_/Y (sg13g2_a221oi_1)
                                                         _1192_ (net)
                      0.192859    0.000322    7.933057 ^ _4130_/A1 (sg13g2_o21ai_1)
     3    0.012061    0.155679    0.220674    8.153731 v _4130_/Y (sg13g2_o21ai_1)
                                                         _1212_ (net)
                      0.155679    0.000523    8.154254 v _4133_/A2 (sg13g2_o21ai_1)
     3    0.011074    0.221065    0.251843    8.406097 ^ _4133_/Y (sg13g2_o21ai_1)
                                                         _1214_ (net)
                      0.221140    0.000636    8.406734 ^ _4135_/B (sg13g2_and2_1)
     3    0.012510    0.098524    0.246246    8.652979 ^ _4135_/X (sg13g2_and2_1)
                                                         _1216_ (net)
                      0.098528    0.000731    8.653710 ^ _4140_/A2 (sg13g2_a21oi_1)
     1    0.002579    0.067468    0.113742    8.767452 v _4140_/Y (sg13g2_a21oi_1)
                                                         _1219_ (net)
                      0.067468    0.000170    8.767622 v hold323/A (sg13g2_dlygate4sd3_1)
     1    0.003873    0.063114    0.612595    9.380217 v hold323/X (sg13g2_dlygate4sd3_1)
                                                         net1124 (net)
                      0.063114    0.000268    9.380486 v _4142_/B (sg13g2_nor3_1)
     1    0.003733    0.132435    0.163759    9.544244 ^ _4142_/Y (sg13g2_nor3_1)
                                                         _0312_ (net)
                      0.132435    0.000197    9.544441 ^ hold324/A (sg13g2_dlygate4sd3_1)
     1    0.001543    0.048997    0.604871   10.149312 ^ hold324/X (sg13g2_dlygate4sd3_1)
                                                         net1125 (net)
                      0.048997    0.000060   10.149371 ^ u_mac_1.temp_res[17]$_SDFF_PP0_/D (sg13g2_dfrbpq_2)
                                             10.149371   data arrival time

                                 10.000000   10.000000   clock clk (rise edge)
                                  0.000000   10.000000   clock source latency
     2    0.095634    0.166576    0.132324   10.132324 ^ clk (in)
                                                         clk (net)
                      0.175176    0.000000   10.132324 ^ clkbuf_regs_0_clk/A (sg13g2_buf_8)
     1    0.008523    0.035245    0.165905   10.298229 ^ clkbuf_regs_0_clk/X (sg13g2_buf_8)
                                                         clk_regs (net)
                      0.035246    0.000347   10.298576 ^ clkbuf_0_clk_regs/A (sg13g2_buf_8)
     8    0.164582    0.145846    0.187111   10.485687 ^ clkbuf_0_clk_regs/X (sg13g2_buf_8)
                                                         clknet_0_clk_regs (net)
                      0.146068    0.004768   10.490455 ^ clkbuf_3_4__f_clk_regs/A (sg13g2_buf_8)
     7    0.132932    0.124410    0.221567   10.712022 ^ clkbuf_3_4__f_clk_regs/X (sg13g2_buf_8)
                                                         clknet_3_4__leaf_clk_regs (net)
                      0.124505    0.002967   10.714989 ^ clkbuf_leaf_11_clk_regs/A (sg13g2_buf_8)
     8    0.046110    0.057459    0.166946   10.881935 ^ clkbuf_leaf_11_clk_regs/X (sg13g2_buf_8)
                                                         clknet_leaf_11_clk_regs (net)
                      0.057496    0.001244   10.883179 ^ u_mac_1.temp_res[17]$_SDFF_PP0_/CLK (sg13g2_dfrbpq_2)
                                 -0.250000   10.633179   clock uncertainty
                                  0.000000   10.633179   clock reconvergence pessimism
                                 -0.195425   10.437754   library setup time
                                             10.437754   data required time
---------------------------------------------------------------------------------------------
                                             10.437754   data required time
                                            -10.149371   data arrival time
---------------------------------------------------------------------------------------------
                                              0.288383   slack (MET)




===========================================================================
report_checks --slack_max -0.01
============================================================================
======================= nom_slow_1p08V_125C Corner ===================================

No paths found.


===========================================================================
 report_check_types -max_slew -max_cap -max_fanout -violators
============================================================================
======================= nom_slow_1p08V_125C Corner ===================================



===========================================================================
report_parasitic_annotation -report_unannotated
============================================================================
Found 11 unannotated drivers.
 clkload0/X
 clkload1/X
 clkload10/Y
 clkload2/X
 clkload3/X
 clkload4/X
 clkload5/Y
 clkload6/X
 clkload7/Y
 clkload8/Y
 clkload9/Y
Found 144 partially unannotated drivers.
 _5463_/Y
  u_ram/A_ADDR[8]
 _5467_/Y
  u_ram/A_ADDR[7]
 _5471_/Y
  u_ram/A_ADDR[6]
 _5475_/Y
  u_ram/A_ADDR[5]
 _5487_/Y
  u_ram/A_ADDR[3]
 _5493_/Y
  u_ram/A_ADDR[2]
 _5499_/Y
  u_ram/A_ADDR[1]
 _5504_/Y
  u_ram/A_ADDR[0]
 _5576_/Y
  u_ram/A_DIN[31]
 _5580_/Y
  u_ram/A_DIN[21]
 _5584_/Y
  u_ram/A_DIN[20]
 _5588_/Y
  u_ram/A_DIN[19]
 _5592_/Y
  u_ram/A_DIN[18]
 _5596_/Y
  u_ram/A_DIN[17]
 _5600_/Y
  u_ram/A_DIN[16]
 _5604_/Y
  u_ram/A_DIN[15]
 _5608_/Y
  u_ram/A_DIN[14]
 _5612_/Y
  u_ram/A_DIN[30]
 _5616_/Y
  u_ram/A_DIN[29]
 _5620_/Y
  u_ram/A_DIN[28]
 _5624_/Y
  u_ram/A_DIN[27]
 _5628_/Y
  u_ram/A_DIN[26]
 _5632_/Y
  u_ram/A_DIN[25]
 _5636_/Y
  u_ram/A_DIN[24]
 _5640_/Y
  u_ram/A_DIN[23]
 _5644_/Y
  u_ram/A_DIN[22]
 u_ram_100/L_LO
  u_ram/A_DIN[12]
 u_ram_101/L_LO
  u_ram/A_DIN[11]
 u_ram_102/L_LO
  u_ram/A_DIN[10]
 u_ram_103/L_LO
  u_ram/A_DIN[9]
 u_ram_104/L_LO
  u_ram/A_DIN[8]
 u_ram_105/L_LO
  u_ram/A_DIN[7]
 u_ram_106/L_LO
  u_ram/A_DIN[6]
 u_ram_107/L_LO
  u_ram/A_DIN[5]
 u_ram_108/L_LO
  u_ram/A_DIN[4]
 u_ram_109/L_LO
  u_ram/A_DIN[3]
 u_ram_110/L_LO
  u_ram/A_DIN[2]
 u_ram_111/L_LO
  u_ram/A_DIN[1]
 u_ram_112/L_LO
  u_ram/A_DIN[0]
 u_ram_21/L_LO
  u_ram/A_BIST_ADDR[8]
 u_ram_22/L_LO
  u_ram/A_BIST_ADDR[7]
 u_ram_23/L_LO
  u_ram/A_BIST_ADDR[6]
 u_ram_24/L_LO
  u_ram/A_BIST_ADDR[5]
 u_ram_26/L_LO
  u_ram/A_BIST_ADDR[3]
 u_ram_27/L_LO
  u_ram/A_BIST_ADDR[2]
 u_ram_28/L_LO
  u_ram/A_BIST_ADDR[1]
 u_ram_29/L_LO
  u_ram/A_BIST_ADDR[0]
 u_ram_30/L_LO
  u_ram/A_BIST_BM[31]
 u_ram_31/L_LO
  u_ram/A_BIST_BM[30]
 u_ram_32/L_LO
  u_ram/A_BIST_BM[29]
 u_ram_33/L_LO
  u_ram/A_BIST_BM[28]
 u_ram_34/L_LO
  u_ram/A_BIST_BM[27]
 u_ram_35/L_LO
  u_ram/A_BIST_BM[26]
 u_ram_36/L_LO
  u_ram/A_BIST_BM[25]
 u_ram_37/L_LO
  u_ram/A_BIST_BM[24]
 u_ram_38/L_LO
  u_ram/A_BIST_BM[23]
 u_ram_39/L_LO
  u_ram/A_BIST_BM[22]
 u_ram_40/L_LO
  u_ram/A_BIST_BM[21]
 u_ram_41/L_LO
  u_ram/A_BIST_BM[20]
 u_ram_42/L_LO
  u_ram/A_BIST_BM[19]
 u_ram_43/L_LO
  u_ram/A_BIST_BM[18]
 u_ram_44/L_LO
  u_ram/A_BIST_BM[17]
 u_ram_45/L_LO
  u_ram/A_BIST_BM[16]
 u_ram_46/L_LO
  u_ram/A_BIST_BM[15]
 u_ram_47/L_LO
  u_ram/A_BIST_BM[14]
 u_ram_48/L_LO
  u_ram/A_BIST_BM[13]
 u_ram_489/L_HI
  u_ram/A_BM[31]
 u_ram_49/L_LO
  u_ram/A_BIST_BM[12]
 u_ram_490/L_HI
  u_ram/A_BM[30]
 u_ram_491/L_HI
  u_ram/A_BM[29]
 u_ram_492/L_HI
  u_ram/A_BM[28]
 u_ram_493/L_HI
  u_ram/A_BM[27]
 u_ram_494/L_HI
  u_ram/A_BM[26]
 u_ram_495/L_HI
  u_ram/A_BM[25]
 u_ram_496/L_HI
  u_ram/A_BM[24]
 u_ram_497/L_HI
  u_ram/A_BM[23]
 u_ram_498/L_HI
  u_ram/A_BM[22]
 u_ram_499/L_HI
  u_ram/A_BM[21]
 u_ram_50/L_LO
  u_ram/A_BIST_BM[11]
 u_ram_500/L_HI
  u_ram/A_BM[20]
 u_ram_501/L_HI
  u_ram/A_BM[19]
 u_ram_502/L_HI
  u_ram/A_BM[18]
 u_ram_503/L_HI
  u_ram/A_BM[17]
 u_ram_504/L_HI
  u_ram/A_BM[16]
 u_ram_505/L_HI
  u_ram/A_BM[15]
 u_ram_506/L_HI
  u_ram/A_BM[14]
 u_ram_507/L_HI
  u_ram/A_BM[13]
 u_ram_508/L_HI
  u_ram/A_BM[12]
 u_ram_509/L_HI
  u_ram/A_BM[11]
 u_ram_51/L_LO
  u_ram/A_BIST_BM[10]
 u_ram_510/L_HI
  u_ram/A_BM[10]
 u_ram_511/L_HI
  u_ram/A_BM[9]
 u_ram_512/L_HI
  u_ram/A_BM[8]
 u_ram_513/L_HI
  u_ram/A_BM[7]
 u_ram_514/L_HI
  u_ram/A_BM[6]
 u_ram_515/L_HI
  u_ram/A_BM[5]
 u_ram_516/L_HI
  u_ram/A_BM[4]
 u_ram_517/L_HI
  u_ram/A_BM[3]
 u_ram_518/L_HI
  u_ram/A_BM[2]
 u_ram_519/L_HI
  u_ram/A_BM[1]
 u_ram_52/L_LO
  u_ram/A_BIST_BM[9]
 u_ram_520/L_HI
  u_ram/A_BM[0]
 u_ram_53/L_LO
  u_ram/A_BIST_BM[8]
 u_ram_54/L_LO
  u_ram/A_BIST_BM[7]
 u_ram_55/L_LO
  u_ram/A_BIST_BM[6]
 u_ram_56/L_LO
  u_ram/A_BIST_BM[5]
 u_ram_57/L_LO
  u_ram/A_BIST_BM[4]
 u_ram_58/L_LO
  u_ram/A_BIST_BM[3]
 u_ram_59/L_LO
  u_ram/A_BIST_BM[2]
 u_ram_60/L_LO
  u_ram/A_BIST_BM[1]
 u_ram_61/L_LO
  u_ram/A_BIST_BM[0]
 u_ram_63/L_LO
  u_ram/A_BIST_DIN[31]
 u_ram_64/L_LO
  u_ram/A_BIST_DIN[30]
 u_ram_65/L_LO
  u_ram/A_BIST_DIN[29]
 u_ram_66/L_LO
  u_ram/A_BIST_DIN[28]
 u_ram_67/L_LO
  u_ram/A_BIST_DIN[27]
 u_ram_68/L_LO
  u_ram/A_BIST_DIN[26]
 u_ram_69/L_LO
  u_ram/A_BIST_DIN[25]
 u_ram_70/L_LO
  u_ram/A_BIST_DIN[24]
 u_ram_71/L_LO
  u_ram/A_BIST_DIN[23]
 u_ram_72/L_LO
  u_ram/A_BIST_DIN[22]
 u_ram_73/L_LO
  u_ram/A_BIST_DIN[21]
 u_ram_74/L_LO
  u_ram/A_BIST_DIN[20]
 u_ram_75/L_LO
  u_ram/A_BIST_DIN[19]
 u_ram_76/L_LO
  u_ram/A_BIST_DIN[18]
 u_ram_77/L_LO
  u_ram/A_BIST_DIN[17]
 u_ram_78/L_LO
  u_ram/A_BIST_DIN[16]
 u_ram_79/L_LO
  u_ram/A_BIST_DIN[15]
 u_ram_80/L_LO
  u_ram/A_BIST_DIN[14]
 u_ram_81/L_LO
  u_ram/A_BIST_DIN[13]
 u_ram_82/L_LO
  u_ram/A_BIST_DIN[12]
 u_ram_83/L_LO
  u_ram/A_BIST_DIN[11]
 u_ram_84/L_LO
  u_ram/A_BIST_DIN[10]
 u_ram_85/L_LO
  u_ram/A_BIST_DIN[9]
 u_ram_86/L_LO
  u_ram/A_BIST_DIN[8]
 u_ram_87/L_LO
  u_ram/A_BIST_DIN[7]
 u_ram_88/L_LO
  u_ram/A_BIST_DIN[6]
 u_ram_89/L_LO
  u_ram/A_BIST_DIN[5]
 u_ram_90/L_LO
  u_ram/A_BIST_DIN[4]
 u_ram_91/L_LO
  u_ram/A_BIST_DIN[3]
 u_ram_92/L_LO
  u_ram/A_BIST_DIN[2]
 u_ram_93/L_LO
  u_ram/A_BIST_DIN[1]
 u_ram_94/L_LO
  u_ram/A_BIST_DIN[0]
 u_ram_99/L_LO
  u_ram/A_DIN[13]

===========================================================================
max slew violation count 0
max fanout violation count 0
max cap violation count 0
============================================================================

===========================================================================
check_setup -verbose -unconstrained_endpoints -multiple_clock -no_clock -no_input_delay -loops -generated_clocks
===========================================================================
