Clock: clk
Sources: clk 
Generated: no
Virtual: yes
Propagated: no
Period: 10.000000

===========================================================================
report_clock_properties
============================================================================
Clock                   Period          Waveform
----------------------------------------------------
clk                  10.000000    0.000000  5.000000

===========================================================================
report_clock_latency
============================================================================
Clock clk
rise -> rise
    min     max
0.000000 0.000000 source latency
0.706593         network latency u_mac_3.temp_res[10]$_SDFF_PP0_/CLK
        0.899101 network latency u_input_buffer.mem[10][6]$_DFFE_PP_/CLK
---------------
0.706593 0.899101 latency
        0.192508 skew

fall -> fall
    min     max
0.000000 0.000000 source latency
0.676785         network latency u_mac_3.temp_res[10]$_SDFF_PP0_/CLK
        0.864422 network latency u_input_buffer.mem[10][6]$_DFFE_PP_/CLK
---------------
0.676785 0.864422 latency
        0.187637 skew



===========================================================================
report_clock_min_period
============================================================================
clk period_min = 9.71 fmax = 102.97
