
===========================================================================
 report_power
============================================================================
======================= nom_slow_1p08V_125C Corner ===================================

Group                    Internal    Switching      Leakage        Total
                            Power        Power        Power        Power (Watts)
------------------------------------------------------------------------
Sequential           1.645258e-03 1.229410e-05 8.321835e-07 1.658384e-03  62.6%
Combinational        1.452598e-04 1.160172e-04 3.094406e-06 2.643714e-04  10.0%
Clock                3.854434e-04 3.351139e-04 5.566691e-06 7.261240e-04  27.4%
Macro                0.000000e+00 0.000000e+00 0.000000e+00 0.000000e+00   0.0%
Pad                  0.000000e+00 0.000000e+00 0.000000e+00 0.000000e+00   0.0%
------------------------------------------------------------------------
Total                2.175960e-03 4.634248e-04 9.493235e-06 2.648878e-03 100.0%
                            82.1%        17.5%         0.4%

