
 /----------------------------------------------------------------------------\
 |  yosys -- Yosys Open SYnthesis Suite                                       |
 |  Copyright (C) 2012 - 2025  Claire Xenia Wolf <claire@yosyshq.com>         |
 |  Distributed under an ISC-like license, type "license" to see terms        |
 \----------------------------------------------------------------------------/
 Yosys 0.60+95 (git sha1 991e70489, g++ 13.3.0-6ubuntu2~24.04 -fPIC -O3)

-- Executing script file `../model/design.ys' --

1. Executing Verilog-2005 frontend: mac_unit.sv
Parsing formal SystemVerilog input from `mac_unit.sv' to AST representation.
verilog frontend filename mac_unit.sv
Storing AST representation for module `$abstract\mac_unit'.
Successfully finished Verilog frontend.

2. Executing PREP pass.

2.1. Executing HIERARCHY pass (managing design hierarchy).

2.2. Executing AST frontend in derive mode using pre-parsed AST for module `\mac_unit'.
Generating RTLIL representation for module `\mac_unit'.

2.2.1. Analyzing design hierarchy..
Top module:  \mac_unit

2.2.2. Analyzing design hierarchy..
Top module:  \mac_unit
Removing unused module `$abstract\mac_unit'.
Removed 1 unused modules.
Module mac_unit directly or indirectly contains formal properties -> setting "keep" attribute.

2.3. Executing PROC pass (convert processes to netlists).

2.3.1. Executing PROC_CLEAN pass (remove empty switches from decision trees).
Cleaned up 0 empty switches.

2.3.2. Executing PROC_RMDEAD pass (remove dead branches from decision trees).
Marked 1 switch rules as full_case in process $proc$mac_unit.sv:48$28 in module mac_unit.
Marked 1 switch rules as full_case in process $proc$mac_unit.sv:33$14 in module mac_unit.
Marked 1 switch rules as full_case in process $proc$mac_unit.sv:20$10 in module mac_unit.
Removed a total of 0 dead cases.

2.3.3. Executing PROC_PRUNE pass (remove redundant assignments in processes).
Removed 3 redundant assignments.
Promoted 8 assignments to connections.

2.3.4. Executing PROC_INIT pass (extract init attributes).
Found init rule in `\mac_unit.$proc$mac_unit.sv:29$35'.
  Set init value: \f_past_valid = 1'0
Found init rule in `\mac_unit.$proc$mac_unit.sv:15$34'.
  Set init value: \temp_res = 18'000000000000000000

2.3.5. Executing PROC_ARST pass (detect async resets in processes).

2.3.6. Executing PROC_ROM pass (convert switches to ROMs).
Converted 0 switches.
<suppressed ~5 debug messages>

2.3.7. Executing PROC_MUX pass (convert decision trees to multiplexers).
Creating decoders for process `\mac_unit.$proc$mac_unit.sv:29$35'.
Creating decoders for process `\mac_unit.$proc$mac_unit.sv:15$34'.
Creating decoders for process `\mac_unit.$proc$mac_unit.sv:48$28'.
     1/1: $0\en_count[3:0]
Creating decoders for process `\mac_unit.$proc$mac_unit.sv:42$24'.
Creating decoders for process `\mac_unit.$proc$mac_unit.sv:33$14'.
     1/2: $assert$mac_unit.sv:38$20_EN
     2/2: $assert$mac_unit.sv:36$18_EN
Creating decoders for process `\mac_unit.$proc$mac_unit.sv:30$13'.
Creating decoders for process `\mac_unit.$proc$mac_unit.sv:20$10'.
     1/1: $0\temp_res[17:0]

2.3.8. Executing PROC_DLATCH pass (convert process syncs to latches).

2.3.9. Executing PROC_DFF pass (convert process syncs to FFs).
Creating register for signal `\mac_unit.\en_count' using process `\mac_unit.$proc$mac_unit.sv:48$28'.
  created $dff cell `$procdff$54' with positive edge clock.
Creating register for signal `\mac_unit.$past$mac_unit.sv:35$1$0' using process `\mac_unit.$proc$mac_unit.sv:33$14'.
  created $dff cell `$procdff$55' with positive edge clock.
Creating register for signal `\mac_unit.$past$mac_unit.sv:38$2$0' using process `\mac_unit.$proc$mac_unit.sv:33$14'.
  created $dff cell `$procdff$56' with positive edge clock.
Creating register for signal `\mac_unit.$past$mac_unit.sv:38$3$0' using process `\mac_unit.$proc$mac_unit.sv:33$14'.
  created $dff cell `$procdff$57' with positive edge clock.
Creating register for signal `\mac_unit.\f_past_valid' using process `\mac_unit.$proc$mac_unit.sv:30$13'.
  created $dff cell `$procdff$58' with positive edge clock.
Creating register for signal `\mac_unit.\temp_res' using process `\mac_unit.$proc$mac_unit.sv:20$10'.
  created $dff cell `$procdff$59' with positive edge clock.

2.3.10. Executing PROC_MEMWR pass (convert process memory writes to cells).

2.3.11. Executing PROC_CLEAN pass (remove empty switches from decision trees).
Removing empty process `mac_unit.$proc$mac_unit.sv:29$35'.
Removing empty process `mac_unit.$proc$mac_unit.sv:15$34'.
Found and cleaned up 2 empty switches in `\mac_unit.$proc$mac_unit.sv:48$28'.
Removing empty process `mac_unit.$proc$mac_unit.sv:48$28'.
Removing empty process `mac_unit.$proc$mac_unit.sv:42$24'.
Found and cleaned up 2 empty switches in `\mac_unit.$proc$mac_unit.sv:33$14'.
Removing empty process `mac_unit.$proc$mac_unit.sv:33$14'.
Removing empty process `mac_unit.$proc$mac_unit.sv:30$13'.
Found and cleaned up 1 empty switch in `\mac_unit.$proc$mac_unit.sv:20$10'.
Removing empty process `mac_unit.$proc$mac_unit.sv:20$10'.
Cleaned up 5 empty switches.

2.3.12. Executing OPT_EXPR pass (perform const folding).
Optimizing module mac_unit.
<suppressed ~3 debug messages>

2.4. Executing FUTURE pass.

2.5. Executing OPT_EXPR pass (perform const folding).
Optimizing module mac_unit.

2.6. Executing OPT_CLEAN pass (remove unused cells and wires).
Finding unused cells or wires in module \mac_unit..
Removed 0 unused cells and 20 unused wires.
<suppressed ~1 debug messages>

2.7. Executing CHECK pass (checking for obvious problems).
Checking module mac_unit...
Found and reported 0 problems.

2.8. Executing OPT pass (performing simple optimizations).

2.8.1. Executing OPT_EXPR pass (perform const folding).
Optimizing module mac_unit.

2.8.2. Executing OPT_MERGE pass (detect identical cells).
Finding identical cells in module `\mac_unit'.
Computing hashes of 35 cells of `\mac_unit'.
Finding duplicate cells in `\mac_unit'.
Computing hashes of 34 cells of `\mac_unit'.
Finding duplicate cells in `\mac_unit'.
<suppressed ~3 debug messages>
Removed a total of 1 cells.

2.8.3. Executing OPT_MUXTREE pass (detect dead branches in mux trees).
Running muxtree optimizer on module \mac_unit..
  Creating internal representation of mux trees.
  Evaluating internal representation of mux trees.
  Analyzing evaluation results.
Removed 0 multiplexer ports.
<suppressed ~13 debug messages>

2.8.4. Executing OPT_REDUCE pass (consolidate $*mux and $reduce_* inputs).
  Optimizing cells in module \mac_unit.
Performed a total of 0 changes.

2.8.5. Executing OPT_MERGE pass (detect identical cells).
Finding identical cells in module `\mac_unit'.
Computing hashes of 34 cells of `\mac_unit'.
Finding duplicate cells in `\mac_unit'.
Removed a total of 0 cells.

2.8.6. Executing OPT_CLEAN pass (remove unused cells and wires).
Finding unused cells or wires in module \mac_unit..
Removed 0 unused cells and 1 unused wires.
<suppressed ~1 debug messages>

2.8.7. Executing OPT_EXPR pass (perform const folding).
Optimizing module mac_unit.

2.8.8. Rerunning OPT passes. (Maybe there is more to do..)

2.8.9. Executing OPT_MUXTREE pass (detect dead branches in mux trees).
Running muxtree optimizer on module \mac_unit..
  Creating internal representation of mux trees.
  Evaluating internal representation of mux trees.
  Analyzing evaluation results.
Removed 0 multiplexer ports.
<suppressed ~13 debug messages>

2.8.10. Executing OPT_REDUCE pass (consolidate $*mux and $reduce_* inputs).
  Optimizing cells in module \mac_unit.
Performed a total of 0 changes.

2.8.11. Executing OPT_MERGE pass (detect identical cells).
Finding identical cells in module `\mac_unit'.
Computing hashes of 34 cells of `\mac_unit'.
Finding duplicate cells in `\mac_unit'.
Removed a total of 0 cells.

2.8.12. Executing OPT_CLEAN pass (remove unused cells and wires).
Finding unused cells or wires in module \mac_unit..

2.8.13. Executing OPT_EXPR pass (perform const folding).
Optimizing module mac_unit.

2.8.14. Finished fast OPT passes. (There is nothing left to do.)

2.9. Executing WREDUCE pass (reducing word size of cells).
Removed top 3 bits (of 4) from port B of cell mac_unit.$add$mac_unit.sv:52$31 ($add).

2.10. Executing OPT_CLEAN pass (remove unused cells and wires).
Finding unused cells or wires in module \mac_unit..

2.11. Executing MEMORY_COLLECT pass (generating $mem cells).

2.12. Executing OPT pass (performing simple optimizations).

2.12.1. Executing OPT_EXPR pass (perform const folding).
Optimizing module mac_unit.

2.12.2. Executing OPT_MERGE pass (detect identical cells).
Finding identical cells in module `\mac_unit'.
Computing hashes of 34 cells of `\mac_unit'.
Finding duplicate cells in `\mac_unit'.
Removed a total of 0 cells.

2.12.3. Executing OPT_CLEAN pass (remove unused cells and wires).
Finding unused cells or wires in module \mac_unit..

2.12.4. Finished fast OPT passes.

2.13. Printing statistics.

=== mac_unit ===

        +----------Local Count, excluding submodules.
        | 
       37 wires
      206 wire bits
       11 public wires
       75 public wire bits
        7 ports
       37 port bits
       34 cells
        3   $add
        4   $check
        6   $dff
        2   $eq
        3   $logic_and
        3   $logic_not
        2   $logic_or
        1   $mul
        8   $mux
        2   $reduce_bool

2.14. Executing CHECK pass (checking for obvious problems).
Checking module mac_unit...
Found and reported 0 problems.

3. Executing HIERARCHY pass (managing design hierarchy).
Attribute `top' found on module `mac_unit'. Setting top module to mac_unit.

3.1. Analyzing design hierarchy..
Top module:  \mac_unit

3.2. Analyzing design hierarchy..
Top module:  \mac_unit
Removed 0 unused modules.
Module mac_unit directly or indirectly contains formal properties -> setting "keep" attribute.

4. Executing jny backend.

5. Executing RTLIL backend.
Output filename: ../model/design.il

End of script. Logfile hash: 9765f7fb07, CPU: user 0.01s system 0.01s, MEM: 18.24 MB peak
Yosys 0.60+95 (git sha1 991e70489, g++ 13.3.0-6ubuntu2~24.04 -fPIC -O3)
Time spent: 26% 5x opt_clean (0 sec), 24% 6x opt_expr (0 sec), ...
