Reading timing models for corner nom_fast_1p32V_m40C…
Reading timing library for the 'nom_fast_1p32V_m40C' corner at '/home/fawad/.ciel/ciel/ihp-sg13g2/versions/cb7daaa8901016cf7c5d272dfa322c41f024931f/ihp-sg13g2/libs.ref/sg13g2_stdcell/lib/sg13g2_stdcell_fast_1p32V_m40C.lib'…
Reading timing models for corner nom_slow_1p08V_125C…
Reading timing library for the 'nom_slow_1p08V_125C' corner at '/home/fawad/.ciel/ciel/ihp-sg13g2/versions/cb7daaa8901016cf7c5d272dfa322c41f024931f/ihp-sg13g2/libs.ref/sg13g2_stdcell/lib/sg13g2_stdcell_slow_1p08V_125C.lib'…
Reading timing models for corner nom_typ_1p20V_25C…
Reading timing library for the 'nom_typ_1p20V_25C' corner at '/home/fawad/.ciel/ciel/ihp-sg13g2/versions/cb7daaa8901016cf7c5d272dfa322c41f024931f/ihp-sg13g2/libs.ref/sg13g2_stdcell/lib/sg13g2_stdcell_typ_1p20V_25C.lib'…
Reading OpenROAD database at '/home/fawad/matrixMul/Matrix_Multiplier/runs/RUN_2026-02-07_02-15-32/34-openroad-detailedplacement/mm_top.odb'…
Reading design constraints file at '/nix/store/m14ar4akyh801bihjgbvb3k669h95ig3-python3-3.12.10-env/lib/python3.12/site-packages/librelane/scripts/base.sdc'…
[INFO] Using clock clk…
[INFO] Setting output delay to: 2
[INFO] Setting input delay to: 2
[INFO] Setting load to: 0.006
[INFO] Setting clock uncertainty to: 0.25
[INFO] Setting clock transition to: 0.15
[INFO] Setting timing derate to: 5%
[INFO] Configuring cts characterization…
+ configure_cts_characterization 
[INFO] Performing clock tree synthesis…
[INFO] Looking for the following net(s): clk
[INFO] Running Clock Tree Synthesis…
+ clock_tree_synthesis -buf_list sg13g2_buf_8 sg13g2_buf_4 sg13g2_buf_2 sg13g2_buf_1 -root_buf sg13g2_buf_8 -sink_clustering_enable
[INFO CTS-0050] Root buffer is sg13g2_buf_8.
[INFO CTS-0051] Sink buffer is sg13g2_buf_8.
[INFO CTS-0052] The following clock buffers will be used for CTS:
                    sg13g2_buf_1
                    sg13g2_buf_2
                    sg13g2_buf_4
                    sg13g2_buf_8
[INFO CTS-0049] Characterization buffer is sg13g2_buf_8.
[INFO CTS-0007] Net "clk" found for clock "clk".
[INFO CTS-0011]  Clock net "clk" for macros has 1 sinks.
[INFO CTS-0011]  Clock net "clk_regs" for registers has 376 sinks.
[INFO CTS-0008] TritonCTS found 2 clock nets.
[INFO CTS-0097] Characterization used 4 buffer(s) types.
[INFO CTS-0201] 1 blockages from hard placement blockages and placed macros will be used.
[INFO CTS-0027] Generating H-Tree topology for net clk.
[INFO CTS-0028]  Total number of sinks: 1.
[INFO CTS-0029]  Macro  sinks will be clustered in groups of up to 4 and with maximum cluster diameter of 833.3 um.
[INFO CTS-0030]  Number of static layers: 0.
[INFO CTS-0020]  Wire segment unit: 18900  dbu (18 um).
[INFO CTS-0023]  Original sink region: [(432610, 480130), (432610, 480130)].
[INFO CTS-0024]  Normalized sink region: [(22.8894, 25.4037), (22.8894, 25.4037)].
[INFO CTS-0025]     Width:  0.0000.
[INFO CTS-0026]     Height: 0.0000.
 Level 1
    Direction: Vertical
    Sinks per sub-region: 1
    Sub-region size: 0.0000 X 0.0000
[INFO CTS-0034]     Segment length (rounded): 1.
[INFO CTS-0032]  Stop criterion found. Max number of sinks is 8.
[INFO CTS-0035]  Number of sinks covered: 1.
[INFO CTS-0201] 1 blockages from hard placement blockages and placed macros will be used.
[INFO CTS-0027] Generating H-Tree topology for net clk_regs.
[INFO CTS-0028]  Total number of sinks: 376.
[INFO CTS-0029]  Register sinks will be clustered in groups of up to 8 and with maximum cluster diameter of 50.0 um.
[INFO CTS-0030]  Number of static layers: 0.
[INFO CTS-0020]  Wire segment unit: 18900  dbu (18 um).
[INFO CTS-0204] A clustering solution was found from clustering size of 8 and clustering diameter of 100.
[INFO CTS-0205] Better solution may be possible if either -sink_clustering_size, -sink_clustering_max_diameter, or both options are omitted to enable automatic clustering.
[INFO CTS-0019]  Total number of sinks after clustering: 49.
[INFO CTS-0024]  Normalized sink region: [(5.37778, 1.7), (23.7587, 22.9003)].
[INFO CTS-0025]     Width:  18.3810.
[INFO CTS-0026]     Height: 21.2003.
 Level 1
    Direction: Vertical
    Sinks per sub-region: 25
    Sub-region size: 18.3810 X 10.6001
[INFO CTS-0034]     Segment length (rounded): 6.
 Level 2
    Direction: Horizontal
    Sinks per sub-region: 13
    Sub-region size: 9.1905 X 10.6001
[INFO CTS-0034]     Segment length (rounded): 4.
 Level 3
    Direction: Vertical
    Sinks per sub-region: 7
    Sub-region size: 9.1905 X 5.3001
[INFO CTS-0034]     Segment length (rounded): 2.
[INFO CTS-0032]  Stop criterion found. Max number of sinks is 8.
[INFO CTS-0035]  Number of sinks covered: 49.
[INFO CTS-0018]     Created 2 clock buffers.
[INFO CTS-0012]     Minimum number of buffers in the clock path: 2.
[INFO CTS-0013]     Maximum number of buffers in the clock path: 2.
[INFO CTS-0015]     Created 2 clock nets.
[INFO CTS-0016]     Fanout distribution for the current clock = 1:1..
[INFO CTS-0017]     Max level of the clock tree: 1.
[INFO CTS-0018]     Created 57 clock buffers.
[INFO CTS-0012]     Minimum number of buffers in the clock path: 2.
[INFO CTS-0013]     Maximum number of buffers in the clock path: 3.
[INFO CTS-0015]     Created 57 clock nets.
[INFO CTS-0016]     Fanout distribution for the current clock = 3:1, 6:8, 7:3, 8:44..
[INFO CTS-0017]     Max level of the clock tree: 3.
[INFO CTS-0124] Clock net "clk"
[INFO CTS-0125]  Sinks 1
[INFO CTS-0098] Clock net "clk_regs"
[INFO CTS-0099]  Sinks 387
[INFO CTS-0100]  Leaf buffers 48
[INFO CTS-0101]  Average sink wire length 297.27 um
[INFO CTS-0102]  Path depth 2 - 3
[INFO CTS-0207]  Leaf load cells 11
[INFO] Repairing long wires on clock nets…
[INFO RSZ-0058] Using max wire length 5028um.
Setting global connections for newly added cells…
[INFO] Setting global connections...
u_ram matched with u_ram
u_ram matched with u_ram
Updating metrics…
Cell type report:                       Count       Area
  Macro                                     1   79719.90
  Clock buffer                             67    1580.34
  Timing Repair Buffer                    299    6314.11
  Inverter                                 58     328.41
  Clock inverter                            5      39.92
  Sequential cell                         376   18559.50
  Multi-Input combinational cell         3032   29810.59
  Total                                  3838  136352.76
Writing OpenROAD database to '/home/fawad/matrixMul/Matrix_Multiplier/runs/RUN_2026-02-07_02-15-32/35-openroad-cts/mm_top.odb'…
Writing netlist to '/home/fawad/matrixMul/Matrix_Multiplier/runs/RUN_2026-02-07_02-15-32/35-openroad-cts/mm_top.nl.v'…
Writing powered netlist to '/home/fawad/matrixMul/Matrix_Multiplier/runs/RUN_2026-02-07_02-15-32/35-openroad-cts/mm_top.pnl.v'…
Writing layout to '/home/fawad/matrixMul/Matrix_Multiplier/runs/RUN_2026-02-07_02-15-32/35-openroad-cts/mm_top.def'…
Writing timing constraints to '/home/fawad/matrixMul/Matrix_Multiplier/runs/RUN_2026-02-07_02-15-32/35-openroad-cts/mm_top.sdc'…
[INFO] Legalizing…
+ detailed_placement -max_displacement  500 100 
Placement Analysis
---------------------------------
total displacement        346.8 u
average displacement        0.1 u
max displacement           15.2 u
original HPWL          113120.0 u
legalized HPWL         115699.2 u
delta HPWL                    2 %

[INFO DPL-0020] Mirrored 1860 instances
[INFO DPL-0021] HPWL before          115699.2 u
[INFO DPL-0022] HPWL after           113281.4 u
[INFO DPL-0023] HPWL delta               -2.1 %
Setting global connections for newly added cells…
[INFO] Setting global connections...
u_ram matched with u_ram
u_ram matched with u_ram
Updating metrics…
Cell type report:                       Count       Area
  Macro                                     1   79719.90
  Clock buffer                             67    1580.34
  Timing Repair Buffer                    299    6314.11
  Inverter                                 58     328.41
  Clock inverter                            5      39.92
  Sequential cell                         376   18559.50
  Multi-Input combinational cell         3032   29810.59
  Total                                  3838  136352.76
Writing OpenROAD database to '/home/fawad/matrixMul/Matrix_Multiplier/runs/RUN_2026-02-07_02-15-32/35-openroad-cts/mm_top.odb'…
Writing netlist to '/home/fawad/matrixMul/Matrix_Multiplier/runs/RUN_2026-02-07_02-15-32/35-openroad-cts/mm_top.nl.v'…
Writing powered netlist to '/home/fawad/matrixMul/Matrix_Multiplier/runs/RUN_2026-02-07_02-15-32/35-openroad-cts/mm_top.pnl.v'…
Writing layout to '/home/fawad/matrixMul/Matrix_Multiplier/runs/RUN_2026-02-07_02-15-32/35-openroad-cts/mm_top.def'…
Writing timing constraints to '/home/fawad/matrixMul/Matrix_Multiplier/runs/RUN_2026-02-07_02-15-32/35-openroad-cts/mm_top.sdc'…
%OL_CREATE_REPORT cts.rpt
Total number of Clock Roots: 2.
Total number of Buffers Inserted: 59.
Total number of Clock Subnets: 59.
Total number of Sinks: 377.
Cells used:
  sg13g2_buf_8: 61
Dummys used:
  sg13g2_buf_8: 6
  sg13g2_inv_1: 2
  sg13g2_inv_2: 1
  sg13g2_inv_4: 2
%OL_END_REPORT
