
===========================================================================
report_checks -unconstrained
===========================================================================
======================= nom_typ_1p20V_25C Corner ===================================

Startpoint: u_ctrl.k_cnt[0]$_SDFFE_PP0P_
            (rising edge-triggered flip-flop clocked by clk)
Endpoint: u_mac_1.temp_res[17]$_SDFF_PP0_
          (rising edge-triggered flip-flop clocked by clk)
Path Group: clk
Path Type: max

Fanout         Cap        Slew       Delay        Time   Description
---------------------------------------------------------------------------------------------
                                  0.000000    0.000000   clock clk (rise edge)
                                  0.000000    0.000000   clock source latency
   377    1.684253    1.707925    1.191639    1.191639 ^ clk (in)
                                                         clk (net)
                      1.712846    0.000000    1.191639 ^ u_ctrl.k_cnt[0]$_SDFFE_PP0P_/CLK (sg13g2_dfrbpq_1)
     3    0.011964    0.059939    0.459036    1.650674 ^ u_ctrl.k_cnt[0]$_SDFFE_PP0P_/Q (sg13g2_dfrbpq_1)
                                                         u_ctrl.k_cnt[0] (net)
                      0.059939    0.000002    1.650676 ^ fanout822/A (sg13g2_buf_4)
     5    0.033903    0.049891    0.119667    1.770343 ^ fanout822/X (sg13g2_buf_4)
                                                         net822 (net)
                      0.049891    0.000291    1.770635 ^ fanout821/A (sg13g2_buf_4)
     7    0.054313    0.069100    0.131099    1.901734 ^ fanout821/X (sg13g2_buf_4)
                                                         net821 (net)
                      0.069105    0.000684    1.902418 ^ fanout820/A (sg13g2_buf_4)
     8    0.045093    0.060704    0.133926    2.036344 ^ fanout820/X (sg13g2_buf_4)
                                                         net820 (net)
                      0.060713    0.000766    2.037109 ^ _3691_/B (sg13g2_nand3b_1)
     1    0.005544    0.076535    0.098201    2.135311 v _3691_/Y (sg13g2_nand3b_1)
                                                         _0778_ (net)
                      0.076535    0.000004    2.135315 v _3692_/D (sg13g2_nor4_2)
     4    0.015507    0.193212    0.168551    2.303866 ^ _3692_/Y (sg13g2_nor4_2)
                                                         _0779_ (net)
                      0.193212    0.000036    2.303902 ^ _3696_/A (sg13g2_or2_1)
     4    0.016154    0.076058    0.167471    2.471373 ^ _3696_/X (sg13g2_or2_1)
                                                         _0783_ (net)
                      0.076058    0.000058    2.471431 ^ fanout663/A (sg13g2_buf_4)
     8    0.058109    0.073444    0.148140    2.619571 ^ fanout663/X (sg13g2_buf_4)
                                                         net663 (net)
                      0.073459    0.001046    2.620617 ^ _3697_/B (sg13g2_nor2_2)
     3    0.013022    0.042832    0.055743    2.676360 v _3697_/Y (sg13g2_nor2_2)
                                                         _0784_ (net)
                      0.042832    0.000004    2.676364 v fanout608/A (sg13g2_buf_4)
     8    0.073348    0.070858    0.122694    2.799058 v fanout608/X (sg13g2_buf_4)
                                                         net608 (net)
                      0.071108    0.003480    2.802538 v _3897_/A (sg13g2_nor4_1)
     2    0.008175    0.199048    0.218501    3.021039 ^ _3897_/Y (sg13g2_nor4_1)
                                                         _0983_ (net)
                      0.199048    0.000038    3.021077 ^ _3899_/A (sg13g2_nor2_1)
     2    0.009976    0.072585    0.108816    3.129893 v _3899_/Y (sg13g2_nor2_1)
                                                         _0985_ (net)
                      0.072585    0.000018    3.129911 v _3900_/B (sg13g2_xor2_1)
     2    0.009812    0.109461    0.122414    3.252325 ^ _3900_/X (sg13g2_xor2_1)
                                                         _0986_ (net)
                      0.109461    0.000026    3.252351 ^ _3927_/A (sg13g2_xor2_1)
     2    0.009690    0.112417    0.164427    3.416778 ^ _3927_/X (sg13g2_xor2_1)
                                                         _1013_ (net)
                      0.112417    0.000042    3.416821 ^ _3930_/B (sg13g2_xnor2_1)
     2    0.010030    0.123175    0.137179    3.554000 ^ _3930_/Y (sg13g2_xnor2_1)
                                                         _1016_ (net)
                      0.123175    0.000038    3.554038 ^ _3952_/B (sg13g2_xor2_1)
     2    0.009614    0.110332    0.163719    3.717757 ^ _3952_/X (sg13g2_xor2_1)
                                                         _1038_ (net)
                      0.110332    0.000048    3.717805 ^ _3954_/B (sg13g2_xnor2_1)
     2    0.009526    0.119063    0.133293    3.851098 ^ _3954_/Y (sg13g2_xnor2_1)
                                                         _1040_ (net)
                      0.119063    0.000034    3.851132 ^ _3959_/B (sg13g2_xor2_1)
     2    0.010111    0.109774    0.165488    4.016620 ^ _3959_/X (sg13g2_xor2_1)
                                                         _1045_ (net)
                      0.109774    0.000046    4.016666 ^ _4001_/A (sg13g2_xnor2_1)
     3    0.013598    0.152350    0.162721    4.179387 ^ _4001_/Y (sg13g2_xnor2_1)
                                                         _1087_ (net)
                      0.152350    0.000047    4.179433 ^ _4026_/B (sg13g2_xor2_1)
     2    0.009230    0.115214    0.169538    4.348971 ^ _4026_/X (sg13g2_xor2_1)
                                                         _1112_ (net)
                      0.115214    0.000029    4.349001 ^ _4051_/B (sg13g2_xor2_1)
     3    0.011696    0.125275    0.173696    4.522697 ^ _4051_/X (sg13g2_xor2_1)
                                                         _1137_ (net)
                      0.125275    0.000044    4.522741 ^ _4052_/A2 (sg13g2_a21oi_1)
     3    0.013104    0.110129    0.137857    4.660598 v _4052_/Y (sg13g2_a21oi_1)
                                                         _1138_ (net)
                      0.110129    0.000109    4.660707 v _4054_/A1 (sg13g2_o21ai_1)
     4    0.013807    0.174612    0.191378    4.852085 ^ _4054_/Y (sg13g2_o21ai_1)
                                                         _1140_ (net)
                      0.174612    0.000047    4.852132 ^ _4057_/B1 (sg13g2_a221oi_1)
     2    0.007300    0.106239    0.132021    4.984153 v _4057_/Y (sg13g2_a221oi_1)
                                                         _1143_ (net)
                      0.106239    0.000020    4.984172 v _4059_/C (sg13g2_or3_1)
     4    0.012769    0.063298    0.183835    5.168007 v _4059_/X (sg13g2_or3_1)
                                                         _1145_ (net)
                      0.063298    0.000048    5.168056 v _4108_/B2 (sg13g2_a221oi_1)
     1    0.004172    0.123279    0.152320    5.320376 ^ _4108_/Y (sg13g2_a221oi_1)
                                                         _1192_ (net)
                      0.123279    0.000010    5.320386 ^ _4130_/A1 (sg13g2_o21ai_1)
     3    0.011398    0.091286    0.128995    5.449381 v _4130_/Y (sg13g2_o21ai_1)
                                                         _1212_ (net)
                      0.091286    0.000057    5.449439 v _4133_/A2 (sg13g2_o21ai_1)
     3    0.009848    0.139010    0.150545    5.599984 ^ _4133_/Y (sg13g2_o21ai_1)
                                                         _1214_ (net)
                      0.139010    0.000012    5.599996 ^ _4135_/B (sg13g2_and2_1)
     3    0.011127    0.058094    0.145080    5.745076 ^ _4135_/X (sg13g2_and2_1)
                                                         _1216_ (net)
                      0.058094    0.000064    5.745139 ^ _4140_/A2 (sg13g2_a21oi_1)
     1    0.004134    0.048855    0.072133    5.817272 v _4140_/Y (sg13g2_a21oi_1)
                                                         _1219_ (net)
                      0.048855    0.000015    5.817287 v _4142_/B (sg13g2_nor3_1)
     1    0.003313    0.082067    0.101758    5.919045 ^ _4142_/Y (sg13g2_nor3_1)
                                                         _0312_ (net)
                      0.082067    0.000016    5.919061 ^ u_mac_1.temp_res[17]$_SDFF_PP0_/D (sg13g2_dfrbpq_2)
                                              5.919061   data arrival time

                                 10.000000   10.000000   clock clk (rise edge)
                                  0.000000   10.000000   clock source latency
   377    1.684253    1.707925    1.246209   11.246209 ^ clk (in)
                                                         clk (net)
                      1.723184    0.000000   11.246209 ^ u_mac_1.temp_res[17]$_SDFF_PP0_/CLK (sg13g2_dfrbpq_2)
                                 -0.250000   10.996209   clock uncertainty
                                  0.000000   10.996209   clock reconvergence pessimism
                                 -0.004012   10.992198   library setup time
                                             10.992198   data required time
---------------------------------------------------------------------------------------------
                                             10.992198   data required time
                                             -5.919061   data arrival time
---------------------------------------------------------------------------------------------
                                              5.073136   slack (MET)




===========================================================================
report_checks --slack_max -0.01
============================================================================
======================= nom_typ_1p20V_25C Corner ===================================

No paths found.


===========================================================================
 report_check_types -max_slew -max_cap -max_fanout -violators
============================================================================
======================= nom_typ_1p20V_25C Corner ===================================

max fanout

Pin                                   Limit Fanout  Slack
---------------------------------------------------------
clk                                       8    377   -369 (VIOLATED)

max capacitance

Pin                                        Limit         Cap       Slack
------------------------------------------------------------------------
clk                                     1.200000    1.684253   -0.484253 (VIOLATED)



===========================================================================
report_parasitic_annotation -report_unannotated
============================================================================
Found 14 unannotated drivers.
 u_ram/A_DOUT[18]
 u_ram/A_DOUT[19]
 u_ram/A_DOUT[20]
 u_ram/A_DOUT[21]
 u_ram/A_DOUT[22]
 u_ram/A_DOUT[23]
 u_ram/A_DOUT[24]
 u_ram/A_DOUT[25]
 u_ram/A_DOUT[26]
 u_ram/A_DOUT[27]
 u_ram/A_DOUT[28]
 u_ram/A_DOUT[29]
 u_ram/A_DOUT[30]
 u_ram/A_DOUT[31]
Found 0 partially unannotated drivers.

===========================================================================
max slew violation count 0
Writing metric design__max_slew_violation__count__corner:nom_typ_1p20V_25C: 0
max fanout violation count 1
Writing metric design__max_fanout_violation__count__corner:nom_typ_1p20V_25C: 1
max cap violation count 1
Writing metric design__max_cap_violation__count__corner:nom_typ_1p20V_25C: 1
============================================================================

===========================================================================
check_setup -verbose -unconstrained_endpoints -multiple_clock -no_clock -no_input_delay -loops -generated_clocks
===========================================================================
