
===========================================================================
 report_power
============================================================================
======================= nom_typ_1p20V_25C Corner ===================================

Group                    Internal    Switching      Leakage        Total
                            Power        Power        Power        Power (Watts)
------------------------------------------------------------------------
Sequential           2.637444e-03 1.782692e-05 1.752980e-07 2.655446e-03  93.3%
Combinational        8.474183e-05 1.045076e-04 4.495905e-07 1.896990e-04   6.7%
Clock                0.000000e+00 0.000000e+00 0.000000e+00 0.000000e+00   0.0%
Macro                0.000000e+00 0.000000e+00 0.000000e+00 0.000000e+00   0.0%
Pad                  0.000000e+00 0.000000e+00 0.000000e+00 0.000000e+00   0.0%
------------------------------------------------------------------------
Total                2.722185e-03 1.223345e-04 6.248877e-07 2.845144e-03 100.0%
                            95.7%         4.3%         0.0%
Writing metric power__internal__total: 0.0027221846394240856
Writing metric power__switching__total: 0.00012233451707288623
Writing metric power__leakage__total: 6.248877184589219e-7
Writing metric power__total: 0.0028451441321521997

