130. Printing statistics.

=== mm_top ===

   Number of wires:               2869
   Number of wire bits:           3452
   Number of public wires:          58
   Number of public wire bits:     452
   Number of ports:                  7
   Number of port bits:             22
   Number of memories:               0
   Number of memory bits:            0
   Number of processes:              0
   Number of cells:               3293
     $_ANDNOT_                     632
     $_AND_                         66
     $_MUX_                        703
     $_NAND_                       109
     $_NOR_                        288
     $_NOT_                        112
     $_ORNOT_                       98
     $_OR_                         372
     $_XNOR_                       127
     $_XOR_                        409
     RM_IHPSG13_1P_512x32_c2_bm_bist      1
     sg13g2_dfrbpq_1               376

   Area for cell type $_NOT_ is unknown!
   Area for cell type $_AND_ is unknown!
   Area for cell type $_NAND_ is unknown!
   Area for cell type $_OR_ is unknown!
   Area for cell type $_NOR_ is unknown!
   Area for cell type $_XOR_ is unknown!
   Area for cell type $_XNOR_ is unknown!
   Area for cell type $_ANDNOT_ is unknown!
   Area for cell type $_ORNOT_ is unknown!
   Area for cell type $_MUX_ is unknown!
   Area for cell type \RM_IHPSG13_1P_512x32_c2_bm_bist is unknown!

   Chip area for module '\mm_top': 18419.788800
     of which used for sequential elements: 18419.788800 (100.00%)

