124. Printing statistics.

=== mm_top ===

   Number of wires:               2459
   Number of wire bits:           3042
   Number of public wires:          58
   Number of public wire bits:     452
   Number of ports:                  7
   Number of port bits:             22
   Number of memories:               0
   Number of memory bits:            0
   Number of processes:              0
   Number of cells:               2883
     $_ANDNOT_                     632
     $_AND_                         66
     $_DFFE_PP_                    256
     $_DFF_P_                        6
     $_MUX_                        293
     $_NAND_                       109
     $_NOR_                        288
     $_NOT_                        112
     $_ORNOT_                       98
     $_OR_                         372
     $_SDFFE_PP0P_                  40
     $_SDFF_PP0_                    74
     $_XNOR_                       127
     $_XOR_                        409
     RM_IHPSG13_1P_512x32_c2_bm_bist      1

   Area for cell type $_NOT_ is unknown!
   Area for cell type $_AND_ is unknown!
   Area for cell type $_NAND_ is unknown!
   Area for cell type $_OR_ is unknown!
   Area for cell type $_NOR_ is unknown!
   Area for cell type $_XOR_ is unknown!
   Area for cell type $_XNOR_ is unknown!
   Area for cell type $_ANDNOT_ is unknown!
   Area for cell type $_ORNOT_ is unknown!
   Area for cell type $_MUX_ is unknown!
   Area for cell type $_DFF_P_ is unknown!
   Area for cell type $_DFFE_PP_ is unknown!
   Area for cell type $_SDFF_PP0_ is unknown!
   Area for cell type $_SDFFE_PP0P_ is unknown!
   Area for cell type \RM_IHPSG13_1P_512x32_c2_bm_bist is unknown!

