138. Printing statistics.

=== mm_top ===

   Number of wires:               3495
   Number of wire bits:           3510
   Number of public wires:         418
   Number of public wire bits:     433
   Number of ports:                  7
   Number of port bits:             22
   Number of memories:               0
   Number of memory bits:            0
   Number of processes:              0
   Number of cells:               3467
     RM_IHPSG13_1P_512x32_c2_bm_bist      1
     sg13g2_a21o_1                  50
     sg13g2_a21oi_1                428
     sg13g2_a221oi_1                35
     sg13g2_a22oi_1                 97
     sg13g2_and2_1                  80
     sg13g2_and3_1                  33
     sg13g2_and4_1                   2
     sg13g2_dfrbpq_1               376
     sg13g2_inv_1                   58
     sg13g2_mux2_1                 114
     sg13g2_nand2_1                285
     sg13g2_nand2b_1                75
     sg13g2_nand3_1                 39
     sg13g2_nand3b_1                10
     sg13g2_nand4_1                  5
     sg13g2_nor2_1                 439
     sg13g2_nor2b_1                 69
     sg13g2_nor3_1                  56
     sg13g2_nor4_1                  13
     sg13g2_o21ai_1                278
     sg13g2_or2_1                   31
     sg13g2_or3_1                   13
     sg13g2_or4_1                    3
     sg13g2_tiehi                  410
     sg13g2_tielo                   92
     sg13g2_xnor2_1                220
     sg13g2_xor2_1                 155

   Area for cell type \RM_IHPSG13_1P_512x32_c2_bm_bist is unknown!

   Chip area for module '\mm_top': 47900.122200
     of which used for sequential elements: 18419.788800 (38.45%)

