Reading timing models for corner nom_typ_1p20V_25C…
Reading timing library for the 'nom_typ_1p20V_25C' corner at '/home/fawad/.ciel/ciel/ihp-sg13g2/versions/cb7daaa8901016cf7c5d272dfa322c41f024931f/ihp-sg13g2/libs.ref/sg13g2_stdcell/lib/sg13g2_stdcell_typ_1p20V_25C.lib'…
Reading OpenROAD database at '/home/fawad/matrixMul/Matrix_Multiplier/runs/RUN_2026-02-07_02-15-32/39-openroad-globalrouting/mm_top.odb'…
Reading design constraints file at '/nix/store/m14ar4akyh801bihjgbvb3k669h95ig3-python3-3.12.10-env/lib/python3.12/site-packages/librelane/scripts/base.sdc'…
[INFO] Using clock clk…
[INFO] Setting output delay to: 2
[INFO] Setting input delay to: 2
[INFO] Setting load to: 0.006
[INFO] Setting clock uncertainty to: 0.25
[INFO] Setting clock transition to: 0.15
[INFO] Setting timing derate to: 5%
[INFO] Setting signal min routing layer to: Metal2 and clock min routing layer to Metal2. 
[INFO] Setting signal max routing layer to: TopMetal2 and clock max routing layer to TopMetal2. 
+ global_route -congestion_iterations 100 -verbose
[INFO GRT-0020] Min routing layer: Metal2
[INFO GRT-0021] Max routing layer: TopMetal2
[INFO GRT-0022] Global adjustment: 30%
[INFO GRT-0023] Grid origin: (0, 0)
[INFO GRT-0088] Layer Metal1  Track-Pitch = 0.4200  line-2-Via Pitch: 0.3650
[INFO GRT-0088] Layer Metal2  Track-Pitch = 0.4800  line-2-Via Pitch: 0.4150
[INFO GRT-0088] Layer Metal3  Track-Pitch = 0.4200  line-2-Via Pitch: 0.4150
[INFO GRT-0088] Layer Metal4  Track-Pitch = 0.4800  line-2-Via Pitch: 0.4150
[INFO GRT-0088] Layer Metal5  Track-Pitch = 0.4200  line-2-Via Pitch: 0.6200
[INFO GRT-0088] Layer TopMetal1 Track-Pitch = 2.2800  line-2-Via Pitch: 3.4100
[INFO GRT-0088] Layer TopMetal2 Track-Pitch = 4.0000  line-2-Via Pitch: 3.9500
[INFO GRT-0003] Macros: 1
[INFO GRT-0004] Blockages: 1602
[INFO GRT-0019] Found 62 clock nets.
[INFO GRT-0001] Minimum degree: 2
[INFO GRT-0002] Maximum degree: 9

[INFO GRT-0053] Routing resources analysis:
          Routing      Original      Derated      Resource
Layer     Direction    Resources     Resources    Reduction (%)
---------------------------------------------------------------
Metal1     Horizontal          0             0          0.00%
Metal2     Vertical       176803         97388          44.92%
Metal3     Horizontal     203850        112313          44.90%
Metal4     Vertical       176803         97915          44.62%
Metal5     Horizontal     136590         86530          36.65%
TopMetal1    Vertical        13809         10152          26.48%
TopMetal2    Horizontal      13567         11172          17.65%
---------------------------------------------------------------

[INFO GRT-0101] Running extra iterations to remove overflow.
[INFO GRT-0197] Via related to pin nodes: 21486
[INFO GRT-0198] Via related Steiner nodes: 412
[INFO GRT-0199] Via filling finished.
[INFO GRT-0111] Final number of vias: 26691
[INFO GRT-0112] Final usage 3D: 100826

[INFO GRT-0096] Final congestion report:
Layer         Resource        Demand        Usage (%)    Max H / Max V / Total Overflow
---------------------------------------------------------------------------------------
Metal1               0             0            0.00%             0 /  0 /  0
Metal2           97388         10398           10.68%             0 /  0 /  0
Metal3          112313          9776            8.70%             0 /  0 /  0
Metal4           97915           319            0.33%             0 /  0 /  0
Metal5           86530            85            0.10%             0 /  0 /  0
TopMetal1          10152           175            1.72%             0 /  0 /  0
TopMetal2          11172             0            0.00%             0 /  0 /  0
---------------------------------------------------------------------------------------
Total           415470         20753            5.00%             0 /  0 /  0

[INFO GRT-0018] Total wirelength: 191948 um
[INFO GRT-0014] Routed nets: 4339
[INFO GRT-0006] Repairing antennas, iteration 1.
[INFO GRT-0012] Found 0 antenna violations.
+ detailed_placement -max_displacement  500 100 
Placement Analysis
---------------------------------
total displacement          0.0 u
average displacement        0.0 u
max displacement            0.0 u
original HPWL          116876.7 u
legalized HPWL         120681.2 u
delta HPWL                    3 %

[INFO DPL-0020] Mirrored 2282 instances
[INFO DPL-0021] HPWL before          120681.2 u
[INFO DPL-0022] HPWL after           116876.7 u
[INFO DPL-0023] HPWL delta               -3.2 %
+ global_route -congestion_iterations 100 -verbose
[INFO GRT-0020] Min routing layer: Metal2
[INFO GRT-0021] Max routing layer: TopMetal2
[INFO GRT-0022] Global adjustment: 30%
[INFO GRT-0023] Grid origin: (0, 0)
[INFO GRT-0088] Layer Metal1  Track-Pitch = 0.4200  line-2-Via Pitch: 0.3650
[INFO GRT-0088] Layer Metal2  Track-Pitch = 0.4800  line-2-Via Pitch: 0.4150
[INFO GRT-0088] Layer Metal3  Track-Pitch = 0.4200  line-2-Via Pitch: 0.4150
[INFO GRT-0088] Layer Metal4  Track-Pitch = 0.4800  line-2-Via Pitch: 0.4150
[INFO GRT-0088] Layer Metal5  Track-Pitch = 0.4200  line-2-Via Pitch: 0.6200
[INFO GRT-0088] Layer TopMetal1 Track-Pitch = 2.2800  line-2-Via Pitch: 3.4100
[INFO GRT-0088] Layer TopMetal2 Track-Pitch = 4.0000  line-2-Via Pitch: 3.9500
[INFO GRT-0003] Macros: 1
[INFO GRT-0004] Blockages: 1602
[INFO GRT-0019] Found 62 clock nets.
[INFO GRT-0001] Minimum degree: 2
[INFO GRT-0002] Maximum degree: 9

[INFO GRT-0053] Routing resources analysis:
          Routing      Original      Derated      Resource
Layer     Direction    Resources     Resources    Reduction (%)
---------------------------------------------------------------
Metal1     Horizontal          0             0          0.00%
Metal2     Vertical       176803         97388          44.92%
Metal3     Horizontal     203850        112313          44.90%
Metal4     Vertical       176803         97915          44.62%
Metal5     Horizontal     136590         86530          36.65%
TopMetal1    Vertical        13809         10152          26.48%
TopMetal2    Horizontal      13567         11172          17.65%
---------------------------------------------------------------

[INFO GRT-0101] Running extra iterations to remove overflow.
[INFO GRT-0197] Via related to pin nodes: 21486
[INFO GRT-0198] Via related Steiner nodes: 412
[INFO GRT-0199] Via filling finished.
[INFO GRT-0111] Final number of vias: 26691
[INFO GRT-0112] Final usage 3D: 100826

[INFO GRT-0096] Final congestion report:
Layer         Resource        Demand        Usage (%)    Max H / Max V / Total Overflow
---------------------------------------------------------------------------------------
Metal1               0             0            0.00%             0 /  0 /  0
Metal2           97388         10398           10.68%             0 /  0 /  0
Metal3          112313          9776            8.70%             0 /  0 /  0
Metal4           97915           319            0.33%             0 /  0 /  0
Metal5           86530            85            0.10%             0 /  0 /  0
TopMetal1          10152           175            1.72%             0 /  0 /  0
TopMetal2          11172             0            0.00%             0 /  0 /  0
---------------------------------------------------------------------------------------
Total           415470         20753            5.00%             0 /  0 /  0

[INFO GRT-0018] Total wirelength: 191948 um
[INFO GRT-0014] Routed nets: 4339
Setting global connections for newly added cells…
[INFO] Setting global connections...
u_ram matched with u_ram
u_ram matched with u_ram
Updating metrics…
Cell type report:                       Count       Area
  Macro                                     1   79719.90
  Clock buffer                             67    1580.34
  Timing Repair Buffer                    782   14201.31
  Inverter                                 58     328.41
  Clock inverter                            5      39.92
  Sequential cell                         376   18559.50
  Multi-Input combinational cell         3032   29810.59
  Total                                  4321  144239.96
Writing OpenROAD database to '/home/fawad/matrixMul/Matrix_Multiplier/runs/RUN_2026-02-07_02-15-32/42-openroad-repairantennas/1-diodeinsertion/mm_top.odb'…
Writing layout to '/home/fawad/matrixMul/Matrix_Multiplier/runs/RUN_2026-02-07_02-15-32/42-openroad-repairantennas/1-diodeinsertion/mm_top.def'…
