                                                                        Cells by Master                                                                         
┏━━━━━━━━━━━━━━━━━━━━━━━━━━━━━━━━━━━━━━━━━━━━━━━━━━━━━━━━━━━━━━━━━━━━━━━━━━━━━━━━━━━━━━━━━━━━━━━━━━━━━━━━━━━━━━━━━━━━━━━━━━━━━━━━━━┳━━━━━━━━━━━━━━━━━━━━━━━━━━━┓
┃ Cell                                                                                                                             ┃ Count                     ┃
┡━━━━━━━━━━━━━━━━━━━━━━━━━━━━━━━━━━━━━━━━━━━━━━━━━━━━━━━━━━━━━━━━━━━━━━━━━━━━━━━━━━━━━━━━━━━━━━━━━━━━━━━━━━━━━━━━━━━━━━━━━━━━━━━━━━╇━━━━━━━━━━━━━━━━━━━━━━━━━━━┩
│ RM_IHPSG13_1P_512x32_c2_bm_bist                                                                                                  │ 1                         │
│ sg13g2_a21o_1                                                                                                                    │ 30                        │
│ sg13g2_a21o_2                                                                                                                    │ 20                        │
│ sg13g2_a21oi_1                                                                                                                   │ 394                       │
│ sg13g2_a21oi_2                                                                                                                   │ 34                        │
│ sg13g2_a221oi_1                                                                                                                  │ 35                        │
│ sg13g2_a22oi_1                                                                                                                   │ 97                        │
│ sg13g2_and2_1                                                                                                                    │ 80                        │
│ sg13g2_and3_1                                                                                                                    │ 27                        │
│ sg13g2_and3_2                                                                                                                    │ 6                         │
│ sg13g2_and4_1                                                                                                                    │ 2                         │
│ sg13g2_buf_1                                                                                                                     │ 39                        │
│ sg13g2_buf_2                                                                                                                     │ 7                         │
│ sg13g2_buf_8                                                                                                                     │ 320                       │
│ sg13g2_decap_4                                                                                                                   │ 1146                      │
│ sg13g2_decap_8                                                                                                                   │ 26474                     │
│ sg13g2_dfrbpq_1                                                                                                                  │ 299                       │
│ sg13g2_dfrbpq_2                                                                                                                  │ 77                        │
│ sg13g2_dlygate4sd3_1                                                                                                             │ 483                       │
│ sg13g2_fill_1                                                                                                                    │ 1360                      │
│ sg13g2_fill_2                                                                                                                    │ 1270                      │
│ sg13g2_inv_1                                                                                                                     │ 55                        │
│ sg13g2_inv_2                                                                                                                     │ 5                         │
│ sg13g2_inv_4                                                                                                                     │ 3                         │
│ sg13g2_mux2_1                                                                                                                    │ 114                       │
│ sg13g2_nand2_1                                                                                                                   │ 256                       │
│ sg13g2_nand2_2                                                                                                                   │ 29                        │
│ sg13g2_nand2b_1                                                                                                                  │ 67                        │
│ sg13g2_nand2b_2                                                                                                                  │ 8                         │
│ sg13g2_nand3_1                                                                                                                   │ 39                        │
│ sg13g2_nand3b_1                                                                                                                  │ 10                        │
│ sg13g2_nand4_1                                                                                                                   │ 5                         │
│ sg13g2_nor2_1                                                                                                                    │ 408                       │
│ sg13g2_nor2_2                                                                                                                    │ 31                        │
│ sg13g2_nor2b_1                                                                                                                   │ 53                        │
│ sg13g2_nor2b_2                                                                                                                   │ 16                        │
│ sg13g2_nor3_1                                                                                                                    │ 51                        │
│ sg13g2_nor3_2                                                                                                                    │ 5                         │
│ sg13g2_nor4_1                                                                                                                    │ 7                         │
│ sg13g2_nor4_2                                                                                                                    │ 6                         │
│ sg13g2_o21ai_1                                                                                                                   │ 278                       │
│ sg13g2_or2_1                                                                                                                     │ 31                        │
│ sg13g2_or3_1                                                                                                                     │ 13                        │
│ sg13g2_or4_1                                                                                                                     │ 3                         │
│ sg13g2_tiehi                                                                                                                     │ 410                       │
│ sg13g2_tielo                                                                                                                     │ 92                        │
│ sg13g2_xnor2_1                                                                                                                   │ 220                       │
│ sg13g2_xor2_1                                                                                                                    │ 155                       │
└──────────────────────────────────────────────────────────────────────────────────────────────────────────────────────────────────┴───────────────────────────┘
