Starting…
Running 'Verilator.Lint' at 'runs/RUN_2026-02-07_02-15-32/01-verilator-lint'…
Logging subprocess to [repr.filename]'runs/RUN_2026-02-07_02-15-32/01-verilator-lint/verilator-lint.log'[/repr.filename]…
Running 'Checker.LintTimingConstructs' at 'runs/RUN_2026-02-07_02-15-32/02-checker-linttimingconstructs'…
Check for Lint Timing Errors clear.
Running 'Checker.LintErrors' at 'runs/RUN_2026-02-07_02-15-32/03-checker-linterrors'…
Check for Lint errors clear.
Running 'Checker.LintWarnings' at 'runs/RUN_2026-02-07_02-15-32/04-checker-lintwarnings'…
23 Lint warnings found.
Running 'Yosys.JsonHeader' at 'runs/RUN_2026-02-07_02-15-32/05-yosys-jsonheader'…
Logging subprocess to [repr.filename]'runs/RUN_2026-02-07_02-15-32/05-yosys-jsonheader/yosys-jsonheader.log'[/repr.filename]…
Running 'Yosys.Synthesis' at 'runs/RUN_2026-02-07_02-15-32/06-yosys-synthesis'…
Logging subprocess to [repr.filename]'runs/RUN_2026-02-07_02-15-32/06-yosys-synthesis/yosys-synthesis.log'[/repr.filename]…
Parsing synthesis checks…
Running 'Checker.YosysUnmappedCells' at 'runs/RUN_2026-02-07_02-15-32/07-checker-yosysunmappedcells'…
Check for Unmapped Yosys instances clear.
Running 'Checker.YosysSynthChecks' at 'runs/RUN_2026-02-07_02-15-32/08-checker-yosyssynthchecks'…
Check for Yosys check errors clear.
Running 'Checker.NetlistAssignStatements' at 'runs/RUN_2026-02-07_02-15-32/09-checker-netlistassignstatements'…
Running 'OpenROAD.CheckSDCFiles' at 'runs/RUN_2026-02-07_02-15-32/10-openroad-checksdcfiles'…
'PNR_SDC_FILE' is not defined. Using generic fallback SDC for OpenROAD PnR steps.
'SIGNOFF_SDC_FILE' is not defined. Using generic fallback SDC for OpenROAD PnR steps.
Running 'OpenROAD.CheckMacroInstances' at 'runs/RUN_2026-02-07_02-15-32/11-openroad-checkmacroinstances'…
No libs found for macro RM_IHPSG13_1P_512x32_c2_bm_bist at corner nom_typ_1p20V_25C. The module will be black-boxed.
No libs found for macro RM_IHPSG13_1P_512x32_c2_bm_bist at corner nom_typ_1p20V_25C. The module will be black-boxed.
Logging subprocess to [repr.filename]'runs/RUN_2026-02-07_02-15-32/11-openroad-checkmacroinstances/openroad-checkmacroinstances.log'[/repr.filename]…
Running 'OpenROAD.STAPrePNR' at 'runs/RUN_2026-02-07_02-15-32/12-openroad-staprepnr'…
No libs found for macro RM_IHPSG13_1P_512x32_c2_bm_bist at corner nom_fast_1p32V_m40C. The module will be black-boxed.
Starting STA for the nom_fast_1p32V_m40C timing corner…
No libs found for macro RM_IHPSG13_1P_512x32_c2_bm_bist at corner nom_slow_1p08V_125C. The module will be black-boxed.
Starting STA for the nom_slow_1p08V_125C timing corner…
No libs found for macro RM_IHPSG13_1P_512x32_c2_bm_bist at corner nom_typ_1p20V_25C. The module will be black-boxed.
Starting STA for the nom_typ_1p20V_25C timing corner…
Logging subprocess to [repr.filename]'runs/RUN_2026-02-07_02-15-32/12-openroad-staprepnr/nom_fast_1p32V_m40C/sta.log'[/repr.filename]…
Logging subprocess to [repr.filename]'runs/RUN_2026-02-07_02-15-32/12-openroad-staprepnr/nom_slow_1p08V_125C/sta.log'[/repr.filename]…
Logging subprocess to [repr.filename]'runs/RUN_2026-02-07_02-15-32/12-openroad-staprepnr/nom_typ_1p20V_25C/sta.log'[/repr.filename]…
Finished STA for the nom_slow_1p08V_125C timing corner.
Finished STA for the nom_fast_1p32V_m40C timing corner.
Finished STA for the nom_typ_1p20V_25C timing corner.
Running 'OpenROAD.Floorplan' at 'runs/RUN_2026-02-07_02-15-32/13-openroad-floorplan'…
No libs found for macro RM_IHPSG13_1P_512x32_c2_bm_bist at corner nom_typ_1p20V_25C. The module will be black-boxed.
Logging subprocess to [repr.filename]'runs/RUN_2026-02-07_02-15-32/13-openroad-floorplan/openroad-floorplan.log'[/repr.filename]…
[ORD-2011] LEF master RM_IHPSG13_1P_512x32_c2_bm_bist has no liberty cell.
Running 'OpenROAD.DumpRCValues' at 'runs/RUN_2026-02-07_02-15-32/14-openroad-dumprcvalues'…
No libs found for macro RM_IHPSG13_1P_512x32_c2_bm_bist at corner nom_typ_1p20V_25C. The module will be black-boxed.
Logging subprocess to [repr.filename]'runs/RUN_2026-02-07_02-15-32/14-openroad-dumprcvalues/openroad-dumprcvalues.log'[/repr.filename]…
Running 'Odb.CheckMacroAntennaProperties' at 'runs/RUN_2026-02-07_02-15-32/15-odb-checkmacroantennaproperties'…
Logging subprocess to [repr.filename]'runs/RUN_2026-02-07_02-15-32/15-odb-checkmacroantennaproperties/odb-checkmacroantennaproperties.log'[/repr.filename]…
Running 'Odb.SetPowerConnections' at 'runs/RUN_2026-02-07_02-15-32/16-odb-setpowerconnections'…
Logging subprocess to [repr.filename]'runs/RUN_2026-02-07_02-15-32/16-odb-setpowerconnections/odb-setpowerconnections.log'[/repr.filename]…
Running 'Odb.ManualMacroPlacement' at 'runs/RUN_2026-02-07_02-15-32/17-odb-manualmacroplacement'…
Logging subprocess to [repr.filename]'runs/RUN_2026-02-07_02-15-32/17-odb-manualmacroplacement/odb-manualmacroplacement.log'[/repr.filename]…
Running 'OpenROAD.CutRows' at 'runs/RUN_2026-02-07_02-15-32/18-openroad-cutrows'…
No libs found for macro RM_IHPSG13_1P_512x32_c2_bm_bist at corner nom_typ_1p20V_25C. The module will be black-boxed.
Logging subprocess to [repr.filename]'runs/RUN_2026-02-07_02-15-32/18-openroad-cutrows/openroad-cutrows.log'[/repr.filename]…
Running 'OpenROAD.TapEndcapInsertion' at 'runs/RUN_2026-02-07_02-15-32/19-openroad-tapendcapinsertion'…
No libs found for macro RM_IHPSG13_1P_512x32_c2_bm_bist at corner nom_typ_1p20V_25C. The module will be black-boxed.
Logging subprocess to [repr.filename]'runs/RUN_2026-02-07_02-15-32/19-openroad-tapendcapinsertion/openroad-tapendcapinsertion.log'[/repr.filename]…
Running 'Odb.AddPDNObstructions' at 'runs/RUN_2026-02-07_02-15-32/20-odb-addpdnobstructions'…
'PDN_OBSTRUCTIONS' is not defined. Skipping 'Odb.AddPDNObstructions'…
Running 'OpenROAD.GeneratePDN' at 'runs/RUN_2026-02-07_02-15-32/21-openroad-generatepdn'…
'PDN_CFG' not explicitly set, setting it to /nix/store/m14ar4akyh801bihjgbvb3k669h95ig3-python3-3.12.10-env/lib/python3.12/site-packages/librelane/scripts/openroad/common/pdn_cfg.tcl…
No libs found for macro RM_IHPSG13_1P_512x32_c2_bm_bist at corner nom_typ_1p20V_25C. The module will be black-boxed.
Logging subprocess to [repr.filename]'runs/RUN_2026-02-07_02-15-32/21-openroad-generatepdn/openroad-generatepdn.log'[/repr.filename]…
[PDN-0231] u_ram is not connected to any power/ground nets.
Running 'Odb.RemovePDNObstructions' at 'runs/RUN_2026-02-07_02-15-32/22-odb-removepdnobstructions'…
'PDN_OBSTRUCTIONS' is not defined. Skipping 'Odb.RemovePDNObstructions'…
Running 'Odb.AddRoutingObstructions' at 'runs/RUN_2026-02-07_02-15-32/23-odb-addroutingobstructions'…
'ROUTING_OBSTRUCTIONS' is not defined. Skipping 'Odb.AddRoutingObstructions'…
Running 'OpenROAD.GlobalPlacementSkipIO' at 'runs/RUN_2026-02-07_02-15-32/24-openroad-globalplacementskipio'…
'PL_TARGET_DENSITY_PCT' not explicitly set, using dynamically calculated target density: 35.011100…
No libs found for macro RM_IHPSG13_1P_512x32_c2_bm_bist at corner nom_typ_1p20V_25C. The module will be black-boxed.
Logging subprocess to [repr.filename]'runs/RUN_2026-02-07_02-15-32/24-openroad-globalplacementskipio/openroad-globalplacementskipio.log'[/repr.filename]…
Running 'OpenROAD.IOPlacement' at 'runs/RUN_2026-02-07_02-15-32/25-openroad-ioplacement'…
No libs found for macro RM_IHPSG13_1P_512x32_c2_bm_bist at corner nom_typ_1p20V_25C. The module will be black-boxed.
Logging subprocess to [repr.filename]'runs/RUN_2026-02-07_02-15-32/25-openroad-ioplacement/openroad-ioplacement.log'[/repr.filename]…
Running 'Odb.CustomIOPlacement' at 'runs/RUN_2026-02-07_02-15-32/26-odb-customioplacement'…
No custom I/O placement file configured, skipping 'Odb.CustomIOPlacement'…
Running 'Odb.ApplyDEFTemplate' at 'runs/RUN_2026-02-07_02-15-32/27-odb-applydeftemplate'…
No DEF template provided, skipping 'Odb.ApplyDEFTemplate'…
Running 'OpenROAD.GlobalPlacement' at 'runs/RUN_2026-02-07_02-15-32/28-openroad-globalplacement'…
'PL_TARGET_DENSITY_PCT' not explicitly set, using dynamically calculated target density: 35.011100…
No libs found for macro RM_IHPSG13_1P_512x32_c2_bm_bist at corner nom_typ_1p20V_25C. The module will be black-boxed.
Logging subprocess to [repr.filename]'runs/RUN_2026-02-07_02-15-32/28-openroad-globalplacement/openroad-globalplacement.log'[/repr.filename]…
Running 'Odb.WriteVerilogHeader' at 'runs/RUN_2026-02-07_02-15-32/29-odb-writeverilogheader'…
Logging subprocess to [repr.filename]'runs/RUN_2026-02-07_02-15-32/29-odb-writeverilogheader/odb-writeverilogheader.log'[/repr.filename]…
Running 'Checker.PowerGridViolations' at 'runs/RUN_2026-02-07_02-15-32/30-checker-powergridviolations'…
Check for power grid violations (as reported by OpenROAD PSM- you may ignore these if LVS passes) clear.
Running 'OpenROAD.STAMidPNR' at 'runs/RUN_2026-02-07_02-15-32/31-openroad-stamidpnr'…
No libs found for macro RM_IHPSG13_1P_512x32_c2_bm_bist at corner nom_typ_1p20V_25C. The module will be black-boxed.
Logging subprocess to [repr.filename]'runs/RUN_2026-02-07_02-15-32/31-openroad-stamidpnr/openroad-stamidpnr.log'[/repr.filename]…
Running 'OpenROAD.RepairDesignPostGPL' at 'runs/RUN_2026-02-07_02-15-32/32-openroad-repairdesignpostgpl'…
No libs found for macro RM_IHPSG13_1P_512x32_c2_bm_bist at corner nom_fast_1p32V_m40C. The module will be black-boxed.
No libs found for macro RM_IHPSG13_1P_512x32_c2_bm_bist at corner nom_slow_1p08V_125C. The module will be black-boxed.
No libs found for macro RM_IHPSG13_1P_512x32_c2_bm_bist at corner nom_typ_1p20V_25C. The module will be black-boxed.
Logging subprocess to [repr.filename]'runs/RUN_2026-02-07_02-15-32/32-openroad-repairdesignpostgpl/openroad-repairdesignpostgpl.log'[/repr.filename]…
Running 'Odb.ManualGlobalPlacement' at 'runs/RUN_2026-02-07_02-15-32/33-odb-manualglobalplacement'…
'MANUAL_GLOBAL_PLACEMENTS' not set. Skipping 'Odb.ManualGlobalPlacement'…
Running 'OpenROAD.DetailedPlacement' at 'runs/RUN_2026-02-07_02-15-32/34-openroad-detailedplacement'…
No libs found for macro RM_IHPSG13_1P_512x32_c2_bm_bist at corner nom_typ_1p20V_25C. The module will be black-boxed.
Logging subprocess to [repr.filename]'runs/RUN_2026-02-07_02-15-32/34-openroad-detailedplacement/openroad-detailedplacement.log'[/repr.filename]…
Running 'OpenROAD.CTS' at 'runs/RUN_2026-02-07_02-15-32/35-openroad-cts'…
No libs found for macro RM_IHPSG13_1P_512x32_c2_bm_bist at corner nom_fast_1p32V_m40C. The module will be black-boxed.
No libs found for macro RM_IHPSG13_1P_512x32_c2_bm_bist at corner nom_slow_1p08V_125C. The module will be black-boxed.
No libs found for macro RM_IHPSG13_1P_512x32_c2_bm_bist at corner nom_typ_1p20V_25C. The module will be black-boxed.
Logging subprocess to [repr.filename]'runs/RUN_2026-02-07_02-15-32/35-openroad-cts/openroad-cts.log'[/repr.filename]…
Running 'OpenROAD.STAMidPNR-1' at 'runs/RUN_2026-02-07_02-15-32/36-openroad-stamidpnr-1'…
No libs found for macro RM_IHPSG13_1P_512x32_c2_bm_bist at corner nom_typ_1p20V_25C. The module will be black-boxed.
Logging subprocess to [repr.filename]'runs/RUN_2026-02-07_02-15-32/36-openroad-stamidpnr-1/openroad-stamidpnr-1.log'[/repr.filename]…
Running 'OpenROAD.ResizerTimingPostCTS' at 'runs/RUN_2026-02-07_02-15-32/37-openroad-resizertimingpostcts'…
No libs found for macro RM_IHPSG13_1P_512x32_c2_bm_bist at corner nom_fast_1p32V_m40C. The module will be black-boxed.
No libs found for macro RM_IHPSG13_1P_512x32_c2_bm_bist at corner nom_slow_1p08V_125C. The module will be black-boxed.
No libs found for macro RM_IHPSG13_1P_512x32_c2_bm_bist at corner nom_typ_1p20V_25C. The module will be black-boxed.
Logging subprocess to [repr.filename]'runs/RUN_2026-02-07_02-15-32/37-openroad-resizertimingpostcts/openroad-resizertimingpostcts.log'[/repr.filename]…
Running 'OpenROAD.STAMidPNR-2' at 'runs/RUN_2026-02-07_02-15-32/38-openroad-stamidpnr-2'…
No libs found for macro RM_IHPSG13_1P_512x32_c2_bm_bist at corner nom_typ_1p20V_25C. The module will be black-boxed.
Logging subprocess to [repr.filename]'runs/RUN_2026-02-07_02-15-32/38-openroad-stamidpnr-2/openroad-stamidpnr-2.log'[/repr.filename]…
Running 'OpenROAD.GlobalRouting' at 'runs/RUN_2026-02-07_02-15-32/39-openroad-globalrouting'…
No libs found for macro RM_IHPSG13_1P_512x32_c2_bm_bist at corner nom_typ_1p20V_25C. The module will be black-boxed.
Logging subprocess to [repr.filename]'runs/RUN_2026-02-07_02-15-32/39-openroad-globalrouting/openroad-globalrouting.log'[/repr.filename]…
Running 'OpenROAD.CheckAntennas' at 'runs/RUN_2026-02-07_02-15-32/40-openroad-checkantennas'…
No libs found for macro RM_IHPSG13_1P_512x32_c2_bm_bist at corner nom_typ_1p20V_25C. The module will be black-boxed.
Logging subprocess to [repr.filename]'runs/RUN_2026-02-07_02-15-32/40-openroad-checkantennas/openroad-checkantennas.log'[/repr.filename]…
Gating variable for step 'OpenROAD.RepairDesignPostGRT' set to 'False'- the step will be skipped.
Skipping step 'Repair Design (Post-Global Routing)'…
Running 'Odb.DiodesOnPorts' at 'runs/RUN_2026-02-07_02-15-32/41-odb-diodesonports'…
'DIODE_ON_PORTS' is set to 'none': skipping 'Odb.DiodesOnPorts'…
Gating variable for step 'Odb.HeuristicDiodeInsertion' set to 'False'- the step will be skipped.
Skipping step 'Heuristic Diode Insertion'…
Running 'OpenROAD.RepairAntennas' at 'runs/RUN_2026-02-07_02-15-32/42-openroad-repairantennas'…
Running 'DiodeInsertion' at 'runs/RUN_2026-02-07_02-15-32/42-openroad-repairantennas/1-diodeinsertion'…
No libs found for macro RM_IHPSG13_1P_512x32_c2_bm_bist at corner nom_typ_1p20V_25C. The module will be black-boxed.
Logging subprocess to [repr.filename]'runs/RUN_2026-02-07_02-15-32/42-openroad-repairantennas/1-diodeinsertion/diodeinsertion.log'[/repr.filename]…
Running 'OpenROAD.CheckAntennas' at 'runs/RUN_2026-02-07_02-15-32/42-openroad-repairantennas/2-openroad-checkantennas'…
No libs found for macro RM_IHPSG13_1P_512x32_c2_bm_bist at corner nom_typ_1p20V_25C. The module will be black-boxed.
Logging subprocess to [repr.filename]'runs/RUN_2026-02-07_02-15-32/42-openroad-repairantennas/2-openroad-checkantennas/openroad-checkantennas.log'[/repr.filename]…
Gating variable for step 'OpenROAD.ResizerTimingPostGRT' set to 'False'- the step will be skipped.
Skipping step 'Resizer Timing Optimizations (Post-Global Routing)'…
Running 'OpenROAD.STAMidPNR-3' at 'runs/RUN_2026-02-07_02-15-32/43-openroad-stamidpnr-3'…
No libs found for macro RM_IHPSG13_1P_512x32_c2_bm_bist at corner nom_typ_1p20V_25C. The module will be black-boxed.
Logging subprocess to [repr.filename]'runs/RUN_2026-02-07_02-15-32/43-openroad-stamidpnr-3/openroad-stamidpnr-3.log'[/repr.filename]…
Running 'OpenROAD.DetailedRouting' at 'runs/RUN_2026-02-07_02-15-32/44-openroad-detailedrouting'…
Running TritonRoute with 12 threads…
No libs found for macro RM_IHPSG13_1P_512x32_c2_bm_bist at corner nom_typ_1p20V_25C. The module will be black-boxed.
Logging subprocess to [repr.filename]'runs/RUN_2026-02-07_02-15-32/44-openroad-detailedrouting/openroad-detailedrouting.log'[/repr.filename]…
[DRT-0349] LEF58_ENCLOSURE with no CUTCLASS is not supported. Skipping for layer Cont
[DRT-0349] LEF58_ENCLOSURE with no CUTCLASS is not supported. Skipping for layer Via1
[DRT-0349] LEF58_ENCLOSURE with no CUTCLASS is not supported. Skipping for layer Via1
[DRT-0349] LEF58_ENCLOSURE with no CUTCLASS is not supported. Skipping for layer Via2
[DRT-0349] LEF58_ENCLOSURE with no CUTCLASS is not supported. Skipping for layer Via3
[DRT-0349] LEF58_ENCLOSURE with no CUTCLASS is not supported. Skipping for layer Via4
[DRT-0349] LEF58_ENCLOSURE with no CUTCLASS is not supported. Skipping for layer TopVia1
[DRT-0349] LEF58_ENCLOSURE with no CUTCLASS is not supported. Skipping for layer TopVia1
[DRT-0349] LEF58_ENCLOSURE with no CUTCLASS is not supported. Skipping for layer TopVia2
[DRT-0349] LEF58_ENCLOSURE with no CUTCLASS is not supported. Skipping for layer TopVia2
Running 'Odb.RemoveRoutingObstructions' at 'runs/RUN_2026-02-07_02-15-32/45-odb-removeroutingobstructions'…
'ROUTING_OBSTRUCTIONS' is not defined. Skipping 'Odb.RemoveRoutingObstructions'…
Running 'OpenROAD.CheckAntennas-1' at 'runs/RUN_2026-02-07_02-15-32/46-openroad-checkantennas-1'…
No libs found for macro RM_IHPSG13_1P_512x32_c2_bm_bist at corner nom_typ_1p20V_25C. The module will be black-boxed.
Logging subprocess to [repr.filename]'runs/RUN_2026-02-07_02-15-32/46-openroad-checkantennas-1/openroad-checkantennas-1.log'[/repr.filename]…
Running 'Checker.TrDRC' at 'runs/RUN_2026-02-07_02-15-32/47-checker-trdrc'…
Check for Routing DRC errors clear.
Running 'Odb.ReportDisconnectedPins' at 'runs/RUN_2026-02-07_02-15-32/48-odb-reportdisconnectedpins'…
Logging subprocess to [repr.filename]'runs/RUN_2026-02-07_02-15-32/48-odb-reportdisconnectedpins/odb-reportdisconnectedpins.log'[/repr.filename]…
Running 'Checker.DisconnectedPins' at 'runs/RUN_2026-02-07_02-15-32/49-checker-disconnectedpins'…
Check for critical disconnected pins clear.
Running 'Odb.ReportWireLength' at 'runs/RUN_2026-02-07_02-15-32/50-odb-reportwirelength'…
Logging subprocess to [repr.filename]'runs/RUN_2026-02-07_02-15-32/50-odb-reportwirelength/odb-reportwirelength.log'[/repr.filename]…
Running 'Checker.WireLength' at 'runs/RUN_2026-02-07_02-15-32/51-checker-wirelength'…
Threshold for Threshold-surpassing long wires is not set. The checker will be skipped.
Running 'OpenROAD.FillInsertion' at 'runs/RUN_2026-02-07_02-15-32/52-openroad-fillinsertion'…
No libs found for macro RM_IHPSG13_1P_512x32_c2_bm_bist at corner nom_typ_1p20V_25C. The module will be black-boxed.
Logging subprocess to [repr.filename]'runs/RUN_2026-02-07_02-15-32/52-openroad-fillinsertion/openroad-fillinsertion.log'[/repr.filename]…
Running 'Odb.CellFrequencyTables' at 'runs/RUN_2026-02-07_02-15-32/53-odb-cellfrequencytables'…
Logging subprocess to [repr.filename]'runs/RUN_2026-02-07_02-15-32/53-odb-cellfrequencytables/buffer_list.txt'[/repr.filename]…
Logging subprocess to [repr.filename]'runs/RUN_2026-02-07_02-15-32/53-odb-cellfrequencytables/odb-cellfrequencytables.log'[/repr.filename]…
Running 'OpenROAD.RCX' at 'runs/RUN_2026-02-07_02-15-32/54-openroad-rcx'…
Running RCX for corners matching nom_* (/home/fawad/matrixMul/Matrix_Multiplier/runs/RUN_2026-02-07_02-15-32/54-openroad-rcx/nom/rcx.log)…
Logging subprocess to [repr.filename]'runs/RUN_2026-02-07_02-15-32/54-openroad-rcx/nom/rcx.log'[/repr.filename]…
Finished RCX for corners matching nom_*.
Running 'OpenROAD.STAPostPNR' at 'runs/RUN_2026-02-07_02-15-32/55-openroad-stapostpnr'…
No libs found for macro RM_IHPSG13_1P_512x32_c2_bm_bist at corner nom_fast_1p32V_m40C. The module will be black-boxed.
Starting STA for the nom_fast_1p32V_m40C timing corner…
No libs found for macro RM_IHPSG13_1P_512x32_c2_bm_bist at corner nom_slow_1p08V_125C. The module will be black-boxed.
Starting STA for the nom_slow_1p08V_125C timing corner…
No libs found for macro RM_IHPSG13_1P_512x32_c2_bm_bist at corner nom_typ_1p20V_25C. The module will be black-boxed.
Starting STA for the nom_typ_1p20V_25C timing corner…
Logging subprocess to [repr.filename]'runs/RUN_2026-02-07_02-15-32/55-openroad-stapostpnr/nom_fast_1p32V_m40C/sta.log'[/repr.filename]…
Logging subprocess to [repr.filename]'runs/RUN_2026-02-07_02-15-32/55-openroad-stapostpnr/nom_slow_1p08V_125C/sta.log'[/repr.filename]…
Logging subprocess to [repr.filename]'runs/RUN_2026-02-07_02-15-32/55-openroad-stapostpnr/nom_typ_1p20V_25C/sta.log'[/repr.filename]…
Finished STA for the nom_fast_1p32V_m40C timing corner.
Logging subprocess to [repr.filename]'runs/RUN_2026-02-07_02-15-32/55-openroad-stapostpnr/nom_fast_1p32V_m40C/filter_unannotated.log'[/repr.filename]…
Finished STA for the nom_typ_1p20V_25C timing corner.
Logging subprocess to [repr.filename]'runs/RUN_2026-02-07_02-15-32/55-openroad-stapostpnr/nom_typ_1p20V_25C/filter_unannotated.log'[/repr.filename]…
Finished STA for the nom_slow_1p08V_125C timing corner.
Logging subprocess to [repr.filename]'runs/RUN_2026-02-07_02-15-32/55-openroad-stapostpnr/nom_slow_1p08V_125C/filter_unannotated.log'[/repr.filename]…
Running 'OpenROAD.IRDropReport' at 'runs/RUN_2026-02-07_02-15-32/56-openroad-irdropreport'…
'VSRC_LOC_FILES' was not given a value, which may make the results of IR drop analysis inaccurate. If you are not integrating a top-level chip for manufacture, you may ignore this warning, otherwise, see the documentation for 'VSRC_LOC_FILES'.
No libs found for macro RM_IHPSG13_1P_512x32_c2_bm_bist at corner nom_typ_1p20V_25C. The module will be black-boxed.
Logging subprocess to [repr.filename]'runs/RUN_2026-02-07_02-15-32/56-openroad-irdropreport/openroad-irdropreport.log'[/repr.filename]…
+ analyze_power_grid -net VPWR -voltage_file /home/fawad/matrixMul/Matrix_Multiplier/runs/RUN_2026-02-07_02-15-32/56-openroad-irdropreport/net-VPWR.csv
[INFO PSM-0040] All shapes on net VPWR are connected.
########## IR report #################
Net              : VPWR
Corner           : nom_typ_1p20V_25C
Supply voltage   : 1.20e+00 V
Worstcase voltage: 1.20e+00 V
Average voltage  : 1.20e+00 V
Average IR drop  : 6.96e-05 V
Worstcase IR drop: 4.47e-04 V
Percentage drop  : 0.04 %
######################################
+ analyze_power_grid -net VGND -voltage_file /home/fawad/matrixMul/Matrix_Multiplier/runs/RUN_2026-02-07_02-15-32/56-openroad-irdropreport/net-VGND.csv
[INFO PSM-0040] All shapes on net VGND are connected.
########## IR report #################
Net              : VGND
Corner           : nom_typ_1p20V_25C
Supply voltage   : 0.00e+00 V
Worstcase voltage: 3.89e-04 V
Average voltage  : 6.70e-05 V
Average IR drop  : 6.70e-05 V
Worstcase IR drop: 3.89e-04 V
Percentage drop  : 0.03 %
######################################

Running 'Magic.StreamOut' at 'runs/RUN_2026-02-07_02-15-32/57-magic-streamout'…
Logging subprocess to [repr.filename]'runs/RUN_2026-02-07_02-15-32/57-magic-streamout/RM_IHPSG13_1P_512x32_c2_bm_bist.get_bbox.log'[/repr.filename]…
Error while reading cell "RSC_IHPSG13_CDLYX1" (byte position 250624): Unknown layer/datatype in boundary, layer=235 type=4

Error while reading cell "RM_IHPSG13_1P_COLCTRL2" (byte position 294764): Unknown layer/datatype in boundary, layer=235 type=4

Logging subprocess to [repr.filename]'runs/RUN_2026-02-07_02-15-32/57-magic-streamout/magic-streamout.log'[/repr.filename]…
Running 'KLayout.StreamOut' at 'runs/RUN_2026-02-07_02-15-32/58-klayout-streamout'…
Logging subprocess to [repr.filename]'runs/RUN_2026-02-07_02-15-32/58-klayout-streamout/klayout-streamout.log'[/repr.filename]…
Running 'Magic.WriteLEF' at 'runs/RUN_2026-02-07_02-15-32/59-magic-writelef'…
Logging subprocess to [repr.filename]'runs/RUN_2026-02-07_02-15-32/59-magic-writelef/magic-writelef.log'[/repr.filename]…
Error while reading cell "RSC_IHPSG13_CDLYX1" (byte position 250624): Unknown layer/datatype in boundary, layer=235 type=4

Error while reading cell "RM_IHPSG13_1P_COLCTRL2" (byte position 294764): Unknown layer/datatype in boundary, layer=235 type=4

