23 Lint warnings found.
'PNR_SDC_FILE' is not defined. Using generic fallback SDC for OpenROAD PnR steps.
'SIGNOFF_SDC_FILE' is not defined. Using generic fallback SDC for OpenROAD PnR steps.
No libs found for macro RM_IHPSG13_1P_512x32_c2_bm_bist at corner nom_typ_1p20V_25C. The module will be black-boxed.
No libs found for macro RM_IHPSG13_1P_512x32_c2_bm_bist at corner nom_typ_1p20V_25C. The module will be black-boxed.
No libs found for macro RM_IHPSG13_1P_512x32_c2_bm_bist at corner nom_fast_1p32V_m40C. The module will be black-boxed.
No libs found for macro RM_IHPSG13_1P_512x32_c2_bm_bist at corner nom_slow_1p08V_125C. The module will be black-boxed.
No libs found for macro RM_IHPSG13_1P_512x32_c2_bm_bist at corner nom_typ_1p20V_25C. The module will be black-boxed.
No libs found for macro RM_IHPSG13_1P_512x32_c2_bm_bist at corner nom_typ_1p20V_25C. The module will be black-boxed.
[ORD-2011] LEF master RM_IHPSG13_1P_512x32_c2_bm_bist has no liberty cell.
No libs found for macro RM_IHPSG13_1P_512x32_c2_bm_bist at corner nom_typ_1p20V_25C. The module will be black-boxed.
No libs found for macro RM_IHPSG13_1P_512x32_c2_bm_bist at corner nom_typ_1p20V_25C. The module will be black-boxed.
No libs found for macro RM_IHPSG13_1P_512x32_c2_bm_bist at corner nom_typ_1p20V_25C. The module will be black-boxed.
No libs found for macro RM_IHPSG13_1P_512x32_c2_bm_bist at corner nom_typ_1p20V_25C. The module will be black-boxed.
[PDN-0231] u_ram is not connected to any power/ground nets.
No libs found for macro RM_IHPSG13_1P_512x32_c2_bm_bist at corner nom_typ_1p20V_25C. The module will be black-boxed.
No libs found for macro RM_IHPSG13_1P_512x32_c2_bm_bist at corner nom_typ_1p20V_25C. The module will be black-boxed.
No libs found for macro RM_IHPSG13_1P_512x32_c2_bm_bist at corner nom_typ_1p20V_25C. The module will be black-boxed.
No libs found for macro RM_IHPSG13_1P_512x32_c2_bm_bist at corner nom_typ_1p20V_25C. The module will be black-boxed.
No libs found for macro RM_IHPSG13_1P_512x32_c2_bm_bist at corner nom_fast_1p32V_m40C. The module will be black-boxed.
No libs found for macro RM_IHPSG13_1P_512x32_c2_bm_bist at corner nom_slow_1p08V_125C. The module will be black-boxed.
No libs found for macro RM_IHPSG13_1P_512x32_c2_bm_bist at corner nom_typ_1p20V_25C. The module will be black-boxed.
No libs found for macro RM_IHPSG13_1P_512x32_c2_bm_bist at corner nom_typ_1p20V_25C. The module will be black-boxed.
No libs found for macro RM_IHPSG13_1P_512x32_c2_bm_bist at corner nom_fast_1p32V_m40C. The module will be black-boxed.
No libs found for macro RM_IHPSG13_1P_512x32_c2_bm_bist at corner nom_slow_1p08V_125C. The module will be black-boxed.
No libs found for macro RM_IHPSG13_1P_512x32_c2_bm_bist at corner nom_typ_1p20V_25C. The module will be black-boxed.
No libs found for macro RM_IHPSG13_1P_512x32_c2_bm_bist at corner nom_typ_1p20V_25C. The module will be black-boxed.
No libs found for macro RM_IHPSG13_1P_512x32_c2_bm_bist at corner nom_fast_1p32V_m40C. The module will be black-boxed.
No libs found for macro RM_IHPSG13_1P_512x32_c2_bm_bist at corner nom_slow_1p08V_125C. The module will be black-boxed.
No libs found for macro RM_IHPSG13_1P_512x32_c2_bm_bist at corner nom_typ_1p20V_25C. The module will be black-boxed.
No libs found for macro RM_IHPSG13_1P_512x32_c2_bm_bist at corner nom_typ_1p20V_25C. The module will be black-boxed.
No libs found for macro RM_IHPSG13_1P_512x32_c2_bm_bist at corner nom_typ_1p20V_25C. The module will be black-boxed.
No libs found for macro RM_IHPSG13_1P_512x32_c2_bm_bist at corner nom_typ_1p20V_25C. The module will be black-boxed.
No libs found for macro RM_IHPSG13_1P_512x32_c2_bm_bist at corner nom_typ_1p20V_25C. The module will be black-boxed.
No libs found for macro RM_IHPSG13_1P_512x32_c2_bm_bist at corner nom_typ_1p20V_25C. The module will be black-boxed.
No libs found for macro RM_IHPSG13_1P_512x32_c2_bm_bist at corner nom_typ_1p20V_25C. The module will be black-boxed.
No libs found for macro RM_IHPSG13_1P_512x32_c2_bm_bist at corner nom_typ_1p20V_25C. The module will be black-boxed.
[DRT-0349] LEF58_ENCLOSURE with no CUTCLASS is not supported. Skipping for layer Cont
[DRT-0349] LEF58_ENCLOSURE with no CUTCLASS is not supported. Skipping for layer Via1
[DRT-0349] LEF58_ENCLOSURE with no CUTCLASS is not supported. Skipping for layer Via1
[DRT-0349] LEF58_ENCLOSURE with no CUTCLASS is not supported. Skipping for layer Via2
[DRT-0349] LEF58_ENCLOSURE with no CUTCLASS is not supported. Skipping for layer Via3
[DRT-0349] LEF58_ENCLOSURE with no CUTCLASS is not supported. Skipping for layer Via4
[DRT-0349] LEF58_ENCLOSURE with no CUTCLASS is not supported. Skipping for layer TopVia1
[DRT-0349] LEF58_ENCLOSURE with no CUTCLASS is not supported. Skipping for layer TopVia1
[DRT-0349] LEF58_ENCLOSURE with no CUTCLASS is not supported. Skipping for layer TopVia2
[DRT-0349] LEF58_ENCLOSURE with no CUTCLASS is not supported. Skipping for layer TopVia2
No libs found for macro RM_IHPSG13_1P_512x32_c2_bm_bist at corner nom_typ_1p20V_25C. The module will be black-boxed.
Threshold for Threshold-surpassing long wires is not set. The checker will be skipped.
No libs found for macro RM_IHPSG13_1P_512x32_c2_bm_bist at corner nom_typ_1p20V_25C. The module will be black-boxed.
No libs found for macro RM_IHPSG13_1P_512x32_c2_bm_bist at corner nom_fast_1p32V_m40C. The module will be black-boxed.
No libs found for macro RM_IHPSG13_1P_512x32_c2_bm_bist at corner nom_slow_1p08V_125C. The module will be black-boxed.
No libs found for macro RM_IHPSG13_1P_512x32_c2_bm_bist at corner nom_typ_1p20V_25C. The module will be black-boxed.
'VSRC_LOC_FILES' was not given a value, which may make the results of IR drop analysis inaccurate. If you are not integrating a top-level chip for manufacture, you may ignore this warning, otherwise, see the documentation for 'VSRC_LOC_FILES'.
No libs found for macro RM_IHPSG13_1P_512x32_c2_bm_bist at corner nom_typ_1p20V_25C. The module will be black-boxed.
