
Magic 8.3 revision 528 - Compiled on Sat Jun 21 19:19:56 UTC 2025.
Starting magic under Tcl interpreter
Using the terminal as the console.
Using NULL graphics device.
Processing system .magicrc file
Sourcing design .magicrc for technology ihp-sg13g2 ...
2 Magic internal units = 1 Lambda
Input style sg13g2(): scaleFactor=2, multiplier=2
The following types are not handled by extraction and will be treated as non-electrical types:
    fillfet sealcont difffill nemitter hvnemitter hvisodiffres sealvia1 sealvia2 sealvia3 sealvia4 sealvia5 sealvia6 pad seal thruvia 
Scaled tech values by 2 / 1 to match internal grid scaling
Loading "/nix/store/m14ar4akyh801bihjgbvb3k669h95ig3-python3-3.12.10-env/lib/python3.12/site-packages/librelane/scripts/magic/wrapper.tcl" from command line.
Warning: Calma reading is not undoable!  I hope that's OK.
Library written using GDS-II Release 6.0
Library name: LIB
Reading "VIA_M1_Activ_db_0x02835b9b".
Reading "VIA_M1_GatPoly_db_0x0283451d".
Reading "lvsres_db_0x0283509a".
Reading "lvsres_db_0x02834b9a".
Reading "RM_IHPSG13_1P_BITKIT_CELL_SUB".
Reading "RM_IHPSG13_1P_BITKIT_CELL".
Reading "RM_IHPSG13_1P_BITKIT_TAP".
Reading "RM_IHPSG13_1P_BITKIT_CELL_2x1".
Reading "VIA_M2_M1_db_0x0283be9b".
Reading "VIA_M2_M1_db_0x0283beab".
Reading "RSC_IHPSG13_INVX4".
Reading "RSC_IHPSG13_FILLCAP4".
Reading "VIA_M3_M2_db_0x0283059e".
Reading "VIA_M2_M1_db_0x0283059f".
Reading "RSC_IHPSG13_CINVX2".
Reading "RSC_IHPSG13_INVX2".
Reading "RSC_IHPSG13_FILLCAP8".
Reading "RSC_IHPSG13_FILL1".
Reading "VIA_M3_M2_db_0x0400d39e".
Reading "VIA_M4_M3_db_0x0283a69b".
Reading "RSC_IHPSG13_FILL2".
Reading "RSC_IHPSG13_NAND3X2".
Reading "VIA_M3_M2_db_0x0400d921".
Reading "RSC_IHPSG13_LHPQX2".
Reading "RSC_IHPSG13_NOR3X2".
Reading "RSC_IHPSG13_NAND2X2".
Reading "lvsres_db_0x0400b71a".
Reading "VIA_M3_M2_db_0x0400ab9c".
Reading "RM_IHPSG13_1P_BITKIT_16x2_SRAM".
Reading "RM_IHPSG13_1P_BITKIT_16x2_TAP".
Reading "RM_IHPSG13_1P_BITKIT_16x2_EDGE_TB".
Reading "RM_IHPSG13_1P_BITKIT_EDGE_LR".
Reading "RM_IHPSG13_1P_BITKIT_CELL_CORNER".
Reading "VIA_M4_M3_db_0x0283361c".
Reading "RSC_IHPSG13_DFPQD_MSAFFX2N_half".
Reading "VIA_M2_M1_db_0x0283059b".
Reading "VIA_M2_M1_db_0x0283059c".
Reading "VIA_M3_M2_db_0x028305a0".
Reading "VIA_M3_M2_db_0x028305a1".
Reading "VIA_M2_M1_db_0x028305a2".
Reading "VIA_M2_M1_db_0x028305a3".
Reading "VIA_M3_M2_db_0x028305a4".
Reading "VIA_M2_M1_db_0x028305a5".
Reading "VIA_M3_M2_db_0x0283a69d".
Reading "VIA_M4_M3_db_0x0283a69e".
Reading "VIA_M3_M2_db_0x0283a69f".
Reading "VIA_M3_M2_db_0x0400d91e".
Reading "VIA_M3_M2_db_0x0400ab9b".
Reading "lvsres_db_0x04007e9a".
Reading "VIA_M2_M1_db_0x0283bea0".
Reading "VIA_M3_M2_db_0x0283bea2".
Reading "VIA_M3_M2_db_0x043aeda0".
Reading "VIA_M2_M1_db_0x0283bea5".
Reading "RSC_IHPSG13_DFNQMX2IX1".
Reading "RSC_IHPSG13_AND2X2".
Reading "RSC_IHPSG13_CBUFX2".
Reading "VIA_M3_M2_db_0x02839d23".
Reading "VIA_M3_M2_db_0x0283959d".
Reading "RSC_IHPSG13_CINVX8".
Reading "VIA_M2_M1_db_0x02838424".
Reading "VIA_M2_M1_db_0x02838425".
Reading "RSC_IHPSG13_CDLYX2".
Reading "RSC_IHPSG13_MX2X2".
Reading "RSC_IHPSG13_CGATEPX4".
Reading "RSC_IHPSG13_CINVX4".
Reading "RSC_IHPSG13_XOR2X2".
Reading "RSC_IHPSG13_DFNQX2".
Reading "RSC_IHPSG13_TIEL".
Reading "RSC_IHPSG13_OA12X1".
Reading "RSC_IHPSG13_CBUFX8".
CIF file read warning: CIF style sg13g2(): units rescaled by factor of 5 / 1
Reading "RSC_IHPSG13_CNAND2X2".
Reading "RM_IHPSG13_1P_BITKIT_16x2_LE_con_edge_lr".
Reading "RM_IHPSG13_1P_BITKIT_16x2_EDGE_LR".
Reading "RM_IHPSG13_1P_BITKIT_16x2_POWER_ramblk".
Reading "RM_IHPSG13_1P_BITKIT_16x2_LE_con_tap_lr".
Reading "RM_IHPSG13_1P_BITKIT_16x2_TAP_LR".
Reading "RM_IHPSG13_1P_BITKIT_16x2_POWER_ramtap".
Reading "RM_IHPSG13_1P_BITKIT_16x2_LE_con_corner".
Reading "RM_IHPSG13_1P_BITKIT_16x2_CORNER".
Reading "VIA_M2_M1_db_0x0283be9d".
Reading "VIA_M3_M2_db_0x0283be9e".
Reading "VIA_M3_M2_db_0x0283be9f".
Reading "VIA_M3_M2_db_0x0283bea1".
Reading "VIA_M2_M1_db_0x0283bea3".
Reading "VIA_M2_M1_db_0x0283bea4".
Reading "VIA_M2_M1_db_0x0283bea7".
Reading "VIA_M3_M2_db_0x0283bea8".
Reading "VIA_M4_M3_db_0x0283bea9".
Reading "VIA_M2_M1_db_0x0283beaa".
Reading "VIA_M3_M2_db_0x0283beac".
Reading "VIA_M3_M2_db_0x0283beae".
Reading "VIA_M3_M2_db_0x0283beaf".
Reading "VIA_M3_M2_db_0x0283beb0".
Reading "VIA_M3_M2_db_0x0283beb1".
Reading "RSC_IHPSG13_DFPQD_MSAFFX2N".
Reading "lvsres_db_0x0283151a".
Reading "RSC_IHPSG13_NOR2X2".
Reading "RSC_IHPSG13_CINVX4_WN".
Reading "RM_IHPSG13_1P_BLDRV".
Reading "RSC_IHPSG13_TIEH".
Reading "VIA_M3_M2_db_0x02839d1b".
Reading "VIA_M3_M2_db_0x02839d1d".
Reading "RM_IHPSG13_1P_ROWDEC0".
Reading "RM_IHPSG13_1P_DEC_LE_l1wire".
Reading "RM_IHPSG13_1P_DEC_LE_tap".
Reading "RM_IHPSG13_1P_DEC02".
Reading "RM_IHPSG13_1P_DEC_LE_l2empty".
Reading "RM_IHPSG13_1P_DEC03".
Reading "RM_IHPSG13_1P_DEC_LE_l0wire".
Reading "RM_IHPSG13_1P_DEC01".
Reading "RM_IHPSG13_1P_DEC_LE_l1empty".
Reading "RM_IHPSG13_1P_DEC04".
Reading "RM_IHPSG13_1P_DEC00".
Reading "RM_IHPSG13_1P_ROWREG0".
Reading "VIA_M3_M2_db_0x02838420".
Reading "VIA_M4_M3_db_0x02837622".
Reading "VIA_M3_M2_db_0x0283701f".
Reading "RSC_IHPSG13_MX2IX1".
Reading "RSC_IHPSG13_CDLYX1".
Error while reading cell "RSC_IHPSG13_CDLYX1" (byte position 250624): Unknown layer/datatype in boundary, layer=235 type=4
Reading "RSC_IHPSG13_CDLYX1_DUMMY".
Reading "RSC_IHPSG13_CBUFX4".
Reading "VIA_M2_M1_db_0x043aed9b".
Reading "VIA_M2_M1_db_0x043aeda3".
Reading "RSC_IHPSG13_WLDRVX4".
Reading "RM_IHPSG13_1P_COLUMN_128".
Reading "RM_IHPSG13_1P_COLCTRL2_end".
Reading "RM_IHPSG13_1P_COLCTRL2".
Error while reading cell "RM_IHPSG13_1P_COLCTRL2" (byte position 294764): Unknown layer/datatype in boundary, layer=235 type=4
Reading "RM_IHPSG13_1P_COLDRV13_FILL4".
Reading "RM_IHPSG13_1P_COLDRV13_FILL1C2".
Reading "RM_IHPSG13_1P_COLDRV13_FILL4C2".
Reading "RM_IHPSG13_1P_CTRL".
Reading "RM_IHPSG13_1P_COLDEC2".
Reading "RM_IHPSG13_1P_DLY_MUX".
Reading "RM_IHPSG13_1P_DLY_2".
Reading "RM_IHPSG13_1P_COLDRV13X4".
Reading "RM_IHPSG13_1P_COLDRV13_FILL1".
Reading "RM_IHPSG13_1P_WLDRV16X4".
Reading "RM_IHPSG13_1P_WLDRV16X4_tap".
Reading "RM_IHPSG13_1P_ROWDEC7".
Reading "RM_IHPSG13_1P_ROWREG7".
Reading "RM_IHPSG13_1P_MATRIX_128x64".
Reading "RM_IHPSG13_1P_512x32_c2_bm_bist".
%OL_METRIC_I llx 0
%OL_METRIC_I lly 0
%OL_METRIC_I urx 83328
%OL_METRIC_I ury 38268
