
===========================================================================
report_checks -unconstrained
===========================================================================
======================= nom_typ_1p20V_25C Corner ===================================

Startpoint: u_ctrl.col_j[0]$_SDFFE_PP0P_
            (rising edge-triggered flip-flop clocked by clk)
Endpoint: u_mac_1.temp_res[17]$_SDFF_PP0_
          (rising edge-triggered flip-flop clocked by clk)
Path Group: clk
Path Type: max

Fanout         Cap        Slew       Delay        Time   Description
---------------------------------------------------------------------------------------------
                                  0.000000    0.000000   clock clk (rise edge)
                                  0.000000    0.000000   clock source latency
     2    0.094379    0.105969    0.080275    0.080275 ^ clk (in)
                                                         clk (net)
                      0.107755    0.000000    0.080275 ^ clkbuf_regs_0_clk/A (sg13g2_buf_8)
     1    0.009124    0.022582    0.100464    0.180739 ^ clkbuf_regs_0_clk/X (sg13g2_buf_8)
                                                         clk_regs (net)
                      0.022582    0.000013    0.180752 ^ clkbuf_0_clk_regs/A (sg13g2_buf_8)
     8    0.133735    0.077801    0.108434    0.289185 ^ clkbuf_0_clk_regs/X (sg13g2_buf_8)
                                                         clknet_0_clk_regs (net)
                      0.077813    0.000812    0.289997 ^ clkbuf_3_4__f_clk_regs/A (sg13g2_buf_8)
     7    0.110648    0.067548    0.127245    0.417243 ^ clkbuf_3_4__f_clk_regs/X (sg13g2_buf_8)
                                                         clknet_3_4__leaf_clk_regs (net)
                      0.067686    0.002069    0.419312 ^ clkbuf_leaf_38_clk_regs/A (sg13g2_buf_8)
     8    0.035295    0.032038    0.093185    0.512497 ^ clkbuf_leaf_38_clk_regs/X (sg13g2_buf_8)
                                                         clknet_leaf_38_clk_regs (net)
                      0.032038    0.000081    0.512578 ^ u_ctrl.col_j[0]$_SDFFE_PP0P_/CLK (sg13g2_dfrbpq_1)
     1    0.001581    0.019389    0.164479    0.677058 ^ u_ctrl.col_j[0]$_SDFFE_PP0P_/Q (sg13g2_dfrbpq_1)
                                                         rom_addr[2] (net)
                      0.019389    0.000000    0.677058 ^ hold433/A (sg13g2_dlygate4sd3_1)
     1    0.009323    0.059097    0.374409    1.051467 ^ hold433/X (sg13g2_dlygate4sd3_1)
                                                         net1234 (net)
                      0.059097    0.000020    1.051487 ^ fanout842/A (sg13g2_buf_8)
     8    0.033339    0.030788    0.088127    1.139614 ^ fanout842/X (sg13g2_buf_8)
                                                         net842 (net)
                      0.030789    0.000407    1.140021 ^ _3680_/B (sg13g2_or2_1)
     2    0.006503    0.036166    0.073673    1.213694 ^ _3680_/X (sg13g2_or2_1)
                                                         _0767_ (net)
                      0.036166    0.000012    1.213705 ^ _3682_/C (sg13g2_nand3_1)
     2    0.007552    0.088613    0.102888    1.316593 v _3682_/Y (sg13g2_nand3_1)
                                                         _0769_ (net)
                      0.088613    0.000033    1.316626 v _3843_/A2 (sg13g2_a221oi_1)
     8    0.042521    0.576300    0.514327    1.830954 ^ _3843_/Y (sg13g2_a221oi_1)
                                                         _0929_ (net)
                      0.576304    0.001194    1.832147 ^ _3845_/B (sg13g2_nor2_2)
     3    0.018359    0.133411    0.164930    1.997078 v _3845_/Y (sg13g2_nor2_2)
                                                         _0931_ (net)
                      0.133411    0.000032    1.997109 v fanout586/A (sg13g2_buf_8)
     8    0.056572    0.039104    0.131040    2.128149 v fanout586/X (sg13g2_buf_8)
                                                         net586 (net)
                      0.039600    0.003347    2.131496 v _3941_/B (sg13g2_nor2_1)
     2    0.009592    0.099315    0.093686    2.225183 ^ _3941_/Y (sg13g2_nor2_1)
                                                         _1027_ (net)
                      0.099315    0.000005    2.225187 ^ _3946_/A (sg13g2_xor2_1)
     3    0.012744    0.135588    0.179358    2.404545 ^ _3946_/X (sg13g2_xor2_1)
                                                         _1032_ (net)
                      0.135588    0.000041    2.404586 ^ _3960_/B (sg13g2_xnor2_1)
     2    0.009761    0.124879    0.142701    2.547287 ^ _3960_/Y (sg13g2_xnor2_1)
                                                         _1046_ (net)
                      0.124879    0.000024    2.547311 ^ _3969_/A (sg13g2_xor2_1)
     2    0.009728    0.114155    0.169586    2.716897 ^ _3969_/X (sg13g2_xor2_1)
                                                         _1055_ (net)
                      0.114155    0.000022    2.716919 ^ _3984_/B (sg13g2_xor2_1)
     2    0.009182    0.111390    0.158740    2.875659 ^ _3984_/X (sg13g2_xor2_1)
                                                         _1070_ (net)
                      0.111390    0.000026    2.875685 ^ _3987_/B (sg13g2_xnor2_1)
     2    0.009985    0.122674    0.136567    3.012252 ^ _3987_/Y (sg13g2_xnor2_1)
                                                         _1073_ (net)
                      0.122674    0.000032    3.012284 ^ _3991_/B (sg13g2_xor2_1)
     2    0.010800    0.121049    0.170505    3.182789 ^ _3991_/X (sg13g2_xor2_1)
                                                         _1077_ (net)
                      0.121049    0.000034    3.182822 ^ _3997_/A (sg13g2_nand2_1)
     2    0.010322    0.085462    0.106865    3.289687 v _3997_/Y (sg13g2_nand2_1)
                                                         _1083_ (net)
                      0.085462    0.000025    3.289712 v _4000_/A1 (sg13g2_o21ai_1)
     3    0.014718    0.175718    0.189303    3.479015 ^ _4000_/Y (sg13g2_o21ai_1)
                                                         _1086_ (net)
                      0.175718    0.000065    3.479080 ^ _4026_/A (sg13g2_xor2_1)
     2    0.009368    0.116139    0.183509    3.662589 ^ _4026_/X (sg13g2_xor2_1)
                                                         _1112_ (net)
                      0.116139    0.000032    3.662621 ^ _4051_/B (sg13g2_xor2_1)
     3    0.011680    0.124948    0.173859    3.836480 ^ _4051_/X (sg13g2_xor2_1)
                                                         _1137_ (net)
                      0.124948    0.000038    3.836518 ^ _4052_/A2 (sg13g2_a21oi_1)
     3    0.013153    0.110438    0.137985    3.974503 v _4052_/Y (sg13g2_a21oi_1)
                                                         _1138_ (net)
                      0.110438    0.000108    3.974611 v _4054_/A1 (sg13g2_o21ai_1)
     4    0.014303    0.179343    0.195064    4.169675 ^ _4054_/Y (sg13g2_o21ai_1)
                                                         _1140_ (net)
                      0.179343    0.000045    4.169720 ^ _4057_/B1 (sg13g2_a221oi_1)
     2    0.007550    0.108410    0.134531    4.304251 v _4057_/Y (sg13g2_a221oi_1)
                                                         _1143_ (net)
                      0.108410    0.000026    4.304276 v _4059_/C (sg13g2_or3_1)
     4    0.013045    0.064266    0.185426    4.489703 v _4059_/X (sg13g2_or3_1)
                                                         _1145_ (net)
                      0.064266    0.000056    4.489758 v _4108_/B2 (sg13g2_a221oi_1)
     1    0.004218    0.123870    0.153091    4.642850 ^ _4108_/Y (sg13g2_a221oi_1)
                                                         _1192_ (net)
                      0.123870    0.000011    4.642861 ^ _4130_/A1 (sg13g2_o21ai_1)
     3    0.011178    0.090163    0.128113    4.770974 v _4130_/Y (sg13g2_o21ai_1)
                                                         _1212_ (net)
                      0.090163    0.000047    4.771020 v _4133_/A2 (sg13g2_o21ai_1)
     3    0.010072    0.140938    0.151718    4.922739 ^ _4133_/Y (sg13g2_o21ai_1)
                                                         _1214_ (net)
                      0.140938    0.000012    4.922750 ^ _4135_/B (sg13g2_and2_1)
     3    0.010813    0.056945    0.144631    5.067381 ^ _4135_/X (sg13g2_and2_1)
                                                         _1216_ (net)
                      0.056945    0.000061    5.067442 ^ _4140_/A2 (sg13g2_a21oi_1)
     1    0.002072    0.038399    0.062610    5.130053 v _4140_/Y (sg13g2_a21oi_1)
                                                         _1219_ (net)
                      0.038399    0.000004    5.130056 v hold323/A (sg13g2_dlygate4sd3_1)
     1    0.003647    0.039398    0.379111    5.509168 v hold323/X (sg13g2_dlygate4sd3_1)
                                                         net1124 (net)
                      0.039398    0.000008    5.509175 v _4142_/B (sg13g2_nor3_1)
     1    0.003159    0.081141    0.097289    5.606464 ^ _4142_/Y (sg13g2_nor3_1)
                                                         _0312_ (net)
                      0.081141    0.000014    5.606479 ^ hold324/A (sg13g2_dlygate4sd3_1)
     1    0.001515    0.029431    0.379411    5.985889 ^ hold324/X (sg13g2_dlygate4sd3_1)
                                                         net1125 (net)
                      0.029431    0.000000    5.985890 ^ u_mac_1.temp_res[17]$_SDFF_PP0_/D (sg13g2_dfrbpq_2)
                                              5.985890   data arrival time

                                 10.000000   10.000000   clock clk (rise edge)
                                  0.000000   10.000000   clock source latency
     2    0.094379    0.105969    0.080275   10.080276 ^ clk (in)
                                                         clk (net)
                      0.107755    0.000000   10.080276 ^ clkbuf_regs_0_clk/A (sg13g2_buf_8)
     1    0.009124    0.022582    0.100464   10.180739 ^ clkbuf_regs_0_clk/X (sg13g2_buf_8)
                                                         clk_regs (net)
                      0.022582    0.000012   10.180752 ^ clkbuf_0_clk_regs/A (sg13g2_buf_8)
     8    0.133735    0.077801    0.108434   10.289186 ^ clkbuf_0_clk_regs/X (sg13g2_buf_8)
                                                         clknet_0_clk_regs (net)
                      0.077813    0.000812   10.289998 ^ clkbuf_3_4__f_clk_regs/A (sg13g2_buf_8)
     7    0.110648    0.067548    0.127245   10.417242 ^ clkbuf_3_4__f_clk_regs/X (sg13g2_buf_8)
                                                         clknet_3_4__leaf_clk_regs (net)
                      0.067601    0.000701   10.417943 ^ clkbuf_leaf_11_clk_regs/A (sg13g2_buf_8)
     8    0.036870    0.032721    0.093766   10.511709 ^ clkbuf_leaf_11_clk_regs/X (sg13g2_buf_8)
                                                         clknet_leaf_11_clk_regs (net)
                      0.032721    0.000080   10.511789 ^ u_mac_1.temp_res[17]$_SDFF_PP0_/CLK (sg13g2_dfrbpq_2)
                                 -0.250000   10.261789   clock uncertainty
                                  0.000000   10.261789   clock reconvergence pessimism
                                 -0.113886   10.147903   library setup time
                                             10.147903   data required time
---------------------------------------------------------------------------------------------
                                             10.147903   data required time
                                             -5.985890   data arrival time
---------------------------------------------------------------------------------------------
                                              4.162014   slack (MET)




===========================================================================
report_checks --slack_max -0.01
============================================================================
======================= nom_typ_1p20V_25C Corner ===================================

No paths found.


===========================================================================
 report_check_types -max_slew -max_cap -max_fanout -violators
============================================================================
======================= nom_typ_1p20V_25C Corner ===================================



===========================================================================
report_parasitic_annotation -report_unannotated
============================================================================
Found 25 unannotated drivers.
 clkload0/X
 clkload1/X
 clkload10/Y
 clkload2/X
 clkload3/X
 clkload4/X
 clkload5/Y
 clkload6/X
 clkload7/Y
 clkload8/Y
 clkload9/Y
 u_ram/A_DOUT[18]
 u_ram/A_DOUT[19]
 u_ram/A_DOUT[20]
 u_ram/A_DOUT[21]
 u_ram/A_DOUT[22]
 u_ram/A_DOUT[23]
 u_ram/A_DOUT[24]
 u_ram/A_DOUT[25]
 u_ram/A_DOUT[26]
 u_ram/A_DOUT[27]
 u_ram/A_DOUT[28]
 u_ram/A_DOUT[29]
 u_ram/A_DOUT[30]
 u_ram/A_DOUT[31]
Found 0 partially unannotated drivers.

===========================================================================
max slew violation count 0
Writing metric design__max_slew_violation__count__corner:nom_typ_1p20V_25C: 0
max fanout violation count 0
Writing metric design__max_fanout_violation__count__corner:nom_typ_1p20V_25C: 0
max cap violation count 0
Writing metric design__max_cap_violation__count__corner:nom_typ_1p20V_25C: 0
============================================================================

===========================================================================
check_setup -verbose -unconstrained_endpoints -multiple_clock -no_clock -no_input_delay -loops -generated_clocks
===========================================================================
