
===========================================================================
 report_power
============================================================================
======================= nom_typ_1p20V_25C Corner ===================================

Group                    Internal    Switching      Leakage        Total
                            Power        Power        Power        Power (Watts)
------------------------------------------------------------------------
Sequential           2.058706e-03 1.405464e-05 1.743717e-07 2.072935e-03  63.9%
Combinational        1.854696e-04 1.209339e-04 7.378206e-07 3.071413e-04   9.5%
Clock                4.943454e-04 3.717213e-04 4.716599e-08 8.661138e-04  26.7%
Macro                0.000000e+00 0.000000e+00 0.000000e+00 0.000000e+00   0.0%
Pad                  0.000000e+00 0.000000e+00 0.000000e+00 0.000000e+00   0.0%
------------------------------------------------------------------------
Total                2.738519e-03 5.067093e-04 9.593589e-07 3.246187e-03 100.0%
                            84.4%        15.6%         0.0%
Writing metric power__internal__total: 0.002738518873229623
Writing metric power__switching__total: 0.0005067093297839165
Writing metric power__leakage__total: 9.593588856660062e-7
Writing metric power__total: 0.0032461874652653933

