Clock: clk
Sources: clk 
Generated: no
Virtual: no
Propagated: no
Period: 10.000000

===========================================================================
report_clock_properties
============================================================================
Clock                   Period          Waveform
----------------------------------------------------
clk                  10.000000    0.000000  5.000000

===========================================================================
report_clock_latency
============================================================================
Clock clk
rise -> rise
    min     max
0.000000 0.000000 source latency
0.540075         network latency half_sel$_SDFFE_PP0P_/CLK
        0.540075 network latency half_sel$_SDFFE_PP0P_/CLK
---------------
0.540075 0.540075 latency
        0.000000 skew

fall -> fall
    min     max
0.000000 0.000000 source latency
0.397505         network latency half_sel$_SDFFE_PP0P_/CLK
        0.397505 network latency half_sel$_SDFFE_PP0P_/CLK
---------------
0.397505 0.397505 latency
        0.000000 skew



===========================================================================
report_clock_min_period
============================================================================
clk period_min = 4.40 fmax = 227.35
