
===========================================================================
 report_power
============================================================================
======================= nom_fast_1p32V_m40C Corner ===================================

Group                    Internal    Switching      Leakage        Total
                            Power        Power        Power        Power (Watts)
------------------------------------------------------------------------
Sequential           2.548347e-03 2.231396e-05 3.628228e-07 2.571024e-03  94.5%
Combinational        8.441081e-05 6.438019e-05 9.062701e-07 1.496973e-04   5.5%
Clock                0.000000e+00 0.000000e+00 0.000000e+00 0.000000e+00   0.0%
Macro                0.000000e+00 0.000000e+00 0.000000e+00 0.000000e+00   0.0%
Pad                  0.000000e+00 0.000000e+00 0.000000e+00 0.000000e+00   0.0%
------------------------------------------------------------------------
Total                2.632758e-03 8.669418e-05 1.269101e-06 2.720721e-03 100.0%
                            96.8%         3.2%         0.0%

