
===========================================================================
Violator List
============================================================================
[hold reg-reg] u_ctrl.state[4]$_DFF_P_/Q -> u_ctrl.finish$_SDFF_PP0_/D : -0.052107
[hold reg-reg] u_input_buffer.mem[31][1]$_DFFE_PP_/Q -> u_input_buffer.mem[31][1]$_DFFE_PP_/D : -0.048564
[hold reg-reg] u_input_buffer.mem[16][0]$_DFFE_PP_/Q -> u_input_buffer.mem[16][0]$_DFFE_PP_/D : -0.047415
[hold reg-reg] u_input_buffer.mem[16][1]$_DFFE_PP_/Q -> u_input_buffer.mem[16][1]$_DFFE_PP_/D : -0.047415
[hold reg-reg] u_input_buffer.mem[16][2]$_DFFE_PP_/Q -> u_input_buffer.mem[16][2]$_DFFE_PP_/D : -0.047415
[hold reg-reg] u_input_buffer.mem[16][3]$_DFFE_PP_/Q -> u_input_buffer.mem[16][3]$_DFFE_PP_/D : -0.047415
[hold reg-reg] u_input_buffer.mem[16][4]$_DFFE_PP_/Q -> u_input_buffer.mem[16][4]$_DFFE_PP_/D : -0.047415
[hold reg-reg] u_input_buffer.mem[16][5]$_DFFE_PP_/Q -> u_input_buffer.mem[16][5]$_DFFE_PP_/D : -0.047415
[hold reg-reg] u_input_buffer.mem[16][6]$_DFFE_PP_/Q -> u_input_buffer.mem[16][6]$_DFFE_PP_/D : -0.047415
[hold reg-reg] u_input_buffer.mem[16][7]$_DFFE_PP_/Q -> u_input_buffer.mem[16][7]$_DFFE_PP_/D : -0.047415
[hold reg-reg] u_input_buffer.mem[17][0]$_DFFE_PP_/Q -> u_input_buffer.mem[17][0]$_DFFE_PP_/D : -0.047415
[hold reg-reg] u_input_buffer.mem[17][1]$_DFFE_PP_/Q -> u_input_buffer.mem[17][1]$_DFFE_PP_/D : -0.047415
[hold reg-reg] u_input_buffer.mem[17][2]$_DFFE_PP_/Q -> u_input_buffer.mem[17][2]$_DFFE_PP_/D : -0.047415
[hold reg-reg] u_input_buffer.mem[17][3]$_DFFE_PP_/Q -> u_input_buffer.mem[17][3]$_DFFE_PP_/D : -0.047415
[hold reg-reg] u_input_buffer.mem[17][4]$_DFFE_PP_/Q -> u_input_buffer.mem[17][4]$_DFFE_PP_/D : -0.047415
[hold reg-reg] u_input_buffer.mem[17][5]$_DFFE_PP_/Q -> u_input_buffer.mem[17][5]$_DFFE_PP_/D : -0.047415
[hold reg-reg] u_input_buffer.mem[17][6]$_DFFE_PP_/Q -> u_input_buffer.mem[17][6]$_DFFE_PP_/D : -0.047415
[hold reg-reg] u_input_buffer.mem[17][7]$_DFFE_PP_/Q -> u_input_buffer.mem[17][7]$_DFFE_PP_/D : -0.047415
[hold reg-reg] u_input_buffer.mem[1][0]$_DFFE_PP_/Q -> u_input_buffer.mem[1][0]$_DFFE_PP_/D : -0.047415
[hold reg-reg] u_input_buffer.mem[1][1]$_DFFE_PP_/Q -> u_input_buffer.mem[1][1]$_DFFE_PP_/D : -0.047415
[hold reg-reg] u_input_buffer.mem[1][2]$_DFFE_PP_/Q -> u_input_buffer.mem[1][2]$_DFFE_PP_/D : -0.047415
[hold reg-reg] u_input_buffer.mem[1][3]$_DFFE_PP_/Q -> u_input_buffer.mem[1][3]$_DFFE_PP_/D : -0.047415
[hold reg-reg] u_input_buffer.mem[1][4]$_DFFE_PP_/Q -> u_input_buffer.mem[1][4]$_DFFE_PP_/D : -0.047415
[hold reg-reg] u_input_buffer.mem[1][5]$_DFFE_PP_/Q -> u_input_buffer.mem[1][5]$_DFFE_PP_/D : -0.047415
[hold reg-reg] u_input_buffer.mem[1][6]$_DFFE_PP_/Q -> u_input_buffer.mem[1][6]$_DFFE_PP_/D : -0.047415
[hold reg-reg] u_input_buffer.mem[1][7]$_DFFE_PP_/Q -> u_input_buffer.mem[1][7]$_DFFE_PP_/D : -0.047415
[hold reg-reg] u_input_buffer.mem[8][0]$_DFFE_PP_/Q -> u_input_buffer.mem[8][0]$_DFFE_PP_/D : -0.047415
[hold reg-reg] u_input_buffer.mem[8][1]$_DFFE_PP_/Q -> u_input_buffer.mem[8][1]$_DFFE_PP_/D : -0.047415
[hold reg-reg] u_input_buffer.mem[8][2]$_DFFE_PP_/Q -> u_input_buffer.mem[8][2]$_DFFE_PP_/D : -0.047415
[hold reg-reg] u_input_buffer.mem[8][3]$_DFFE_PP_/Q -> u_input_buffer.mem[8][3]$_DFFE_PP_/D : -0.047415
[hold reg-reg] u_input_buffer.mem[8][4]$_DFFE_PP_/Q -> u_input_buffer.mem[8][4]$_DFFE_PP_/D : -0.047415
[hold reg-reg] u_input_buffer.mem[8][5]$_DFFE_PP_/Q -> u_input_buffer.mem[8][5]$_DFFE_PP_/D : -0.047415
[hold reg-reg] u_input_buffer.mem[8][6]$_DFFE_PP_/Q -> u_input_buffer.mem[8][6]$_DFFE_PP_/D : -0.047415
[hold reg-reg] u_input_buffer.mem[8][7]$_DFFE_PP_/Q -> u_input_buffer.mem[8][7]$_DFFE_PP_/D : -0.047415
[hold reg-reg] u_input_buffer.mem[9][0]$_DFFE_PP_/Q -> u_input_buffer.mem[9][0]$_DFFE_PP_/D : -0.047415
[hold reg-reg] u_input_buffer.mem[9][1]$_DFFE_PP_/Q -> u_input_buffer.mem[9][1]$_DFFE_PP_/D : -0.047415
[hold reg-reg] u_input_buffer.mem[9][2]$_DFFE_PP_/Q -> u_input_buffer.mem[9][2]$_DFFE_PP_/D : -0.047415
[hold reg-reg] u_input_buffer.mem[9][3]$_DFFE_PP_/Q -> u_input_buffer.mem[9][3]$_DFFE_PP_/D : -0.047415
[hold reg-reg] u_input_buffer.mem[9][4]$_DFFE_PP_/Q -> u_input_buffer.mem[9][4]$_DFFE_PP_/D : -0.047415
[hold reg-reg] u_input_buffer.mem[9][5]$_DFFE_PP_/Q -> u_input_buffer.mem[9][5]$_DFFE_PP_/D : -0.047415
[hold reg-reg] u_input_buffer.mem[9][6]$_DFFE_PP_/Q -> u_input_buffer.mem[9][6]$_DFFE_PP_/D : -0.047415
[hold reg-reg] u_input_buffer.mem[9][7]$_DFFE_PP_/Q -> u_input_buffer.mem[9][7]$_DFFE_PP_/D : -0.047415
[hold reg-reg] u_input_buffer.mem[31][0]$_DFFE_PP_/Q -> u_input_buffer.mem[31][0]$_DFFE_PP_/D : -0.047264
[hold reg-reg] u_input_buffer.mem[31][2]$_DFFE_PP_/Q -> u_input_buffer.mem[31][2]$_DFFE_PP_/D : -0.047259
[hold reg-reg] u_input_buffer.mem[31][4]$_DFFE_PP_/Q -> u_input_buffer.mem[31][4]$_DFFE_PP_/D : -0.047259
[hold reg-reg] u_input_buffer.mem[31][5]$_DFFE_PP_/Q -> u_input_buffer.mem[31][5]$_DFFE_PP_/D : -0.047259
[hold reg-reg] u_input_buffer.mem[31][6]$_DFFE_PP_/Q -> u_input_buffer.mem[31][6]$_DFFE_PP_/D : -0.047259
[hold reg-reg] u_input_buffer.mem[31][7]$_DFFE_PP_/Q -> u_input_buffer.mem[31][7]$_DFFE_PP_/D : -0.047259
[hold reg-reg] u_input_buffer.mem[31][3]$_DFFE_PP_/Q -> u_input_buffer.mem[31][3]$_DFFE_PP_/D : -0.046575
[hold reg-reg] u_ctrl.res_idx_r[0]$_SDFFE_PP0P_/Q -> u_ctrl.res_idx_r[0]$_SDFFE_PP0P_/D : -0.039864
[hold reg-reg] u_mac_3.temp_res[0]$_SDFF_PP0_/Q -> u_mac_3.temp_res[0]$_SDFF_PP0_/D : -0.038953
[hold reg-reg] u_mac_2.temp_res[0]$_SDFF_PP0_/Q -> u_mac_2.temp_res[0]$_SDFF_PP0_/D : -0.038551
[hold reg-reg] u_input_buffer.mem[27][0]$_DFFE_PP_/Q -> u_input_buffer.mem[27][0]$_DFFE_PP_/D : -0.038204
[hold reg-reg] u_input_buffer.mem[27][1]$_DFFE_PP_/Q -> u_input_buffer.mem[27][1]$_DFFE_PP_/D : -0.038204
[hold reg-reg] u_mac_4.temp_res[17]$_SDFF_PP0_/Q -> u_mac_4.temp_res[17]$_SDFF_PP0_/D : -0.038115
[hold reg-reg] u_ctrl.res_idx_r[6]$_SDFFE_PP0P_/Q -> u_ctrl.res_idx_r[6]$_SDFFE_PP0P_/D : -0.037230
[hold reg-reg] u_mac_2.temp_res[16]$_SDFF_PP0_/Q -> u_mac_2.temp_res[16]$_SDFF_PP0_/D : -0.037136
[hold reg-reg] u_input_buffer.mem[0][0]$_DFFE_PP_/Q -> u_input_buffer.mem[0][0]$_DFFE_PP_/D : -0.037049
[hold reg-reg] u_input_buffer.mem[0][1]$_DFFE_PP_/Q -> u_input_buffer.mem[0][1]$_DFFE_PP_/D : -0.037049
[hold reg-reg] u_input_buffer.mem[0][2]$_DFFE_PP_/Q -> u_input_buffer.mem[0][2]$_DFFE_PP_/D : -0.037049
[hold reg-reg] u_input_buffer.mem[0][3]$_DFFE_PP_/Q -> u_input_buffer.mem[0][3]$_DFFE_PP_/D : -0.037049
[hold reg-reg] u_input_buffer.mem[0][4]$_DFFE_PP_/Q -> u_input_buffer.mem[0][4]$_DFFE_PP_/D : -0.037049
[hold reg-reg] u_input_buffer.mem[0][5]$_DFFE_PP_/Q -> u_input_buffer.mem[0][5]$_DFFE_PP_/D : -0.037049
[hold reg-reg] u_input_buffer.mem[0][6]$_DFFE_PP_/Q -> u_input_buffer.mem[0][6]$_DFFE_PP_/D : -0.037049
[hold reg-reg] u_input_buffer.mem[0][7]$_DFFE_PP_/Q -> u_input_buffer.mem[0][7]$_DFFE_PP_/D : -0.037049
[hold reg-reg] u_input_buffer.mem[10][0]$_DFFE_PP_/Q -> u_input_buffer.mem[10][0]$_DFFE_PP_/D : -0.037049
[hold reg-reg] u_input_buffer.mem[10][1]$_DFFE_PP_/Q -> u_input_buffer.mem[10][1]$_DFFE_PP_/D : -0.037049
[hold reg-reg] u_input_buffer.mem[10][2]$_DFFE_PP_/Q -> u_input_buffer.mem[10][2]$_DFFE_PP_/D : -0.037049
[hold reg-reg] u_input_buffer.mem[10][3]$_DFFE_PP_/Q -> u_input_buffer.mem[10][3]$_DFFE_PP_/D : -0.037049
[hold reg-reg] u_input_buffer.mem[10][4]$_DFFE_PP_/Q -> u_input_buffer.mem[10][4]$_DFFE_PP_/D : -0.037049
[hold reg-reg] u_input_buffer.mem[10][5]$_DFFE_PP_/Q -> u_input_buffer.mem[10][5]$_DFFE_PP_/D : -0.037049
[hold reg-reg] u_input_buffer.mem[10][6]$_DFFE_PP_/Q -> u_input_buffer.mem[10][6]$_DFFE_PP_/D : -0.037049
[hold reg-reg] u_input_buffer.mem[10][7]$_DFFE_PP_/Q -> u_input_buffer.mem[10][7]$_DFFE_PP_/D : -0.037049
[hold reg-reg] u_input_buffer.mem[11][0]$_DFFE_PP_/Q -> u_input_buffer.mem[11][0]$_DFFE_PP_/D : -0.037049
[hold reg-reg] u_input_buffer.mem[11][1]$_DFFE_PP_/Q -> u_input_buffer.mem[11][1]$_DFFE_PP_/D : -0.037049
[hold reg-reg] u_input_buffer.mem[11][2]$_DFFE_PP_/Q -> u_input_buffer.mem[11][2]$_DFFE_PP_/D : -0.037049
[hold reg-reg] u_input_buffer.mem[11][3]$_DFFE_PP_/Q -> u_input_buffer.mem[11][3]$_DFFE_PP_/D : -0.037049
[hold reg-reg] u_input_buffer.mem[11][4]$_DFFE_PP_/Q -> u_input_buffer.mem[11][4]$_DFFE_PP_/D : -0.037049
[hold reg-reg] u_input_buffer.mem[11][7]$_DFFE_PP_/Q -> u_input_buffer.mem[11][7]$_DFFE_PP_/D : -0.037049
[hold reg-reg] u_input_buffer.mem[18][0]$_DFFE_PP_/Q -> u_input_buffer.mem[18][0]$_DFFE_PP_/D : -0.037049
[hold reg-reg] u_input_buffer.mem[18][1]$_DFFE_PP_/Q -> u_input_buffer.mem[18][1]$_DFFE_PP_/D : -0.037049
[hold reg-reg] u_input_buffer.mem[18][2]$_DFFE_PP_/Q -> u_input_buffer.mem[18][2]$_DFFE_PP_/D : -0.037049
[hold reg-reg] u_input_buffer.mem[18][3]$_DFFE_PP_/Q -> u_input_buffer.mem[18][3]$_DFFE_PP_/D : -0.037049
[hold reg-reg] u_input_buffer.mem[18][4]$_DFFE_PP_/Q -> u_input_buffer.mem[18][4]$_DFFE_PP_/D : -0.037049
[hold reg-reg] u_input_buffer.mem[18][5]$_DFFE_PP_/Q -> u_input_buffer.mem[18][5]$_DFFE_PP_/D : -0.037049
[hold reg-reg] u_input_buffer.mem[18][6]$_DFFE_PP_/Q -> u_input_buffer.mem[18][6]$_DFFE_PP_/D : -0.037049
[hold reg-reg] u_input_buffer.mem[18][7]$_DFFE_PP_/Q -> u_input_buffer.mem[18][7]$_DFFE_PP_/D : -0.037049
[hold reg-reg] u_input_buffer.mem[19][0]$_DFFE_PP_/Q -> u_input_buffer.mem[19][0]$_DFFE_PP_/D : -0.037049
[hold reg-reg] u_input_buffer.mem[19][1]$_DFFE_PP_/Q -> u_input_buffer.mem[19][1]$_DFFE_PP_/D : -0.037049
[hold reg-reg] u_input_buffer.mem[19][2]$_DFFE_PP_/Q -> u_input_buffer.mem[19][2]$_DFFE_PP_/D : -0.037049
[hold reg-reg] u_input_buffer.mem[19][4]$_DFFE_PP_/Q -> u_input_buffer.mem[19][4]$_DFFE_PP_/D : -0.037049
[hold reg-reg] u_input_buffer.mem[19][5]$_DFFE_PP_/Q -> u_input_buffer.mem[19][5]$_DFFE_PP_/D : -0.037049
[hold reg-reg] u_input_buffer.mem[19][6]$_DFFE_PP_/Q -> u_input_buffer.mem[19][6]$_DFFE_PP_/D : -0.037049
[hold reg-reg] u_input_buffer.mem[24][0]$_DFFE_PP_/Q -> u_input_buffer.mem[24][0]$_DFFE_PP_/D : -0.037049
[hold reg-reg] u_input_buffer.mem[24][1]$_DFFE_PP_/Q -> u_input_buffer.mem[24][1]$_DFFE_PP_/D : -0.037049
[hold reg-reg] u_input_buffer.mem[24][2]$_DFFE_PP_/Q -> u_input_buffer.mem[24][2]$_DFFE_PP_/D : -0.037049
[hold reg-reg] u_input_buffer.mem[24][3]$_DFFE_PP_/Q -> u_input_buffer.mem[24][3]$_DFFE_PP_/D : -0.037049
[hold reg-reg] u_input_buffer.mem[24][4]$_DFFE_PP_/Q -> u_input_buffer.mem[24][4]$_DFFE_PP_/D : -0.037049
[hold reg-reg] u_input_buffer.mem[24][5]$_DFFE_PP_/Q -> u_input_buffer.mem[24][5]$_DFFE_PP_/D : -0.037049
[hold reg-reg] u_input_buffer.mem[24][6]$_DFFE_PP_/Q -> u_input_buffer.mem[24][6]$_DFFE_PP_/D : -0.037049
[hold reg-reg] u_input_buffer.mem[24][7]$_DFFE_PP_/Q -> u_input_buffer.mem[24][7]$_DFFE_PP_/D : -0.037049
[hold reg-reg] u_input_buffer.mem[25][0]$_DFFE_PP_/Q -> u_input_buffer.mem[25][0]$_DFFE_PP_/D : -0.037049
[hold reg-reg] u_input_buffer.mem[25][1]$_DFFE_PP_/Q -> u_input_buffer.mem[25][1]$_DFFE_PP_/D : -0.037049
[hold reg-reg] u_input_buffer.mem[25][2]$_DFFE_PP_/Q -> u_input_buffer.mem[25][2]$_DFFE_PP_/D : -0.037049
[hold reg-reg] u_input_buffer.mem[25][3]$_DFFE_PP_/Q -> u_input_buffer.mem[25][3]$_DFFE_PP_/D : -0.037049
[hold reg-reg] u_input_buffer.mem[25][4]$_DFFE_PP_/Q -> u_input_buffer.mem[25][4]$_DFFE_PP_/D : -0.037049
[hold reg-reg] u_input_buffer.mem[25][5]$_DFFE_PP_/Q -> u_input_buffer.mem[25][5]$_DFFE_PP_/D : -0.037049
[hold reg-reg] u_input_buffer.mem[25][6]$_DFFE_PP_/Q -> u_input_buffer.mem[25][6]$_DFFE_PP_/D : -0.037049
[hold reg-reg] u_input_buffer.mem[25][7]$_DFFE_PP_/Q -> u_input_buffer.mem[25][7]$_DFFE_PP_/D : -0.037049
[hold reg-reg] u_input_buffer.mem[26][0]$_DFFE_PP_/Q -> u_input_buffer.mem[26][0]$_DFFE_PP_/D : -0.037049
[hold reg-reg] u_input_buffer.mem[26][1]$_DFFE_PP_/Q -> u_input_buffer.mem[26][1]$_DFFE_PP_/D : -0.037049
[hold reg-reg] u_input_buffer.mem[26][2]$_DFFE_PP_/Q -> u_input_buffer.mem[26][2]$_DFFE_PP_/D : -0.037049
[hold reg-reg] u_input_buffer.mem[26][3]$_DFFE_PP_/Q -> u_input_buffer.mem[26][3]$_DFFE_PP_/D : -0.037049
[hold reg-reg] u_input_buffer.mem[26][4]$_DFFE_PP_/Q -> u_input_buffer.mem[26][4]$_DFFE_PP_/D : -0.037049
[hold reg-reg] u_input_buffer.mem[26][5]$_DFFE_PP_/Q -> u_input_buffer.mem[26][5]$_DFFE_PP_/D : -0.037049
[hold reg-reg] u_input_buffer.mem[26][6]$_DFFE_PP_/Q -> u_input_buffer.mem[26][6]$_DFFE_PP_/D : -0.037049
[hold reg-reg] u_input_buffer.mem[26][7]$_DFFE_PP_/Q -> u_input_buffer.mem[26][7]$_DFFE_PP_/D : -0.037049
[hold reg-reg] u_input_buffer.mem[2][0]$_DFFE_PP_/Q -> u_input_buffer.mem[2][0]$_DFFE_PP_/D : -0.037049
[hold reg-reg] u_input_buffer.mem[2][1]$_DFFE_PP_/Q -> u_input_buffer.mem[2][1]$_DFFE_PP_/D : -0.037049
[hold reg-reg] u_input_buffer.mem[2][2]$_DFFE_PP_/Q -> u_input_buffer.mem[2][2]$_DFFE_PP_/D : -0.037049
[hold reg-reg] u_input_buffer.mem[2][3]$_DFFE_PP_/Q -> u_input_buffer.mem[2][3]$_DFFE_PP_/D : -0.037049
[hold reg-reg] u_input_buffer.mem[2][4]$_DFFE_PP_/Q -> u_input_buffer.mem[2][4]$_DFFE_PP_/D : -0.037049
[hold reg-reg] u_input_buffer.mem[2][5]$_DFFE_PP_/Q -> u_input_buffer.mem[2][5]$_DFFE_PP_/D : -0.037049
[hold reg-reg] u_input_buffer.mem[2][6]$_DFFE_PP_/Q -> u_input_buffer.mem[2][6]$_DFFE_PP_/D : -0.037049
[hold reg-reg] u_input_buffer.mem[2][7]$_DFFE_PP_/Q -> u_input_buffer.mem[2][7]$_DFFE_PP_/D : -0.037049
[hold reg-reg] u_input_buffer.mem[3][0]$_DFFE_PP_/Q -> u_input_buffer.mem[3][0]$_DFFE_PP_/D : -0.037049
[hold reg-reg] u_input_buffer.mem[3][1]$_DFFE_PP_/Q -> u_input_buffer.mem[3][1]$_DFFE_PP_/D : -0.037049
[hold reg-reg] u_input_buffer.mem[3][3]$_DFFE_PP_/Q -> u_input_buffer.mem[3][3]$_DFFE_PP_/D : -0.037049
[hold reg-reg] u_input_buffer.mem[3][5]$_DFFE_PP_/Q -> u_input_buffer.mem[3][5]$_DFFE_PP_/D : -0.037049
[hold reg-reg] u_input_buffer.mem[3][6]$_DFFE_PP_/Q -> u_input_buffer.mem[3][6]$_DFFE_PP_/D : -0.037049
[hold reg-reg] u_input_buffer.mem[3][7]$_DFFE_PP_/Q -> u_input_buffer.mem[3][7]$_DFFE_PP_/D : -0.037049
[hold reg-reg] u_mac_4.temp_res[0]$_SDFF_PP0_/Q -> u_mac_4.temp_res[0]$_SDFF_PP0_/D : -0.037020
[hold reg-reg] u_mac_1.temp_res[17]$_SDFF_PP0_/Q -> u_mac_1.temp_res[17]$_SDFF_PP0_/D : -0.037002
[hold reg-reg] u_input_buffer.mem[19][3]$_DFFE_PP_/Q -> u_input_buffer.mem[19][3]$_DFFE_PP_/D : -0.036904
[hold reg-reg] u_input_buffer.mem[27][2]$_DFFE_PP_/Q -> u_input_buffer.mem[27][2]$_DFFE_PP_/D : -0.036904
[hold reg-reg] u_input_buffer.mem[27][4]$_DFFE_PP_/Q -> u_input_buffer.mem[27][4]$_DFFE_PP_/D : -0.036904
[hold reg-reg] u_input_buffer.mem[27][5]$_DFFE_PP_/Q -> u_input_buffer.mem[27][5]$_DFFE_PP_/D : -0.036904
[hold reg-reg] u_input_buffer.mem[27][6]$_DFFE_PP_/Q -> u_input_buffer.mem[27][6]$_DFFE_PP_/D : -0.036904
[hold reg-reg] u_input_buffer.mem[27][7]$_DFFE_PP_/Q -> u_input_buffer.mem[27][7]$_DFFE_PP_/D : -0.036904
[hold reg-reg] u_input_buffer.mem[11][5]$_DFFE_PP_/Q -> u_input_buffer.mem[11][5]$_DFFE_PP_/D : -0.036900
[hold reg-reg] u_input_buffer.mem[11][6]$_DFFE_PP_/Q -> u_input_buffer.mem[11][6]$_DFFE_PP_/D : -0.036900
[hold reg-reg] u_input_buffer.mem[23][7]$_DFFE_PP_/Q -> u_input_buffer.mem[23][7]$_DFFE_PP_/D : -0.036900
[hold reg-reg] u_input_buffer.mem[27][3]$_DFFE_PP_/Q -> u_input_buffer.mem[27][3]$_DFFE_PP_/D : -0.036900
[hold reg-reg] u_input_buffer.mem[3][2]$_DFFE_PP_/Q -> u_input_buffer.mem[3][2]$_DFFE_PP_/D : -0.036900
[hold reg-reg] u_input_buffer.mem[7][4]$_DFFE_PP_/Q -> u_input_buffer.mem[7][4]$_DFFE_PP_/D : -0.036900
[hold reg-reg] u_input_buffer.mem[23][3]$_DFFE_PP_/Q -> u_input_buffer.mem[23][3]$_DFFE_PP_/D : -0.036895
[hold reg-reg] u_input_buffer.mem[12][0]$_DFFE_PP_/Q -> u_input_buffer.mem[12][0]$_DFFE_PP_/D : -0.036830
[hold reg-reg] u_input_buffer.mem[12][1]$_DFFE_PP_/Q -> u_input_buffer.mem[12][1]$_DFFE_PP_/D : -0.036830
[hold reg-reg] u_input_buffer.mem[12][2]$_DFFE_PP_/Q -> u_input_buffer.mem[12][2]$_DFFE_PP_/D : -0.036830
[hold reg-reg] u_input_buffer.mem[12][3]$_DFFE_PP_/Q -> u_input_buffer.mem[12][3]$_DFFE_PP_/D : -0.036830
[hold reg-reg] u_input_buffer.mem[12][4]$_DFFE_PP_/Q -> u_input_buffer.mem[12][4]$_DFFE_PP_/D : -0.036830
[hold reg-reg] u_input_buffer.mem[12][5]$_DFFE_PP_/Q -> u_input_buffer.mem[12][5]$_DFFE_PP_/D : -0.036830
[hold reg-reg] u_input_buffer.mem[12][6]$_DFFE_PP_/Q -> u_input_buffer.mem[12][6]$_DFFE_PP_/D : -0.036830
[hold reg-reg] u_input_buffer.mem[12][7]$_DFFE_PP_/Q -> u_input_buffer.mem[12][7]$_DFFE_PP_/D : -0.036830
[hold reg-reg] u_input_buffer.mem[13][0]$_DFFE_PP_/Q -> u_input_buffer.mem[13][0]$_DFFE_PP_/D : -0.036830
[hold reg-reg] u_input_buffer.mem[13][1]$_DFFE_PP_/Q -> u_input_buffer.mem[13][1]$_DFFE_PP_/D : -0.036830
[hold reg-reg] u_input_buffer.mem[13][2]$_DFFE_PP_/Q -> u_input_buffer.mem[13][2]$_DFFE_PP_/D : -0.036830
[hold reg-reg] u_input_buffer.mem[13][3]$_DFFE_PP_/Q -> u_input_buffer.mem[13][3]$_DFFE_PP_/D : -0.036830
[hold reg-reg] u_input_buffer.mem[13][4]$_DFFE_PP_/Q -> u_input_buffer.mem[13][4]$_DFFE_PP_/D : -0.036830
[hold reg-reg] u_input_buffer.mem[13][5]$_DFFE_PP_/Q -> u_input_buffer.mem[13][5]$_DFFE_PP_/D : -0.036830
[hold reg-reg] u_input_buffer.mem[13][6]$_DFFE_PP_/Q -> u_input_buffer.mem[13][6]$_DFFE_PP_/D : -0.036830
[hold reg-reg] u_input_buffer.mem[13][7]$_DFFE_PP_/Q -> u_input_buffer.mem[13][7]$_DFFE_PP_/D : -0.036830
[hold reg-reg] u_input_buffer.mem[14][0]$_DFFE_PP_/Q -> u_input_buffer.mem[14][0]$_DFFE_PP_/D : -0.036830
[hold reg-reg] u_input_buffer.mem[14][1]$_DFFE_PP_/Q -> u_input_buffer.mem[14][1]$_DFFE_PP_/D : -0.036830
[hold reg-reg] u_input_buffer.mem[14][2]$_DFFE_PP_/Q -> u_input_buffer.mem[14][2]$_DFFE_PP_/D : -0.036830
[hold reg-reg] u_input_buffer.mem[14][3]$_DFFE_PP_/Q -> u_input_buffer.mem[14][3]$_DFFE_PP_/D : -0.036830
[hold reg-reg] u_input_buffer.mem[14][4]$_DFFE_PP_/Q -> u_input_buffer.mem[14][4]$_DFFE_PP_/D : -0.036830
[hold reg-reg] u_input_buffer.mem[14][5]$_DFFE_PP_/Q -> u_input_buffer.mem[14][5]$_DFFE_PP_/D : -0.036830
[hold reg-reg] u_input_buffer.mem[14][6]$_DFFE_PP_/Q -> u_input_buffer.mem[14][6]$_DFFE_PP_/D : -0.036830
[hold reg-reg] u_input_buffer.mem[14][7]$_DFFE_PP_/Q -> u_input_buffer.mem[14][7]$_DFFE_PP_/D : -0.036830
[hold reg-reg] u_input_buffer.mem[15][0]$_DFFE_PP_/Q -> u_input_buffer.mem[15][0]$_DFFE_PP_/D : -0.036830
[hold reg-reg] u_input_buffer.mem[15][1]$_DFFE_PP_/Q -> u_input_buffer.mem[15][1]$_DFFE_PP_/D : -0.036830
[hold reg-reg] u_input_buffer.mem[15][2]$_DFFE_PP_/Q -> u_input_buffer.mem[15][2]$_DFFE_PP_/D : -0.036830
[hold reg-reg] u_input_buffer.mem[15][3]$_DFFE_PP_/Q -> u_input_buffer.mem[15][3]$_DFFE_PP_/D : -0.036830
[hold reg-reg] u_input_buffer.mem[15][4]$_DFFE_PP_/Q -> u_input_buffer.mem[15][4]$_DFFE_PP_/D : -0.036830
[hold reg-reg] u_input_buffer.mem[15][7]$_DFFE_PP_/Q -> u_input_buffer.mem[15][7]$_DFFE_PP_/D : -0.036830
[hold reg-reg] u_input_buffer.mem[20][0]$_DFFE_PP_/Q -> u_input_buffer.mem[20][0]$_DFFE_PP_/D : -0.036830
[hold reg-reg] u_input_buffer.mem[20][1]$_DFFE_PP_/Q -> u_input_buffer.mem[20][1]$_DFFE_PP_/D : -0.036830
[hold reg-reg] u_input_buffer.mem[20][2]$_DFFE_PP_/Q -> u_input_buffer.mem[20][2]$_DFFE_PP_/D : -0.036830
[hold reg-reg] u_input_buffer.mem[20][3]$_DFFE_PP_/Q -> u_input_buffer.mem[20][3]$_DFFE_PP_/D : -0.036830
[hold reg-reg] u_input_buffer.mem[20][4]$_DFFE_PP_/Q -> u_input_buffer.mem[20][4]$_DFFE_PP_/D : -0.036830
[hold reg-reg] u_input_buffer.mem[20][5]$_DFFE_PP_/Q -> u_input_buffer.mem[20][5]$_DFFE_PP_/D : -0.036830
[hold reg-reg] u_input_buffer.mem[20][6]$_DFFE_PP_/Q -> u_input_buffer.mem[20][6]$_DFFE_PP_/D : -0.036830
[hold reg-reg] u_input_buffer.mem[20][7]$_DFFE_PP_/Q -> u_input_buffer.mem[20][7]$_DFFE_PP_/D : -0.036830
[hold reg-reg] u_input_buffer.mem[21][0]$_DFFE_PP_/Q -> u_input_buffer.mem[21][0]$_DFFE_PP_/D : -0.036830
[hold reg-reg] u_input_buffer.mem[21][1]$_DFFE_PP_/Q -> u_input_buffer.mem[21][1]$_DFFE_PP_/D : -0.036830
[hold reg-reg] u_input_buffer.mem[21][2]$_DFFE_PP_/Q -> u_input_buffer.mem[21][2]$_DFFE_PP_/D : -0.036830
[hold reg-reg] u_input_buffer.mem[21][3]$_DFFE_PP_/Q -> u_input_buffer.mem[21][3]$_DFFE_PP_/D : -0.036830
[hold reg-reg] u_input_buffer.mem[21][4]$_DFFE_PP_/Q -> u_input_buffer.mem[21][4]$_DFFE_PP_/D : -0.036830
[hold reg-reg] u_input_buffer.mem[21][5]$_DFFE_PP_/Q -> u_input_buffer.mem[21][5]$_DFFE_PP_/D : -0.036830
[hold reg-reg] u_input_buffer.mem[21][6]$_DFFE_PP_/Q -> u_input_buffer.mem[21][6]$_DFFE_PP_/D : -0.036830
[hold reg-reg] u_input_buffer.mem[21][7]$_DFFE_PP_/Q -> u_input_buffer.mem[21][7]$_DFFE_PP_/D : -0.036830
[hold reg-reg] u_input_buffer.mem[22][0]$_DFFE_PP_/Q -> u_input_buffer.mem[22][0]$_DFFE_PP_/D : -0.036830
[hold reg-reg] u_input_buffer.mem[22][1]$_DFFE_PP_/Q -> u_input_buffer.mem[22][1]$_DFFE_PP_/D : -0.036830
[hold reg-reg] u_input_buffer.mem[22][2]$_DFFE_PP_/Q -> u_input_buffer.mem[22][2]$_DFFE_PP_/D : -0.036830
[hold reg-reg] u_input_buffer.mem[22][3]$_DFFE_PP_/Q -> u_input_buffer.mem[22][3]$_DFFE_PP_/D : -0.036830
[hold reg-reg] u_input_buffer.mem[22][4]$_DFFE_PP_/Q -> u_input_buffer.mem[22][4]$_DFFE_PP_/D : -0.036830
[hold reg-reg] u_input_buffer.mem[22][5]$_DFFE_PP_/Q -> u_input_buffer.mem[22][5]$_DFFE_PP_/D : -0.036830
[hold reg-reg] u_input_buffer.mem[22][6]$_DFFE_PP_/Q -> u_input_buffer.mem[22][6]$_DFFE_PP_/D : -0.036830
[hold reg-reg] u_input_buffer.mem[22][7]$_DFFE_PP_/Q -> u_input_buffer.mem[22][7]$_DFFE_PP_/D : -0.036830
[hold reg-reg] u_input_buffer.mem[23][0]$_DFFE_PP_/Q -> u_input_buffer.mem[23][0]$_DFFE_PP_/D : -0.036830
[hold reg-reg] u_input_buffer.mem[23][1]$_DFFE_PP_/Q -> u_input_buffer.mem[23][1]$_DFFE_PP_/D : -0.036830
[hold reg-reg] u_input_buffer.mem[23][2]$_DFFE_PP_/Q -> u_input_buffer.mem[23][2]$_DFFE_PP_/D : -0.036830
[hold reg-reg] u_input_buffer.mem[23][4]$_DFFE_PP_/Q -> u_input_buffer.mem[23][4]$_DFFE_PP_/D : -0.036830
[hold reg-reg] u_input_buffer.mem[23][5]$_DFFE_PP_/Q -> u_input_buffer.mem[23][5]$_DFFE_PP_/D : -0.036830
[hold reg-reg] u_input_buffer.mem[23][6]$_DFFE_PP_/Q -> u_input_buffer.mem[23][6]$_DFFE_PP_/D : -0.036830
[hold reg-reg] u_input_buffer.mem[28][0]$_DFFE_PP_/Q -> u_input_buffer.mem[28][0]$_DFFE_PP_/D : -0.036830
[hold reg-reg] u_input_buffer.mem[28][1]$_DFFE_PP_/Q -> u_input_buffer.mem[28][1]$_DFFE_PP_/D : -0.036830
[hold reg-reg] u_input_buffer.mem[28][2]$_DFFE_PP_/Q -> u_input_buffer.mem[28][2]$_DFFE_PP_/D : -0.036830
[hold reg-reg] u_input_buffer.mem[28][3]$_DFFE_PP_/Q -> u_input_buffer.mem[28][3]$_DFFE_PP_/D : -0.036830
[hold reg-reg] u_input_buffer.mem[28][4]$_DFFE_PP_/Q -> u_input_buffer.mem[28][4]$_DFFE_PP_/D : -0.036830
[hold reg-reg] u_input_buffer.mem[28][5]$_DFFE_PP_/Q -> u_input_buffer.mem[28][5]$_DFFE_PP_/D : -0.036830
[hold reg-reg] u_input_buffer.mem[28][6]$_DFFE_PP_/Q -> u_input_buffer.mem[28][6]$_DFFE_PP_/D : -0.036830
[hold reg-reg] u_input_buffer.mem[28][7]$_DFFE_PP_/Q -> u_input_buffer.mem[28][7]$_DFFE_PP_/D : -0.036830
[hold reg-reg] u_input_buffer.mem[29][0]$_DFFE_PP_/Q -> u_input_buffer.mem[29][0]$_DFFE_PP_/D : -0.036830
[hold reg-reg] u_input_buffer.mem[29][1]$_DFFE_PP_/Q -> u_input_buffer.mem[29][1]$_DFFE_PP_/D : -0.036830
[hold reg-reg] u_input_buffer.mem[29][2]$_DFFE_PP_/Q -> u_input_buffer.mem[29][2]$_DFFE_PP_/D : -0.036830
[hold reg-reg] u_input_buffer.mem[29][3]$_DFFE_PP_/Q -> u_input_buffer.mem[29][3]$_DFFE_PP_/D : -0.036830
[hold reg-reg] u_input_buffer.mem[29][4]$_DFFE_PP_/Q -> u_input_buffer.mem[29][4]$_DFFE_PP_/D : -0.036830
[hold reg-reg] u_input_buffer.mem[29][5]$_DFFE_PP_/Q -> u_input_buffer.mem[29][5]$_DFFE_PP_/D : -0.036830
[hold reg-reg] u_input_buffer.mem[29][6]$_DFFE_PP_/Q -> u_input_buffer.mem[29][6]$_DFFE_PP_/D : -0.036830
[hold reg-reg] u_input_buffer.mem[29][7]$_DFFE_PP_/Q -> u_input_buffer.mem[29][7]$_DFFE_PP_/D : -0.036830
[hold reg-reg] u_input_buffer.mem[30][0]$_DFFE_PP_/Q -> u_input_buffer.mem[30][0]$_DFFE_PP_/D : -0.036830
[hold reg-reg] u_input_buffer.mem[30][1]$_DFFE_PP_/Q -> u_input_buffer.mem[30][1]$_DFFE_PP_/D : -0.036830
[hold reg-reg] u_input_buffer.mem[30][2]$_DFFE_PP_/Q -> u_input_buffer.mem[30][2]$_DFFE_PP_/D : -0.036830
[hold reg-reg] u_input_buffer.mem[30][3]$_DFFE_PP_/Q -> u_input_buffer.mem[30][3]$_DFFE_PP_/D : -0.036830
[hold reg-reg] u_input_buffer.mem[30][4]$_DFFE_PP_/Q -> u_input_buffer.mem[30][4]$_DFFE_PP_/D : -0.036830
[hold reg-reg] u_input_buffer.mem[30][5]$_DFFE_PP_/Q -> u_input_buffer.mem[30][5]$_DFFE_PP_/D : -0.036830
[hold reg-reg] u_input_buffer.mem[30][6]$_DFFE_PP_/Q -> u_input_buffer.mem[30][6]$_DFFE_PP_/D : -0.036830
[hold reg-reg] u_input_buffer.mem[30][7]$_DFFE_PP_/Q -> u_input_buffer.mem[30][7]$_DFFE_PP_/D : -0.036830
[hold reg-reg] u_input_buffer.mem[4][0]$_DFFE_PP_/Q -> u_input_buffer.mem[4][0]$_DFFE_PP_/D : -0.036830
[hold reg-reg] u_input_buffer.mem[4][1]$_DFFE_PP_/Q -> u_input_buffer.mem[4][1]$_DFFE_PP_/D : -0.036830
[hold reg-reg] u_input_buffer.mem[4][2]$_DFFE_PP_/Q -> u_input_buffer.mem[4][2]$_DFFE_PP_/D : -0.036830
[hold reg-reg] u_input_buffer.mem[4][3]$_DFFE_PP_/Q -> u_input_buffer.mem[4][3]$_DFFE_PP_/D : -0.036830
[hold reg-reg] u_input_buffer.mem[4][4]$_DFFE_PP_/Q -> u_input_buffer.mem[4][4]$_DFFE_PP_/D : -0.036830
[hold reg-reg] u_input_buffer.mem[4][5]$_DFFE_PP_/Q -> u_input_buffer.mem[4][5]$_DFFE_PP_/D : -0.036830
[hold reg-reg] u_input_buffer.mem[4][6]$_DFFE_PP_/Q -> u_input_buffer.mem[4][6]$_DFFE_PP_/D : -0.036830
[hold reg-reg] u_input_buffer.mem[4][7]$_DFFE_PP_/Q -> u_input_buffer.mem[4][7]$_DFFE_PP_/D : -0.036830
[hold reg-reg] u_input_buffer.mem[5][0]$_DFFE_PP_/Q -> u_input_buffer.mem[5][0]$_DFFE_PP_/D : -0.036830
[hold reg-reg] u_input_buffer.mem[5][1]$_DFFE_PP_/Q -> u_input_buffer.mem[5][1]$_DFFE_PP_/D : -0.036830
[hold reg-reg] u_input_buffer.mem[5][2]$_DFFE_PP_/Q -> u_input_buffer.mem[5][2]$_DFFE_PP_/D : -0.036830
[hold reg-reg] u_input_buffer.mem[5][3]$_DFFE_PP_/Q -> u_input_buffer.mem[5][3]$_DFFE_PP_/D : -0.036830
[hold reg-reg] u_input_buffer.mem[5][4]$_DFFE_PP_/Q -> u_input_buffer.mem[5][4]$_DFFE_PP_/D : -0.036830
[hold reg-reg] u_input_buffer.mem[5][5]$_DFFE_PP_/Q -> u_input_buffer.mem[5][5]$_DFFE_PP_/D : -0.036830
[hold reg-reg] u_input_buffer.mem[5][6]$_DFFE_PP_/Q -> u_input_buffer.mem[5][6]$_DFFE_PP_/D : -0.036830
[hold reg-reg] u_input_buffer.mem[5][7]$_DFFE_PP_/Q -> u_input_buffer.mem[5][7]$_DFFE_PP_/D : -0.036830
[hold reg-reg] u_input_buffer.mem[6][0]$_DFFE_PP_/Q -> u_input_buffer.mem[6][0]$_DFFE_PP_/D : -0.036830
[hold reg-reg] u_input_buffer.mem[6][1]$_DFFE_PP_/Q -> u_input_buffer.mem[6][1]$_DFFE_PP_/D : -0.036830
[hold reg-reg] u_input_buffer.mem[6][2]$_DFFE_PP_/Q -> u_input_buffer.mem[6][2]$_DFFE_PP_/D : -0.036830
[hold reg-reg] u_input_buffer.mem[6][3]$_DFFE_PP_/Q -> u_input_buffer.mem[6][3]$_DFFE_PP_/D : -0.036830
[hold reg-reg] u_input_buffer.mem[6][4]$_DFFE_PP_/Q -> u_input_buffer.mem[6][4]$_DFFE_PP_/D : -0.036830
[hold reg-reg] u_input_buffer.mem[6][5]$_DFFE_PP_/Q -> u_input_buffer.mem[6][5]$_DFFE_PP_/D : -0.036830
[hold reg-reg] u_input_buffer.mem[6][6]$_DFFE_PP_/Q -> u_input_buffer.mem[6][6]$_DFFE_PP_/D : -0.036830
[hold reg-reg] u_input_buffer.mem[6][7]$_DFFE_PP_/Q -> u_input_buffer.mem[6][7]$_DFFE_PP_/D : -0.036830
[hold reg-reg] u_input_buffer.mem[7][0]$_DFFE_PP_/Q -> u_input_buffer.mem[7][0]$_DFFE_PP_/D : -0.036830
[hold reg-reg] u_input_buffer.mem[7][1]$_DFFE_PP_/Q -> u_input_buffer.mem[7][1]$_DFFE_PP_/D : -0.036830
[hold reg-reg] u_input_buffer.mem[7][3]$_DFFE_PP_/Q -> u_input_buffer.mem[7][3]$_DFFE_PP_/D : -0.036830
[hold reg-reg] u_input_buffer.mem[7][5]$_DFFE_PP_/Q -> u_input_buffer.mem[7][5]$_DFFE_PP_/D : -0.036830
[hold reg-reg] u_input_buffer.mem[7][6]$_DFFE_PP_/Q -> u_input_buffer.mem[7][6]$_DFFE_PP_/D : -0.036830
[hold reg-reg] u_input_buffer.mem[7][7]$_DFFE_PP_/Q -> u_input_buffer.mem[7][7]$_DFFE_PP_/D : -0.036830
[hold reg-reg] u_input_buffer.mem[15][5]$_DFFE_PP_/Q -> u_input_buffer.mem[15][5]$_DFFE_PP_/D : -0.036219
[hold reg-reg] u_input_buffer.mem[15][6]$_DFFE_PP_/Q -> u_input_buffer.mem[15][6]$_DFFE_PP_/D : -0.036219
[hold reg-reg] u_input_buffer.mem[19][7]$_DFFE_PP_/Q -> u_input_buffer.mem[19][7]$_DFFE_PP_/D : -0.036219
[hold reg-reg] u_input_buffer.mem[3][4]$_DFFE_PP_/Q -> u_input_buffer.mem[3][4]$_DFFE_PP_/D : -0.036219
[hold reg-reg] u_input_buffer.mem[7][2]$_DFFE_PP_/Q -> u_input_buffer.mem[7][2]$_DFFE_PP_/D : -0.036219
[hold reg-reg] u_ctrl.state[0]$_DFF_P_/Q -> u_ctrl.state[0]$_DFF_P_/D : -0.036042
[hold reg-reg] u_ctrl.res_idx_r[2]$_SDFFE_PP0P_/Q -> u_ctrl.res_idx_r[2]$_SDFFE_PP0P_/D : -0.024974
[hold reg-reg] u_mac_3.temp_res[17]$_SDFF_PP0_/Q -> u_mac_3.temp_res[17]$_SDFF_PP0_/D : -0.024112
[hold reg-reg] u_mac_3.temp_res[16]$_SDFF_PP0_/Q -> u_mac_3.temp_res[16]$_SDFF_PP0_/D : -0.023883
[hold reg-reg] ram_wrcnt[1]$_SDFFE_PP0P_/Q -> ram_wrcnt[1]$_SDFFE_PP0P_/D : -0.023528
[hold reg-reg] u_ctrl.state[1]$_DFF_P_/Q -> u_ctrl.col_j[0]$_SDFFE_PP0P_/D : -0.022011
[hold reg-reg] u_ctrl.input_cnt[1]$_SDFFE_PP0P_/Q -> u_ctrl.input_cnt[1]$_SDFFE_PP0P_/D : -0.020127
[hold reg-reg] u_mac_2.temp_res[15]$_SDFF_PP0_/Q -> u_mac_2.temp_res[15]$_SDFF_PP0_/D : -0.020080
[hold reg-reg] u_mac_4.temp_res[16]$_SDFF_PP0_/Q -> u_mac_4.temp_res[16]$_SDFF_PP0_/D : -0.019494
[hold reg-reg] u_mac_1.temp_res[16]$_SDFF_PP0_/Q -> u_mac_1.temp_res[16]$_SDFF_PP0_/D : -0.019108
[hold reg-reg] read_index[2]$_SDFFE_PP0P_/Q -> read_index[2]$_SDFFE_PP0P_/D : -0.018034
[hold reg-reg] u_mac_2.temp_res[17]$_SDFF_PP0_/Q -> u_mac_2.temp_res[17]$_SDFF_PP0_/D : -0.017809
[hold reg-reg] u_mac_1.temp_res[15]$_SDFF_PP0_/Q -> u_mac_1.temp_res[15]$_SDFF_PP0_/D : -0.017477
[hold reg-reg] u_mac_3.temp_res[0]$_SDFF_PP0_/Q -> u_mac_3.temp_res[1]$_SDFF_PP0_/D : -0.017358
[hold reg-reg] u_mac_2.temp_res[0]$_SDFF_PP0_/Q -> u_mac_2.temp_res[1]$_SDFF_PP0_/D : -0.016923
[hold reg-reg] u_ctrl.state[0]$_DFF_P_/Q -> u_ctrl.state[3]$_DFF_P_/D : -0.016818
[hold reg-reg] u_mac_4.temp_res[0]$_SDFF_PP0_/Q -> u_mac_4.temp_res[1]$_SDFF_PP0_/D : -0.016689
[hold reg-reg] read_data_out[0]$_SDFFE_PP0P_/Q -> read_data_out[0]$_SDFFE_PP0P_/D : -0.016104
[hold reg-reg] read_data_out[1]$_SDFFE_PP0P_/Q -> read_data_out[1]$_SDFFE_PP0P_/D : -0.016104
[hold reg-reg] read_data_out[2]$_SDFFE_PP0P_/Q -> read_data_out[2]$_SDFFE_PP0P_/D : -0.016104
[hold reg-reg] read_data_out[3]$_SDFFE_PP0P_/Q -> read_data_out[3]$_SDFFE_PP0P_/D : -0.016104
[hold reg-reg] read_data_out[4]$_SDFFE_PP0P_/Q -> read_data_out[4]$_SDFFE_PP0P_/D : -0.016104
[hold reg-reg] read_data_out[5]$_SDFFE_PP0P_/Q -> read_data_out[5]$_SDFFE_PP0P_/D : -0.016104
[hold reg-reg] read_data_out[6]$_SDFFE_PP0P_/Q -> read_data_out[6]$_SDFFE_PP0P_/D : -0.016104
[hold reg-reg] read_data_out[7]$_SDFFE_PP0P_/Q -> read_data_out[7]$_SDFFE_PP0P_/D : -0.016104
[hold reg-reg] u_ctrl.res_idx_r[8]$_SDFFE_PP0P_/Q -> u_ctrl.res_idx_r[8]$_SDFFE_PP0P_/D : -0.013992
[hold reg-reg] u_ctrl.state[4]$_DFF_P_/Q -> u_ctrl.k_cnt[1]$_SDFFE_PP0P_/D : -0.013161
[hold reg-reg] read_index[3]$_SDFFE_PP0P_/Q -> read_index[3]$_SDFFE_PP0P_/D : -0.011889
[hold reg-reg] u_ctrl.res_idx_r[5]$_SDFFE_PP0P_/Q -> u_ctrl.res_idx_r[5]$_SDFFE_PP0P_/D : -0.011478
[hold reg-reg] read_data_out[8]$_SDFFE_PP0P_/Q -> read_data_out[8]$_SDFFE_PP0P_/D : -0.010288
[hold reg-reg] ram_wrcnt[0]$_SDFFE_PP0P_/Q -> ram_wrcnt[0]$_SDFFE_PP0P_/D : -0.009381
[hold reg-reg] u_ctrl.res_idx_r[1]$_SDFFE_PP0P_/Q -> u_ctrl.res_idx_r[1]$_SDFFE_PP0P_/D : -0.008959
[hold reg-reg] u_ctrl.res_idx_r[3]$_SDFFE_PP0P_/Q -> u_ctrl.res_idx_r[3]$_SDFFE_PP0P_/D : -0.008873
[hold reg-reg] u_ctrl.res_idx_r[4]$_SDFFE_PP0P_/Q -> u_ctrl.res_idx_r[4]$_SDFFE_PP0P_/D : -0.008873
[hold reg-reg] u_ctrl.res_idx_r[7]$_SDFFE_PP0P_/Q -> u_ctrl.res_idx_r[7]$_SDFFE_PP0P_/D : -0.008873
[hold reg-reg] read_index[7]$_SDFFE_PP0P_/Q -> read_index[7]$_SDFFE_PP0P_/D : -0.007495
[hold reg-reg] u_ctrl.state[4]$_DFF_P_/Q -> u_ctrl.k_cnt[0]$_SDFFE_PP0P_/D : -0.007312
[hold reg-reg] u_ctrl.state[4]$_DFF_P_/Q -> u_ctrl.k_cnt[2]$_SDFFE_PP0P_/D : -0.007289
[hold reg-reg] u_mac_1.temp_res[0]$_SDFF_PP0_/Q -> u_mac_1.temp_res[0]$_SDFF_PP0_/D : -0.005023
[hold reg-reg] read_index[8]$_SDFFE_PP0P_/Q -> read_index[8]$_SDFFE_PP0P_/D : -0.000723
