
===========================================================================
report_checks -unconstrained
===========================================================================
======================= nom_typ_1p20V_25C Corner ===================================

Startpoint: u_ctrl.k_cnt[1]$_SDFFE_PP0P_
            (rising edge-triggered flip-flop clocked by clk)
Endpoint: u_mac_1.temp_res[17]$_SDFF_PP0_
          (rising edge-triggered flip-flop clocked by clk)
Path Group: clk
Path Type: max

Fanout         Cap        Slew       Delay        Time   Description
---------------------------------------------------------------------------------------------
                                  0.000000    0.000000   clock clk (rise edge)
                                  0.000000    0.000000   clock source latency
     2    0.094379    0.105969    0.080275    0.080275 ^ clk (in)
                                                         clk (net)
                      0.107755    0.000000    0.080275 ^ clkbuf_regs_0_clk/A (sg13g2_buf_8)
     1    0.009124    0.022582    0.100464    0.180739 ^ clkbuf_regs_0_clk/X (sg13g2_buf_8)
                                                         clk_regs (net)
                      0.022582    0.000013    0.180752 ^ clkbuf_0_clk_regs/A (sg13g2_buf_8)
     8    0.133735    0.077801    0.108434    0.289185 ^ clkbuf_0_clk_regs/X (sg13g2_buf_8)
                                                         clknet_0_clk_regs (net)
                      0.077813    0.000812    0.289997 ^ clkbuf_3_4__f_clk_regs/A (sg13g2_buf_8)
     7    0.110648    0.067548    0.127245    0.417243 ^ clkbuf_3_4__f_clk_regs/X (sg13g2_buf_8)
                                                         clknet_3_4__leaf_clk_regs (net)
                      0.067649    0.001632    0.418875 ^ clkbuf_leaf_39_clk_regs/A (sg13g2_buf_8)
     8    0.038087    0.033252    0.094267    0.513142 ^ clkbuf_leaf_39_clk_regs/X (sg13g2_buf_8)
                                                         clknet_leaf_39_clk_regs (net)
                      0.033252    0.000136    0.513278 ^ u_ctrl.k_cnt[1]$_SDFFE_PP0P_/CLK (sg13g2_dfrbpq_2)
     2    0.018338    0.049697    0.201675    0.714953 ^ u_ctrl.k_cnt[1]$_SDFFE_PP0P_/Q (sg13g2_dfrbpq_2)
                                                         u_ctrl.k_cnt[1] (net)
                      0.049697    0.000038    0.714991 ^ fanout808/A (sg13g2_buf_8)
     8    0.035026    0.031142    0.084303    0.799294 ^ fanout808/X (sg13g2_buf_8)
                                                         net808 (net)
                      0.031143    0.000172    0.799466 ^ _3678_/A_N (sg13g2_nand2b_2)
     5    0.016883    0.050203    0.097959    0.897424 ^ _3678_/Y (sg13g2_nand2b_2)
                                                         _0765_ (net)
                      0.050203    0.000036    0.897461 ^ _3682_/B (sg13g2_nand3_1)
     2    0.007552    0.088600    0.104411    1.001871 v _3682_/Y (sg13g2_nand3_1)
                                                         _0769_ (net)
                      0.088600    0.000033    1.001904 v _3843_/A2 (sg13g2_a221oi_1)
     8    0.042521    0.576301    0.514322    1.516226 ^ _3843_/Y (sg13g2_a221oi_1)
                                                         _0929_ (net)
                      0.576304    0.001194    1.517420 ^ _3845_/B (sg13g2_nor2_2)
     3    0.018359    0.133411    0.164930    1.682350 v _3845_/Y (sg13g2_nor2_2)
                                                         _0931_ (net)
                      0.133411    0.000032    1.682382 v fanout586/A (sg13g2_buf_8)
     8    0.056572    0.039104    0.131040    1.813422 v fanout586/X (sg13g2_buf_8)
                                                         net586 (net)
                      0.039600    0.003347    1.816769 v _3941_/B (sg13g2_nor2_1)
     2    0.009592    0.099315    0.093686    1.910455 ^ _3941_/Y (sg13g2_nor2_1)
                                                         _1027_ (net)
                      0.099315    0.000005    1.910460 ^ _3946_/A (sg13g2_xor2_1)
     3    0.012744    0.135588    0.179358    2.089818 ^ _3946_/X (sg13g2_xor2_1)
                                                         _1032_ (net)
                      0.135588    0.000041    2.089859 ^ _3960_/B (sg13g2_xnor2_1)
     2    0.009761    0.124879    0.142701    2.232560 ^ _3960_/Y (sg13g2_xnor2_1)
                                                         _1046_ (net)
                      0.124879    0.000024    2.232584 ^ _3969_/A (sg13g2_xor2_1)
     2    0.009728    0.114155    0.169586    2.402170 ^ _3969_/X (sg13g2_xor2_1)
                                                         _1055_ (net)
                      0.114155    0.000022    2.402192 ^ _3984_/B (sg13g2_xor2_1)
     2    0.009182    0.111390    0.158740    2.560932 ^ _3984_/X (sg13g2_xor2_1)
                                                         _1070_ (net)
                      0.111390    0.000026    2.560958 ^ _3987_/B (sg13g2_xnor2_1)
     2    0.009985    0.122674    0.136567    2.697525 ^ _3987_/Y (sg13g2_xnor2_1)
                                                         _1073_ (net)
                      0.122674    0.000032    2.697557 ^ _3991_/B (sg13g2_xor2_1)
     2    0.010800    0.121049    0.170505    2.868061 ^ _3991_/X (sg13g2_xor2_1)
                                                         _1077_ (net)
                      0.121049    0.000034    2.868095 ^ _3997_/A (sg13g2_nand2_1)
     2    0.010322    0.085462    0.106865    2.974960 v _3997_/Y (sg13g2_nand2_1)
                                                         _1083_ (net)
                      0.085462    0.000025    2.974985 v _4000_/A1 (sg13g2_o21ai_1)
     3    0.014718    0.175718    0.189303    3.164288 ^ _4000_/Y (sg13g2_o21ai_1)
                                                         _1086_ (net)
                      0.175718    0.000065    3.164353 ^ _4026_/A (sg13g2_xor2_1)
     2    0.009368    0.116139    0.183509    3.347862 ^ _4026_/X (sg13g2_xor2_1)
                                                         _1112_ (net)
                      0.116139    0.000032    3.347893 ^ _4051_/B (sg13g2_xor2_1)
     3    0.011767    0.125785    0.174365    3.522259 ^ _4051_/X (sg13g2_xor2_1)
                                                         _1137_ (net)
                      0.125785    0.000039    3.522298 ^ _4052_/A2 (sg13g2_a21oi_1)
     3    0.013240    0.111044    0.138684    3.660982 v _4052_/Y (sg13g2_a21oi_1)
                                                         _1138_ (net)
                      0.111044    0.000112    3.661094 v _4054_/A1 (sg13g2_o21ai_1)
     4    0.014303    0.179285    0.195252    3.856346 ^ _4054_/Y (sg13g2_o21ai_1)
                                                         _1140_ (net)
                      0.179285    0.000045    3.856391 ^ _4057_/B1 (sg13g2_a221oi_1)
     2    0.007550    0.108399    0.134517    3.990909 v _4057_/Y (sg13g2_a221oi_1)
                                                         _1143_ (net)
                      0.108399    0.000024    3.990932 v _4059_/C (sg13g2_or3_1)
     4    0.013045    0.064266    0.185423    4.176355 v _4059_/X (sg13g2_or3_1)
                                                         _1145_ (net)
                      0.064266    0.000056    4.176411 v _4108_/B2 (sg13g2_a221oi_1)
     1    0.004218    0.123870    0.153091    4.329502 ^ _4108_/Y (sg13g2_a221oi_1)
                                                         _1192_ (net)
                      0.123870    0.000011    4.329513 ^ _4130_/A1 (sg13g2_o21ai_1)
     3    0.011181    0.090181    0.128123    4.457636 v _4130_/Y (sg13g2_o21ai_1)
                                                         _1212_ (net)
                      0.090181    0.000052    4.457687 v _4133_/A2 (sg13g2_o21ai_1)
     3    0.010028    0.140545    0.151409    4.609096 ^ _4133_/Y (sg13g2_o21ai_1)
                                                         _1214_ (net)
                      0.140545    0.000022    4.609118 ^ _4135_/B (sg13g2_and2_1)
     3    0.010856    0.057100    0.144661    4.753779 ^ _4135_/X (sg13g2_and2_1)
                                                         _1216_ (net)
                      0.057100    0.000057    4.753836 ^ _4140_/A2 (sg13g2_a21oi_1)
     1    0.004099    0.048519    0.071598    4.825434 v _4140_/Y (sg13g2_a21oi_1)
                                                         _1219_ (net)
                      0.048519    0.000014    4.825448 v _4142_/B (sg13g2_nor3_1)
     1    0.003477    0.083853    0.103108    4.928556 ^ _4142_/Y (sg13g2_nor3_1)
                                                         _0312_ (net)
                      0.083853    0.000019    4.928575 ^ u_mac_1.temp_res[17]$_SDFF_PP0_/D (sg13g2_dfrbpq_2)
                                              4.928575   data arrival time

                                 10.000000   10.000000   clock clk (rise edge)
                                  0.000000   10.000000   clock source latency
     2    0.094379    0.105969    0.080275   10.080276 ^ clk (in)
                                                         clk (net)
                      0.107755    0.000000   10.080276 ^ clkbuf_regs_0_clk/A (sg13g2_buf_8)
     1    0.009124    0.022582    0.100464   10.180739 ^ clkbuf_regs_0_clk/X (sg13g2_buf_8)
                                                         clk_regs (net)
                      0.022582    0.000012   10.180752 ^ clkbuf_0_clk_regs/A (sg13g2_buf_8)
     8    0.133735    0.077801    0.108434   10.289186 ^ clkbuf_0_clk_regs/X (sg13g2_buf_8)
                                                         clknet_0_clk_regs (net)
                      0.077813    0.000812   10.289998 ^ clkbuf_3_4__f_clk_regs/A (sg13g2_buf_8)
     7    0.110648    0.067548    0.127245   10.417242 ^ clkbuf_3_4__f_clk_regs/X (sg13g2_buf_8)
                                                         clknet_3_4__leaf_clk_regs (net)
                      0.067601    0.000701   10.417943 ^ clkbuf_leaf_11_clk_regs/A (sg13g2_buf_8)
     8    0.036870    0.032721    0.093766   10.511709 ^ clkbuf_leaf_11_clk_regs/X (sg13g2_buf_8)
                                                         clknet_leaf_11_clk_regs (net)
                      0.032721    0.000080   10.511789 ^ u_mac_1.temp_res[17]$_SDFF_PP0_/CLK (sg13g2_dfrbpq_2)
                                 -0.250000   10.261789   clock uncertainty
                                  0.000000   10.261789   clock reconvergence pessimism
                                 -0.131263   10.130526   library setup time
                                             10.130526   data required time
---------------------------------------------------------------------------------------------
                                             10.130526   data required time
                                             -4.928575   data arrival time
---------------------------------------------------------------------------------------------
                                              5.201952   slack (MET)




===========================================================================
report_checks --slack_max -0.01
============================================================================
======================= nom_typ_1p20V_25C Corner ===================================

No paths found.


===========================================================================
 report_check_types -max_slew -max_cap -max_fanout -violators
============================================================================
======================= nom_typ_1p20V_25C Corner ===================================



===========================================================================
report_parasitic_annotation -report_unannotated
============================================================================
Found 25 unannotated drivers.
 clkload0/X
 clkload1/X
 clkload10/Y
 clkload2/X
 clkload3/X
 clkload4/X
 clkload5/Y
 clkload6/X
 clkload7/Y
 clkload8/Y
 clkload9/Y
 u_ram/A_DOUT[18]
 u_ram/A_DOUT[19]
 u_ram/A_DOUT[20]
 u_ram/A_DOUT[21]
 u_ram/A_DOUT[22]
 u_ram/A_DOUT[23]
 u_ram/A_DOUT[24]
 u_ram/A_DOUT[25]
 u_ram/A_DOUT[26]
 u_ram/A_DOUT[27]
 u_ram/A_DOUT[28]
 u_ram/A_DOUT[29]
 u_ram/A_DOUT[30]
 u_ram/A_DOUT[31]
Found 0 partially unannotated drivers.

===========================================================================
max slew violation count 0
Writing metric design__max_slew_violation__count__corner:nom_typ_1p20V_25C: 0
max fanout violation count 0
Writing metric design__max_fanout_violation__count__corner:nom_typ_1p20V_25C: 0
max cap violation count 0
Writing metric design__max_cap_violation__count__corner:nom_typ_1p20V_25C: 0
============================================================================

===========================================================================
check_setup -verbose -unconstrained_endpoints -multiple_clock -no_clock -no_input_delay -loops -generated_clocks
===========================================================================
